episode #0 ends after 18 steps
episode #1 ends after 15 steps
episode #2 ends after 20 steps
episode #3 ends after 17 steps
episode #4 ends after 17 steps
episode #5 ends after 2 steps
episode #6 ends after 38 steps
episode #7 ends after 11 steps
episode #8 ends after 10 steps
episode #9 ends after 2 steps
episode #10 ends after 3 steps
episode #11 ends after 15 steps
episode #12 ends after 11 steps
episode #13 ends after 14 steps
episode #14 ends after 11 steps
episode #15 ends after 4 steps
episode #16 ends after 4 steps
episode #17 ends after 5 steps
episode #18 ends after 22 steps
episode #19 ends after 1 steps
episode #20 ends after 8 steps
episode #21 ends after 3 steps
episode #22 ends after 5 steps
episode #23 ends after 25 steps
episode #24 ends after 6 steps
episode #25 ends after 9 steps
episode #26 ends after 72 steps
episode #27 ends after 55 steps
episode #28 ends after 26 steps
episode #29 ends after 6 steps
episode #30 ends after 5 steps
episode #31 ends after 11 steps
episode #32 ends after 6 steps
episode #33 ends after 1 steps
episode #34 ends after 3 steps
episode #35 ends after 5 steps
episode #36 ends after 10 steps
episode #37 ends after 14 steps
episode #38 ends after 24 steps
episode #39 ends after 26 steps
episode #40 ends after 10 steps
episode #41 ends after 12 steps
episode #42 ends after 9 steps
episode #43 ends after 2 steps
episode #44 ends after 4 steps
episode #45 ends after 6 steps
episode #46 ends after 15 steps
episode #47 ends after 11 steps
episode #48 ends after 22 steps
episode #49 ends after 7 steps
episode #50 ends after 22 steps
episode #51 ends after 5 steps
episode #52 ends after 11 steps
episode #53 ends after 22 steps
episode #54 ends after 19 steps
episode #55 ends after 12 steps
episode #56 ends after 3 steps
episode #57 ends after 9 steps
episode #58 ends after 21 steps
episode #59 ends after 9 steps
episode #60 ends after 15 steps
episode #61 ends after 7 steps
episode #62 ends after 17 steps
episode #63 ends after 2 steps
episode #64 ends after 12 steps
episode #65 ends after 24 steps
episode #66 ends after 8 steps
episode #67 ends after 2 steps
episode #68 ends after 7 steps
episode #69 ends after 6 steps
episode #70 ends after 5 steps
episode #71 ends after 4 steps
episode #72 ends after 9 steps
episode #73 ends after 14 steps
episode #74 ends after 9 steps
episode #75 ends after 6 steps
episode #76 ends after 15 steps
episode #77 ends after 22 steps
episode #78 ends after 19 steps
episode #79 ends after 4 steps
episode #80 ends after 4 steps
episode #81 ends after 8 steps
episode #82 ends after 8 steps
episode #83 ends after 7 steps
episode #84 ends after 12 steps
episode #85 ends after 3 steps
episode #86 ends after 24 steps
episode #87 ends after 12 steps
episode #88 ends after 18 steps
episode #89 ends after 5 steps
episode #90 ends after 6 steps
episode #91 ends after 9 steps
episode #92 ends after 14 steps
episode #93 ends after 21 steps
episode #94 ends after 14 steps
episode #95 ends after 7 steps
episode #96 ends after 15 steps
episode #97 ends after 6 steps
episode #98 ends after 22 steps
episode #99 ends after 4 steps
episode #100 ends after 9 steps
episode #101 ends after 8 steps
episode #102 ends after 4 steps
episode #103 ends after 2 steps
episode #104 ends after 4 steps
episode #105 ends after 15 steps
episode #106 ends after 11 steps
episode #107 ends after 13 steps
episode #108 ends after 12 steps
episode #109 ends after 10 steps
episode #110 ends after 6 steps
episode #111 ends after 14 steps
episode #112 ends after 5 steps
episode #113 ends after 5 steps
episode #114 ends after 4 steps
episode #115 ends after 21 steps
episode #116 ends after 9 steps
episode #117 ends after 2 steps
episode #118 ends after 28 steps
episode #119 ends after 30 steps
episode #120 ends after 15 steps
episode #121 ends after 4 steps
episode #122 ends after 16 steps
episode #123 ends after 2 steps
episode #124 ends after 16 steps
episode #125 ends after 13 steps
episode #126 ends after 4 steps
episode #127 ends after 36 steps
episode #128 ends after 10 steps
episode #129 ends after 2 steps
episode #130 ends after 22 steps
episode #131 ends after 37 steps
episode #132 ends after 4 steps
episode #133 ends after 11 steps
episode #134 ends after 20 steps
episode #135 ends after 3 steps
episode #136 ends after 3 steps
episode #137 ends after 10 steps
episode #138 ends after 14 steps
episode #139 ends after 5 steps
episode #140 ends after 20 steps
episode #141 ends after 15 steps
episode #142 ends after 13 steps
episode #143 ends after 18 steps
episode #144 ends after 20 steps
episode #145 ends after 10 steps
episode #146 ends after 1 steps
episode #147 ends after 3 steps
episode #148 ends after 26 steps
episode #149 ends after 20 steps
episode #150 ends after 14 steps
episode #151 ends after 5 steps
episode #152 ends after 13 steps
episode #153 ends after 10 steps
episode #154 ends after 5 steps
episode #155 ends after 4 steps
episode #156 ends after 15 steps
episode #157 ends after 4 steps
episode #158 ends after 4 steps
episode #159 ends after 15 steps
episode #160 ends after 8 steps
episode #161 ends after 2 steps
episode #162 ends after 4 steps
episode #163 ends after 9 steps
episode #164 ends after 19 steps
episode #165 ends after 3 steps
episode #166 ends after 2 steps
episode #167 ends after 5 steps
episode #168 ends after 25 steps
episode #169 ends after 8 steps
episode #170 ends after 7 steps
episode #171 ends after 15 steps
episode #172 ends after 2 steps
episode #173 ends after 3 steps
episode #174 ends after 2 steps
episode #175 ends after 45 steps
episode #176 ends after 9 steps
episode #177 ends after 4 steps
episode #178 ends after 12 steps
episode #179 ends after 26 steps
episode #180 ends after 6 steps
episode #181 ends after 4 steps
episode #182 ends after 12 steps
episode #183 ends after 4 steps
episode #184 ends after 14 steps
episode #185 ends after 2 steps
episode #186 ends after 34 steps
episode #187 ends after 19 steps
episode #188 ends after 7 steps
episode #189 ends after 15 steps
episode #190 ends after 4 steps
episode #191 ends after 14 steps
episode #192 ends after 3 steps
episode #193 ends after 2 steps
episode #194 ends after 8 steps
episode #195 ends after 5 steps
episode #196 ends after 8 steps
episode #197 ends after 5 steps
episode #198 ends after 20 steps
episode #199 ends after 19 steps
episode #200 ends after 20 steps
episode #201 ends after 1 steps
episode #202 ends after 8 steps
episode #203 ends after 3 steps
episode #204 ends after 16 steps
episode #205 ends after 3 steps
episode #206 ends after 14 steps
episode #207 ends after 11 steps
episode #208 ends after 10 steps
episode #209 ends after 17 steps
episode #210 ends after 6 steps
episode #211 ends after 5 steps
episode #212 ends after 10 steps
episode #213 ends after 12 steps
episode #214 ends after 7 steps
episode #215 ends after 7 steps
episode #216 ends after 3 steps
episode #217 ends after 5 steps
episode #218 ends after 5 steps
episode #219 ends after 3 steps
episode #220 ends after 5 steps
episode #221 ends after 6 steps
episode #222 ends after 10 steps
episode #223 ends after 7 steps
episode #224 ends after 24 steps
episode #225 ends after 11 steps
episode #226 ends after 14 steps
episode #227 ends after 3 steps
episode #228 ends after 4 steps
episode #229 ends after 4 steps
episode #230 ends after 9 steps
episode #231 ends after 4 steps
episode #232 ends after 18 steps
episode #233 ends after 8 steps
episode #234 ends after 6 steps
episode #235 ends after 14 steps
episode #236 ends after 11 steps
episode #237 ends after 4 steps
episode #238 ends after 33 steps
episode #239 ends after 11 steps
episode #240 ends after 11 steps
episode #241 ends after 9 steps
episode #242 ends after 6 steps
episode #243 ends after 12 steps
episode #244 ends after 10 steps
episode #245 ends after 12 steps
episode #246 ends after 6 steps
episode #247 ends after 7 steps
episode #248 ends after 6 steps
episode #249 ends after 4 steps
evaluation: FloorPlan1 {'object': 'Bowl'}
mean episode reward: 0.18
mean episode length: 11.12
mean episode collision: 5.31
episode success: 4.00%
episode SPL: 0.014
episode > 5 success: 0.00%
episode SPL > 5: 0.000
nb episode > 5: 176

episode #0 ends after 18 steps
episode #1 ends after 11 steps
episode #2 ends after 105 steps
episode #3 ends after 3 steps
episode #4 ends after 12 steps
episode #5 ends after 52 steps
episode #6 ends after 20 steps
episode #7 ends after 37 steps
episode #8 ends after 26 steps
episode #9 ends after 28 steps
episode #10 ends after 47 steps
episode #11 ends after 18 steps
episode #12 ends after 32 steps
episode #13 ends after 47 steps
episode #14 ends after 13 steps
episode #15 ends after 55 steps
episode #16 ends after 28 steps
episode #17 ends after 20 steps
episode #18 ends after 17 steps
episode #19 ends after 11 steps
episode #20 ends after 25 steps
episode #21 ends after 20 steps
episode #22 ends after 42 steps
episode #23 ends after 3 steps
episode #24 ends after 30 steps
episode #25 ends after 27 steps
episode #26 ends after 37 steps
episode #27 ends after 18 steps
episode #28 ends after 17 steps
episode #29 ends after 43 steps
episode #30 ends after 117 steps
episode #31 ends after 7 steps
episode #32 ends after 41 steps
episode #33 ends after 39 steps
episode #34 ends after 27 steps
episode #35 ends after 49 steps
episode #36 ends after 22 steps
episode #37 ends after 9 steps
episode #38 ends after 13 steps
episode #39 ends after 27 steps
episode #40 ends after 25 steps
episode #41 ends after 22 steps
episode #42 ends after 36 steps
episode #43 ends after 37 steps
episode #44 ends after 6 steps
episode #45 ends after 27 steps
episode #46 ends after 44 steps
episode #47 ends after 21 steps
episode #48 ends after 27 steps
episode #49 ends after 47 steps
episode #50 ends after 54 steps
episode #51 ends after 13 steps
episode #52 ends after 31 steps
episode #53 ends after 29 steps
episode #54 ends after 40 steps
episode #55 ends after 4 steps
episode #56 ends after 67 steps
episode #57 ends after 37 steps
episode #58 ends after 83 steps
episode #59 ends after 14 steps
episode #60 ends after 15 steps
episode #61 ends after 20 steps
episode #62 ends after 32 steps
episode #63 ends after 67 steps
episode #64 ends after 12 steps
episode #65 ends after 20 steps
episode #66 ends after 18 steps
episode #67 ends after 23 steps
episode #68 ends after 4 steps
episode #69 ends after 22 steps
episode #70 ends after 25 steps
episode #71 ends after 108 steps
episode #72 ends after 81 steps
episode #73 ends after 33 steps
episode #74 ends after 27 steps
episode #75 ends after 10 steps
episode #76 ends after 61 steps
episode #77 ends after 79 steps
episode #78 ends after 32 steps
episode #79 ends after 23 steps
episode #80 ends after 4 steps
episode #81 ends after 38 steps
episode #82 ends after 78 steps
episode #83 ends after 26 steps
episode #84 ends after 11 steps
episode #85 ends after 28 steps
episode #86 ends after 34 steps
episode #87 ends after 40 steps
episode #88 ends after 24 steps
episode #89 ends after 35 steps
episode #90 ends after 27 steps
episode #91 ends after 26 steps
episode #92 ends after 10 steps
episode #93 ends after 42 steps
episode #94 ends after 60 steps
episode #95 ends after 42 steps
episode #96 ends after 35 steps
episode #97 ends after 72 steps
episode #98 ends after 28 steps
episode #99 ends after 36 steps
episode #100 ends after 10 steps
episode #101 ends after 17 steps
episode #102 ends after 50 steps
episode #103 ends after 39 steps
episode #104 ends after 46 steps
episode #105 ends after 22 steps
episode #106 ends after 9 steps
episode #107 ends after 51 steps
episode #108 ends after 42 steps
episode #109 ends after 4 steps
episode #110 ends after 37 steps
episode #111 ends after 61 steps
episode #112 ends after 39 steps
episode #113 ends after 104 steps
episode #114 ends after 12 steps
episode #115 ends after 16 steps
episode #116 ends after 27 steps
episode #117 ends after 29 steps
episode #118 ends after 44 steps
episode #119 ends after 51 steps
episode #120 ends after 9 steps
episode #121 ends after 46 steps
episode #122 ends after 3 steps
episode #123 ends after 11 steps
episode #124 ends after 37 steps
episode #125 ends after 2 steps
episode #126 ends after 24 steps
episode #127 ends after 3 steps
episode #128 ends after 23 steps
episode #129 ends after 4 steps
episode #130 ends after 57 steps
episode #131 ends after 25 steps
episode #132 ends after 34 steps
episode #133 ends after 32 steps
episode #134 ends after 36 steps
episode #135 ends after 17 steps
episode #136 ends after 41 steps
episode #137 ends after 12 steps
episode #138 ends after 41 steps
episode #139 ends after 21 steps
episode #140 ends after 104 steps
episode #141 ends after 107 steps
episode #142 ends after 14 steps
episode #143 ends after 115 steps
episode #144 ends after 81 steps
episode #145 ends after 15 steps
episode #146 ends after 16 steps
episode #147 ends after 17 steps
episode #148 ends after 3 steps
episode #149 ends after 28 steps
episode #150 ends after 21 steps
episode #151 ends after 19 steps
episode #152 ends after 28 steps
episode #153 ends after 25 steps
episode #154 ends after 21 steps
episode #155 ends after 29 steps
episode #156 ends after 42 steps
episode #157 ends after 17 steps
episode #158 ends after 7 steps
episode #159 ends after 20 steps
episode #160 ends after 18 steps
episode #161 ends after 18 steps
episode #162 ends after 19 steps
episode #163 ends after 91 steps
episode #164 ends after 13 steps
episode #165 ends after 19 steps
episode #166 ends after 46 steps
episode #167 ends after 17 steps
episode #168 ends after 33 steps
episode #169 ends after 8 steps
episode #170 ends after 13 steps
episode #171 ends after 30 steps
episode #172 ends after 28 steps
episode #173 ends after 67 steps
episode #174 ends after 58 steps
episode #175 ends after 57 steps
episode #176 ends after 56 steps
episode #177 ends after 81 steps
episode #178 ends after 7 steps
episode #179 ends after 23 steps
episode #180 ends after 67 steps
episode #181 ends after 25 steps
episode #182 ends after 50 steps
episode #183 ends after 24 steps
episode #184 ends after 54 steps
episode #185 ends after 34 steps
episode #186 ends after 65 steps
episode #187 ends after 52 steps
episode #188 ends after 57 steps
episode #189 ends after 30 steps
episode #190 ends after 18 steps
episode #191 ends after 24 steps
episode #192 ends after 53 steps
episode #193 ends after 37 steps
episode #194 ends after 41 steps
episode #195 ends after 8 steps
episode #196 ends after 32 steps
episode #197 ends after 21 steps
episode #198 ends after 64 steps
episode #199 ends after 27 steps
episode #200 ends after 22 steps
episode #201 ends after 29 steps
episode #202 ends after 12 steps
episode #203 ends after 50 steps
episode #204 ends after 23 steps
episode #205 ends after 27 steps
episode #206 ends after 33 steps
episode #207 ends after 30 steps
episode #208 ends after 13 steps
episode #209 ends after 39 steps
episode #210 ends after 19 steps
episode #211 ends after 41 steps
episode #212 ends after 19 steps
episode #213 ends after 43 steps
episode #214 ends after 17 steps
episode #215 ends after 30 steps
episode #216 ends after 79 steps
episode #217 ends after 20 steps
episode #218 ends after 25 steps
episode #219 ends after 20 steps
episode #220 ends after 17 steps
episode #221 ends after 132 steps
episode #222 ends after 25 steps
episode #223 ends after 28 steps
episode #224 ends after 40 steps
episode #225 ends after 35 steps
episode #226 ends after 48 steps
episode #227 ends after 56 steps
episode #228 ends after 18 steps
episode #229 ends after 25 steps
episode #230 ends after 18 steps
episode #231 ends after 5 steps
episode #232 ends after 12 steps
episode #233 ends after 29 steps
episode #234 ends after 49 steps
episode #235 ends after 20 steps
episode #236 ends after 21 steps
episode #237 ends after 4 steps
episode #238 ends after 37 steps
episode #239 ends after 31 steps
episode #240 ends after 6 steps
episode #241 ends after 23 steps
episode #242 ends after 29 steps
episode #243 ends after 17 steps
episode #244 ends after 31 steps
episode #245 ends after 21 steps
episode #246 ends after 38 steps
episode #247 ends after 24 steps
episode #248 ends after 21 steps
episode #249 ends after 46 steps
evaluation: FloorPlan1 {'object': 'Microwave'}
mean episode reward: 1.23
mean episode length: 32.74
mean episode collision: 24.63
episode success: 14.40%
episode SPL: 0.030
episode > 5 success: 3.65%
episode SPL > 5: 0.005
nb episode > 5: 137

episode #0 ends after 5 steps
episode #1 ends after 17 steps
episode #2 ends after 17 steps
episode #3 ends after 6 steps
episode #4 ends after 14 steps
episode #5 ends after 17 steps
episode #6 ends after 10 steps
episode #7 ends after 9 steps
episode #8 ends after 10 steps
episode #9 ends after 7 steps
episode #10 ends after 6 steps
episode #11 ends after 17 steps
episode #12 ends after 10 steps
episode #13 ends after 4 steps
episode #14 ends after 13 steps
episode #15 ends after 9 steps
episode #16 ends after 9 steps
episode #17 ends after 9 steps
episode #18 ends after 3 steps
episode #19 ends after 20 steps
episode #20 ends after 8 steps
episode #21 ends after 20 steps
episode #22 ends after 19 steps
episode #23 ends after 11 steps
episode #24 ends after 5 steps
episode #25 ends after 9 steps
episode #26 ends after 11 steps
episode #27 ends after 3 steps
episode #28 ends after 4 steps
episode #29 ends after 4 steps
episode #30 ends after 15 steps
episode #31 ends after 3 steps
episode #32 ends after 11 steps
episode #33 ends after 4 steps
episode #34 ends after 5 steps
episode #35 ends after 4 steps
episode #36 ends after 3 steps
episode #37 ends after 18 steps
episode #38 ends after 11 steps
episode #39 ends after 19 steps
episode #40 ends after 6 steps
episode #41 ends after 9 steps
episode #42 ends after 20 steps
episode #43 ends after 8 steps
episode #44 ends after 3 steps
episode #45 ends after 4 steps
episode #46 ends after 12 steps
episode #47 ends after 4 steps
episode #48 ends after 9 steps
episode #49 ends after 8 steps
episode #50 ends after 4 steps
episode #51 ends after 15 steps
episode #52 ends after 7 steps
episode #53 ends after 5 steps
episode #54 ends after 9 steps
episode #55 ends after 6 steps
episode #56 ends after 12 steps
episode #57 ends after 4 steps
episode #58 ends after 17 steps
episode #59 ends after 6 steps
episode #60 ends after 17 steps
episode #61 ends after 8 steps
episode #62 ends after 6 steps
episode #63 ends after 14 steps
episode #64 ends after 2 steps
episode #65 ends after 6 steps
episode #66 ends after 9 steps
episode #67 ends after 6 steps
episode #68 ends after 8 steps
episode #69 ends after 18 steps
episode #70 ends after 16 steps
episode #71 ends after 7 steps
episode #72 ends after 3 steps
episode #73 ends after 4 steps
episode #74 ends after 14 steps
episode #75 ends after 4 steps
episode #76 ends after 9 steps
episode #77 ends after 15 steps
episode #78 ends after 10 steps
episode #79 ends after 14 steps
episode #80 ends after 9 steps
episode #81 ends after 11 steps
episode #82 ends after 10 steps
episode #83 ends after 1 steps
episode #84 ends after 11 steps
episode #85 ends after 7 steps
episode #86 ends after 12 steps
episode #87 ends after 2 steps
episode #88 ends after 4 steps
episode #89 ends after 10 steps
episode #90 ends after 1 steps
episode #91 ends after 12 steps
episode #92 ends after 5 steps
episode #93 ends after 4 steps
episode #94 ends after 9 steps
episode #95 ends after 1 steps
episode #96 ends after 24 steps
episode #97 ends after 11 steps
episode #98 ends after 8 steps
episode #99 ends after 12 steps
episode #100 ends after 11 steps
episode #101 ends after 4 steps
episode #102 ends after 16 steps
episode #103 ends after 3 steps
episode #104 ends after 11 steps
episode #105 ends after 12 steps
episode #106 ends after 12 steps
episode #107 ends after 8 steps
episode #108 ends after 3 steps
episode #109 ends after 3 steps
episode #110 ends after 4 steps
episode #111 ends after 15 steps
episode #112 ends after 14 steps
episode #113 ends after 7 steps
episode #114 ends after 20 steps
episode #115 ends after 6 steps
episode #116 ends after 7 steps
episode #117 ends after 3 steps
episode #118 ends after 7 steps
episode #119 ends after 10 steps
episode #120 ends after 5 steps
episode #121 ends after 9 steps
episode #122 ends after 5 steps
episode #123 ends after 3 steps
episode #124 ends after 2 steps
episode #125 ends after 5 steps
episode #126 ends after 10 steps
episode #127 ends after 3 steps
episode #128 ends after 4 steps
episode #129 ends after 4 steps
episode #130 ends after 3 steps
episode #131 ends after 8 steps
episode #132 ends after 20 steps
episode #133 ends after 11 steps
episode #134 ends after 8 steps
episode #135 ends after 21 steps
episode #136 ends after 1 steps
episode #137 ends after 16 steps
episode #138 ends after 13 steps
episode #139 ends after 26 steps
episode #140 ends after 7 steps
episode #141 ends after 14 steps
episode #142 ends after 4 steps
episode #143 ends after 3 steps
episode #144 ends after 2 steps
episode #145 ends after 5 steps
episode #146 ends after 4 steps
episode #147 ends after 4 steps
episode #148 ends after 2 steps
episode #149 ends after 4 steps
episode #150 ends after 12 steps
episode #151 ends after 8 steps
episode #152 ends after 7 steps
episode #153 ends after 8 steps
episode #154 ends after 2 steps
episode #155 ends after 4 steps
episode #156 ends after 12 steps
episode #157 ends after 7 steps
episode #158 ends after 6 steps
episode #159 ends after 11 steps
episode #160 ends after 2 steps
episode #161 ends after 8 steps
episode #162 ends after 3 steps
episode #163 ends after 16 steps
episode #164 ends after 9 steps
episode #165 ends after 13 steps
episode #166 ends after 11 steps
episode #167 ends after 11 steps
episode #168 ends after 16 steps
episode #169 ends after 2 steps
episode #170 ends after 2 steps
episode #171 ends after 5 steps
episode #172 ends after 10 steps
episode #173 ends after 13 steps
episode #174 ends after 8 steps
episode #175 ends after 22 steps
episode #176 ends after 4 steps
episode #177 ends after 22 steps
episode #178 ends after 23 steps
episode #179 ends after 3 steps
episode #180 ends after 5 steps
episode #181 ends after 4 steps
episode #182 ends after 2 steps
episode #183 ends after 8 steps
episode #184 ends after 4 steps
episode #185 ends after 25 steps
episode #186 ends after 9 steps
episode #187 ends after 13 steps
episode #188 ends after 6 steps
episode #189 ends after 3 steps
episode #190 ends after 3 steps
episode #191 ends after 9 steps
episode #192 ends after 5 steps
episode #193 ends after 10 steps
episode #194 ends after 1 steps
episode #195 ends after 7 steps
episode #196 ends after 9 steps
episode #197 ends after 7 steps
episode #198 ends after 4 steps
episode #199 ends after 17 steps
episode #200 ends after 7 steps
episode #201 ends after 4 steps
episode #202 ends after 8 steps
episode #203 ends after 10 steps
episode #204 ends after 5 steps
episode #205 ends after 9 steps
episode #206 ends after 15 steps
episode #207 ends after 3 steps
episode #208 ends after 12 steps
episode #209 ends after 3 steps
episode #210 ends after 21 steps
episode #211 ends after 5 steps
episode #212 ends after 6 steps
episode #213 ends after 8 steps
episode #214 ends after 9 steps
episode #215 ends after 8 steps
episode #216 ends after 1 steps
episode #217 ends after 3 steps
episode #218 ends after 12 steps
episode #219 ends after 9 steps
episode #220 ends after 7 steps
episode #221 ends after 3 steps
episode #222 ends after 15 steps
episode #223 ends after 2 steps
episode #224 ends after 14 steps
episode #225 ends after 6 steps
episode #226 ends after 5 steps
episode #227 ends after 9 steps
episode #228 ends after 4 steps
episode #229 ends after 5 steps
episode #230 ends after 5 steps
episode #231 ends after 15 steps
episode #232 ends after 8 steps
episode #233 ends after 9 steps
episode #234 ends after 3 steps
episode #235 ends after 2 steps
episode #236 ends after 4 steps
episode #237 ends after 6 steps
episode #238 ends after 9 steps
episode #239 ends after 14 steps
episode #240 ends after 9 steps
episode #241 ends after 10 steps
episode #242 ends after 14 steps
episode #243 ends after 10 steps
episode #244 ends after 12 steps
episode #245 ends after 8 steps
episode #246 ends after 10 steps
episode #247 ends after 3 steps
episode #248 ends after 6 steps
episode #249 ends after 7 steps
evaluation: FloorPlan1 {'object': 'GarbageCan'}
mean episode reward: 0.60
mean episode length: 8.58
mean episode collision: 2.28
episode success: 9.60%
episode SPL: 0.033
episode > 5 success: 0.00%
episode SPL > 5: 0.000
nb episode > 5: 159

episode #0 ends after 78 steps
episode #1 ends after 3 steps
episode #2 ends after 167 steps
episode #3 ends after 8 steps
episode #4 ends after 11 steps
episode #5 ends after 15 steps
episode #6 ends after 23 steps
episode #7 ends after 189 steps
episode #8 ends after 13 steps
episode #9 ends after 14 steps
episode #10 ends after 21 steps
episode #11 ends after 27 steps
episode #12 ends after 23 steps
episode #13 ends after 73 steps
episode #14 ends after 63 steps
episode #15 ends after 3 steps
episode #16 ends after 34 steps
episode #17 ends after 8 steps
episode #18 ends after 21 steps
episode #19 ends after 25 steps
episode #20 ends after 5 steps
episode #21 ends after 33 steps
episode #22 ends after 11 steps
episode #23 ends after 25 steps
episode #24 ends after 45 steps
episode #25 ends after 38 steps
episode #26 ends after 18 steps
episode #27 ends after 30 steps
episode #28 ends after 13 steps
episode #29 ends after 19 steps
episode #30 ends after 66 steps
episode #31 ends after 84 steps
episode #32 ends after 28 steps
episode #33 ends after 12 steps
episode #34 ends after 51 steps
episode #35 ends after 23 steps
episode #36 ends after 18 steps
episode #37 ends after 95 steps
episode #38 ends after 54 steps
episode #39 ends after 154 steps
episode #40 ends after 102 steps
episode #41 ends after 24 steps
episode #42 ends after 19 steps
episode #43 ends after 66 steps
episode #44 ends after 23 steps
episode #45 ends after 45 steps
episode #46 ends after 36 steps
episode #47 ends after 16 steps
episode #48 ends after 11 steps
episode #49 ends after 25 steps
episode #50 ends after 54 steps
episode #51 ends after 19 steps
episode #52 ends after 33 steps
episode #53 ends after 21 steps
episode #54 ends after 54 steps
episode #55 ends after 60 steps
episode #56 ends after 2 steps
episode #57 ends after 68 steps
episode #58 ends after 33 steps
episode #59 ends after 29 steps
episode #60 ends after 47 steps
episode #61 ends after 46 steps
episode #62 ends after 29 steps
episode #63 ends after 27 steps
episode #64 ends after 39 steps
episode #65 ends after 10 steps
episode #66 ends after 88 steps
episode #67 ends after 125 steps
episode #68 ends after 47 steps
episode #69 ends after 42 steps
episode #70 ends after 93 steps
episode #71 ends after 14 steps
episode #72 ends after 20 steps
episode #73 ends after 25 steps
episode #74 ends after 29 steps
episode #75 ends after 50 steps
episode #76 ends after 13 steps
episode #77 ends after 46 steps
episode #78 ends after 21 steps
episode #79 ends after 105 steps
episode #80 ends after 11 steps
episode #81 ends after 23 steps
episode #82 ends after 82 steps
episode #83 ends after 61 steps
episode #84 ends after 20 steps
episode #85 ends after 61 steps
episode #86 ends after 45 steps
episode #87 ends after 13 steps
episode #88 ends after 31 steps
episode #89 ends after 26 steps
episode #90 ends after 43 steps
episode #91 ends after 31 steps
episode #92 ends after 151 steps
episode #93 ends after 30 steps
episode #94 ends after 56 steps
episode #95 ends after 16 steps
episode #96 ends after 6 steps
episode #97 ends after 35 steps
episode #98 ends after 146 steps
episode #99 ends after 141 steps
episode #100 ends after 29 steps
episode #101 ends after 56 steps
episode #102 ends after 87 steps
episode #103 ends after 43 steps
episode #104 ends after 38 steps
episode #105 ends after 8 steps
episode #106 ends after 31 steps
episode #107 ends after 38 steps
episode #108 ends after 125 steps
episode #109 ends after 23 steps
episode #110 ends after 15 steps
episode #111 ends after 24 steps
episode #112 ends after 42 steps
episode #113 ends after 16 steps
episode #114 ends after 7 steps
episode #115 ends after 17 steps
episode #116 ends after 10 steps
episode #117 ends after 16 steps
episode #118 ends after 55 steps
episode #119 ends after 64 steps
episode #120 ends after 61 steps
episode #121 ends after 68 steps
episode #122 ends after 10 steps
episode #123 ends after 22 steps
episode #124 ends after 36 steps
episode #125 ends after 60 steps
episode #126 ends after 35 steps
episode #127 ends after 26 steps
episode #128 ends after 23 steps
episode #129 ends after 24 steps
episode #130 ends after 93 steps
episode #131 ends after 36 steps
episode #132 ends after 82 steps
episode #133 ends after 58 steps
episode #134 ends after 6 steps
episode #135 ends after 13 steps
episode #136 ends after 14 steps
episode #137 ends after 54 steps
episode #138 ends after 10 steps
episode #139 ends after 20 steps
episode #140 ends after 78 steps
episode #141 ends after 23 steps
episode #142 ends after 33 steps
episode #143 ends after 54 steps
episode #144 ends after 43 steps
episode #145 ends after 24 steps
episode #146 ends after 12 steps
episode #147 ends after 33 steps
episode #148 ends after 29 steps
episode #149 ends after 34 steps
episode #150 ends after 24 steps
episode #151 ends after 47 steps
episode #152 ends after 32 steps
episode #153 ends after 19 steps
episode #154 ends after 88 steps
episode #155 ends after 12 steps
episode #156 ends after 32 steps
episode #157 ends after 48 steps
episode #158 ends after 35 steps
episode #159 ends after 57 steps
episode #160 ends after 30 steps
episode #161 ends after 27 steps
episode #162 ends after 42 steps
episode #163 ends after 6 steps
episode #164 ends after 111 steps
episode #165 ends after 89 steps
episode #166 ends after 28 steps
episode #167 ends after 32 steps
episode #168 ends after 54 steps
episode #169 ends after 34 steps
episode #170 ends after 19 steps
episode #171 ends after 40 steps
episode #172 ends after 24 steps
episode #173 ends after 28 steps
episode #174 ends after 23 steps
episode #175 ends after 33 steps
episode #176 ends after 15 steps
episode #177 ends after 21 steps
episode #178 ends after 28 steps
episode #179 ends after 76 steps
episode #180 ends after 32 steps
episode #181 ends after 54 steps
episode #182 ends after 5 steps
episode #183 ends after 140 steps
episode #184 ends after 10 steps
episode #185 ends after 14 steps
episode #186 ends after 31 steps
episode #187 ends after 17 steps
episode #188 ends after 35 steps
episode #189 ends after 25 steps
episode #190 ends after 41 steps
episode #191 ends after 27 steps
episode #192 ends after 7 steps
episode #193 ends after 28 steps
episode #194 ends after 22 steps
episode #195 ends after 6 steps
episode #196 ends after 20 steps
episode #197 ends after 34 steps
episode #198 ends after 24 steps
episode #199 ends after 11 steps
episode #200 ends after 11 steps
episode #201 ends after 19 steps
episode #202 ends after 25 steps
episode #203 ends after 57 steps
episode #204 ends after 21 steps
episode #205 ends after 8 steps
episode #206 ends after 19 steps
episode #207 ends after 166 steps
episode #208 ends after 38 steps
episode #209 ends after 29 steps
episode #210 ends after 24 steps
episode #211 ends after 52 steps
episode #212 ends after 96 steps
episode #213 ends after 13 steps
episode #214 ends after 12 steps
episode #215 ends after 42 steps
episode #216 ends after 23 steps
episode #217 ends after 4 steps
episode #218 ends after 22 steps
episode #219 ends after 39 steps
episode #220 ends after 26 steps
episode #221 ends after 75 steps
episode #222 ends after 21 steps
episode #223 ends after 21 steps
episode #224 ends after 170 steps
episode #225 ends after 30 steps
episode #226 ends after 27 steps
episode #227 ends after 36 steps
episode #228 ends after 76 steps
episode #229 ends after 87 steps
episode #230 ends after 66 steps
episode #231 ends after 26 steps
episode #232 ends after 19 steps
episode #233 ends after 47 steps
episode #234 ends after 59 steps
episode #235 ends after 63 steps
episode #236 ends after 17 steps
episode #237 ends after 40 steps
episode #238 ends after 22 steps
episode #239 ends after 24 steps
episode #240 ends after 13 steps
episode #241 ends after 34 steps
episode #242 ends after 39 steps
episode #243 ends after 6 steps
episode #244 ends after 49 steps
episode #245 ends after 21 steps
episode #246 ends after 8 steps
episode #247 ends after 48 steps
episode #248 ends after 60 steps
episode #249 ends after 15 steps
evaluation: FloorPlan1 {'object': 'Fridge'}
mean episode reward: 1.95
mean episode length: 39.54
mean episode collision: 24.74
episode success: 19.20%
episode SPL: 0.025
episode > 5 success: 7.03%
episode SPL > 5: 0.007
nb episode > 5: 128

episode #0 ends after 25 steps
episode #1 ends after 21 steps
episode #2 ends after 26 steps
episode #3 ends after 18 steps
episode #4 ends after 27 steps
episode #5 ends after 36 steps
episode #6 ends after 16 steps
episode #7 ends after 15 steps
episode #8 ends after 31 steps
episode #9 ends after 19 steps
episode #10 ends after 15 steps
episode #11 ends after 8 steps
episode #12 ends after 7 steps
episode #13 ends after 30 steps
episode #14 ends after 19 steps
episode #15 ends after 13 steps
episode #16 ends after 13 steps
episode #17 ends after 18 steps
episode #18 ends after 22 steps
episode #19 ends after 20 steps
episode #20 ends after 41 steps
episode #21 ends after 11 steps
episode #22 ends after 33 steps
episode #23 ends after 23 steps
episode #24 ends after 21 steps
episode #25 ends after 26 steps
episode #26 ends after 17 steps
episode #27 ends after 20 steps
episode #28 ends after 25 steps
episode #29 ends after 14 steps
episode #30 ends after 34 steps
episode #31 ends after 18 steps
episode #32 ends after 26 steps
episode #33 ends after 16 steps
episode #34 ends after 26 steps
episode #35 ends after 26 steps
episode #36 ends after 18 steps
episode #37 ends after 18 steps
episode #38 ends after 12 steps
episode #39 ends after 12 steps
episode #40 ends after 13 steps
episode #41 ends after 17 steps
episode #42 ends after 47 steps
episode #43 ends after 6 steps
episode #44 ends after 5 steps
episode #45 ends after 37 steps
episode #46 ends after 38 steps
episode #47 ends after 10 steps
episode #48 ends after 28 steps
episode #49 ends after 12 steps
episode #50 ends after 41 steps
episode #51 ends after 10 steps
episode #52 ends after 30 steps
episode #53 ends after 22 steps
episode #54 ends after 11 steps
episode #55 ends after 11 steps
episode #56 ends after 5 steps
episode #57 ends after 40 steps
episode #58 ends after 5 steps
episode #59 ends after 2 steps
episode #60 ends after 24 steps
episode #61 ends after 5 steps
episode #62 ends after 18 steps
episode #63 ends after 12 steps
episode #64 ends after 62 steps
episode #65 ends after 28 steps
episode #66 ends after 20 steps
episode #67 ends after 2 steps
episode #68 ends after 21 steps
episode #69 ends after 26 steps
episode #70 ends after 16 steps
episode #71 ends after 25 steps
episode #72 ends after 17 steps
episode #73 ends after 11 steps
episode #74 ends after 4 steps
episode #75 ends after 24 steps
episode #76 ends after 8 steps
episode #77 ends after 26 steps
episode #78 ends after 25 steps
episode #79 ends after 25 steps
episode #80 ends after 24 steps
episode #81 ends after 5 steps
episode #82 ends after 10 steps
episode #83 ends after 21 steps
episode #84 ends after 23 steps
episode #85 ends after 25 steps
episode #86 ends after 31 steps
episode #87 ends after 13 steps
episode #88 ends after 5 steps
episode #89 ends after 20 steps
episode #90 ends after 14 steps
episode #91 ends after 45 steps
episode #92 ends after 22 steps
episode #93 ends after 20 steps
episode #94 ends after 15 steps
episode #95 ends after 16 steps
episode #96 ends after 32 steps
episode #97 ends after 10 steps
episode #98 ends after 4 steps
episode #99 ends after 21 steps
episode #100 ends after 21 steps
episode #101 ends after 13 steps
episode #102 ends after 3 steps
episode #103 ends after 3 steps
episode #104 ends after 10 steps
episode #105 ends after 27 steps
episode #106 ends after 5 steps
episode #107 ends after 12 steps
episode #108 ends after 4 steps
episode #109 ends after 4 steps
episode #110 ends after 20 steps
episode #111 ends after 8 steps
episode #112 ends after 25 steps
episode #113 ends after 26 steps
episode #114 ends after 24 steps
episode #115 ends after 32 steps
episode #116 ends after 13 steps
episode #117 ends after 23 steps
episode #118 ends after 32 steps
episode #119 ends after 21 steps
episode #120 ends after 2 steps
episode #121 ends after 16 steps
episode #122 ends after 31 steps
episode #123 ends after 10 steps
episode #124 ends after 17 steps
episode #125 ends after 5 steps
episode #126 ends after 11 steps
episode #127 ends after 5 steps
episode #128 ends after 12 steps
episode #129 ends after 23 steps
episode #130 ends after 2 steps
episode #131 ends after 33 steps
episode #132 ends after 13 steps
episode #133 ends after 49 steps
episode #134 ends after 21 steps
episode #135 ends after 11 steps
episode #136 ends after 19 steps
episode #137 ends after 17 steps
episode #138 ends after 8 steps
episode #139 ends after 13 steps
episode #140 ends after 11 steps
episode #141 ends after 18 steps
episode #142 ends after 33 steps
episode #143 ends after 19 steps
episode #144 ends after 10 steps
episode #145 ends after 23 steps
episode #146 ends after 14 steps
episode #147 ends after 9 steps
episode #148 ends after 11 steps
episode #149 ends after 19 steps
episode #150 ends after 19 steps
episode #151 ends after 13 steps
episode #152 ends after 20 steps
episode #153 ends after 15 steps
episode #154 ends after 34 steps
episode #155 ends after 26 steps
episode #156 ends after 2 steps
episode #157 ends after 26 steps
episode #158 ends after 16 steps
episode #159 ends after 22 steps
episode #160 ends after 33 steps
episode #161 ends after 4 steps
episode #162 ends after 17 steps
episode #163 ends after 4 steps
episode #164 ends after 20 steps
episode #165 ends after 39 steps
episode #166 ends after 6 steps
episode #167 ends after 3 steps
episode #168 ends after 13 steps
episode #169 ends after 38 steps
episode #170 ends after 24 steps
episode #171 ends after 26 steps
episode #172 ends after 6 steps
episode #173 ends after 18 steps
episode #174 ends after 11 steps
episode #175 ends after 20 steps
episode #176 ends after 27 steps
episode #177 ends after 20 steps
episode #178 ends after 35 steps
episode #179 ends after 20 steps
episode #180 ends after 20 steps
episode #181 ends after 12 steps
episode #182 ends after 17 steps
episode #183 ends after 12 steps
episode #184 ends after 5 steps
episode #185 ends after 26 steps
episode #186 ends after 9 steps
episode #187 ends after 14 steps
episode #188 ends after 4 steps
episode #189 ends after 8 steps
episode #190 ends after 14 steps
episode #191 ends after 24 steps
episode #192 ends after 18 steps
episode #193 ends after 30 steps
episode #194 ends after 13 steps
episode #195 ends after 18 steps
episode #196 ends after 7 steps
episode #197 ends after 17 steps
episode #198 ends after 15 steps
episode #199 ends after 30 steps
episode #200 ends after 22 steps
episode #201 ends after 35 steps
episode #202 ends after 10 steps
episode #203 ends after 9 steps
episode #204 ends after 14 steps
episode #205 ends after 17 steps
episode #206 ends after 12 steps
episode #207 ends after 12 steps
episode #208 ends after 2 steps
episode #209 ends after 13 steps
episode #210 ends after 17 steps
episode #211 ends after 15 steps
episode #212 ends after 11 steps
episode #213 ends after 9 steps
episode #214 ends after 25 steps
episode #215 ends after 19 steps
episode #216 ends after 57 steps
episode #217 ends after 36 steps
episode #218 ends after 11 steps
episode #219 ends after 16 steps
episode #220 ends after 22 steps
episode #221 ends after 4 steps
episode #222 ends after 11 steps
episode #223 ends after 23 steps
episode #224 ends after 23 steps
episode #225 ends after 7 steps
episode #226 ends after 25 steps
episode #227 ends after 14 steps
episode #228 ends after 23 steps
episode #229 ends after 19 steps
episode #230 ends after 5 steps
episode #231 ends after 11 steps
episode #232 ends after 49 steps
episode #233 ends after 11 steps
episode #234 ends after 5 steps
episode #235 ends after 14 steps
episode #236 ends after 3 steps
episode #237 ends after 27 steps
episode #238 ends after 23 steps
episode #239 ends after 16 steps
episode #240 ends after 9 steps
episode #241 ends after 4 steps
episode #242 ends after 22 steps
episode #243 ends after 19 steps
episode #244 ends after 20 steps
episode #245 ends after 32 steps
episode #246 ends after 21 steps
episode #247 ends after 3 steps
episode #248 ends after 40 steps
episode #249 ends after 14 steps
evaluation: FloorPlan1 {'object': 'CoffeeMachine'}
mean episode reward: 0.57
mean episode length: 18.33
mean episode collision: 6.96
episode success: 9.60%
episode SPL: 0.028
episode > 5 success: 0.00%
episode SPL > 5: 0.000
nb episode > 5: 147

episode #0 ends after 12 steps
episode #1 ends after 9 steps
episode #2 ends after 18 steps
episode #3 ends after 15 steps
episode #4 ends after 50 steps
episode #5 ends after 3 steps
episode #6 ends after 5 steps
episode #7 ends after 4 steps
episode #8 ends after 5 steps
episode #9 ends after 2 steps
episode #10 ends after 9 steps
episode #11 ends after 4 steps
episode #12 ends after 25 steps
episode #13 ends after 10 steps
episode #14 ends after 38 steps
episode #15 ends after 11 steps
episode #16 ends after 28 steps
episode #17 ends after 20 steps
episode #18 ends after 22 steps
episode #19 ends after 3 steps
episode #20 ends after 32 steps
episode #21 ends after 4 steps
episode #22 ends after 23 steps
episode #23 ends after 14 steps
episode #24 ends after 13 steps
episode #25 ends after 32 steps
episode #26 ends after 16 steps
episode #27 ends after 18 steps
episode #28 ends after 30 steps
episode #29 ends after 44 steps
episode #30 ends after 12 steps
episode #31 ends after 26 steps
episode #32 ends after 4 steps
episode #33 ends after 22 steps
episode #34 ends after 18 steps
episode #35 ends after 3 steps
episode #36 ends after 65 steps
episode #37 ends after 4 steps
episode #38 ends after 19 steps
episode #39 ends after 18 steps
episode #40 ends after 29 steps
episode #41 ends after 4 steps
episode #42 ends after 33 steps
episode #43 ends after 19 steps
episode #44 ends after 11 steps
episode #45 ends after 2 steps
episode #46 ends after 17 steps
episode #47 ends after 23 steps
episode #48 ends after 12 steps
episode #49 ends after 32 steps
episode #50 ends after 14 steps
episode #51 ends after 5 steps
episode #52 ends after 1 steps
episode #53 ends after 8 steps
episode #54 ends after 25 steps
episode #55 ends after 16 steps
episode #56 ends after 25 steps
episode #57 ends after 5 steps
episode #58 ends after 18 steps
episode #59 ends after 6 steps
episode #60 ends after 11 steps
episode #61 ends after 35 steps
episode #62 ends after 4 steps
episode #63 ends after 27 steps
episode #64 ends after 31 steps
episode #65 ends after 30 steps
episode #66 ends after 22 steps
episode #67 ends after 23 steps
episode #68 ends after 130 steps
episode #69 ends after 17 steps
episode #70 ends after 62 steps
episode #71 ends after 35 steps
episode #72 ends after 148 steps
episode #73 ends after 11 steps
episode #74 ends after 33 steps
episode #75 ends after 4 steps
episode #76 ends after 18 steps
episode #77 ends after 17 steps
episode #78 ends after 14 steps
episode #79 ends after 21 steps
episode #80 ends after 23 steps
episode #81 ends after 25 steps
episode #82 ends after 27 steps
episode #83 ends after 3 steps
episode #84 ends after 7 steps
episode #85 ends after 27 steps
episode #86 ends after 3 steps
episode #87 ends after 8 steps
episode #88 ends after 5 steps
episode #89 ends after 8 steps
episode #90 ends after 26 steps
episode #91 ends after 8 steps
episode #92 ends after 23 steps
episode #93 ends after 11 steps
episode #94 ends after 22 steps
episode #95 ends after 5 steps
episode #96 ends after 41 steps
episode #97 ends after 6 steps
episode #98 ends after 2 steps
episode #99 ends after 41 steps
episode #100 ends after 42 steps
episode #101 ends after 3 steps
episode #102 ends after 50 steps
episode #103 ends after 36 steps
episode #104 ends after 14 steps
episode #105 ends after 28 steps
episode #106 ends after 31 steps
episode #107 ends after 27 steps
episode #108 ends after 10 steps
episode #109 ends after 16 steps
episode #110 ends after 5 steps
episode #111 ends after 54 steps
episode #112 ends after 9 steps
episode #113 ends after 3 steps
episode #114 ends after 34 steps
episode #115 ends after 14 steps
episode #116 ends after 20 steps
episode #117 ends after 9 steps
episode #118 ends after 4 steps
episode #119 ends after 13 steps
episode #120 ends after 3 steps
episode #121 ends after 5 steps
episode #122 ends after 5 steps
episode #123 ends after 25 steps
episode #124 ends after 15 steps
episode #125 ends after 8 steps
episode #126 ends after 5 steps
episode #127 ends after 16 steps
episode #128 ends after 34 steps
episode #129 ends after 13 steps
episode #130 ends after 21 steps
episode #131 ends after 2 steps
episode #132 ends after 6 steps
episode #133 ends after 15 steps
episode #134 ends after 15 steps
episode #135 ends after 9 steps
episode #136 ends after 23 steps
episode #137 ends after 9 steps
episode #138 ends after 11 steps
episode #139 ends after 21 steps
episode #140 ends after 27 steps
episode #141 ends after 32 steps
episode #142 ends after 20 steps
episode #143 ends after 20 steps
episode #144 ends after 5 steps
episode #145 ends after 57 steps
episode #146 ends after 25 steps
episode #147 ends after 3 steps
episode #148 ends after 20 steps
episode #149 ends after 27 steps
episode #150 ends after 24 steps
episode #151 ends after 2 steps
episode #152 ends after 5 steps
episode #153 ends after 16 steps
episode #154 ends after 3 steps
episode #155 ends after 16 steps
episode #156 ends after 17 steps
episode #157 ends after 14 steps
episode #158 ends after 19 steps
episode #159 ends after 20 steps
episode #160 ends after 45 steps
episode #161 ends after 13 steps
episode #162 ends after 12 steps
episode #163 ends after 13 steps
episode #164 ends after 21 steps
episode #165 ends after 6 steps
episode #166 ends after 49 steps
episode #167 ends after 3 steps
episode #168 ends after 13 steps
episode #169 ends after 11 steps
episode #170 ends after 5 steps
episode #171 ends after 40 steps
episode #172 ends after 22 steps
episode #173 ends after 19 steps
episode #174 ends after 16 steps
episode #175 ends after 8 steps
episode #176 ends after 47 steps
episode #177 ends after 5 steps
episode #178 ends after 28 steps
episode #179 ends after 8 steps
episode #180 ends after 32 steps
episode #181 ends after 77 steps
episode #182 ends after 17 steps
episode #183 ends after 4 steps
episode #184 ends after 10 steps
episode #185 ends after 5 steps
episode #186 ends after 74 steps
episode #187 ends after 9 steps
episode #188 ends after 16 steps
episode #189 ends after 22 steps
episode #190 ends after 11 steps
episode #191 ends after 51 steps
episode #192 ends after 32 steps
episode #193 ends after 2 steps
episode #194 ends after 23 steps
episode #195 ends after 4 steps
episode #196 ends after 5 steps
episode #197 ends after 18 steps
episode #198 ends after 5 steps
episode #199 ends after 11 steps
episode #200 ends after 4 steps
episode #201 ends after 17 steps
episode #202 ends after 41 steps
episode #203 ends after 62 steps
episode #204 ends after 33 steps
episode #205 ends after 13 steps
episode #206 ends after 21 steps
episode #207 ends after 4 steps
episode #208 ends after 20 steps
episode #209 ends after 2 steps
episode #210 ends after 8 steps
episode #211 ends after 23 steps
episode #212 ends after 66 steps
episode #213 ends after 14 steps
episode #214 ends after 5 steps
episode #215 ends after 41 steps
episode #216 ends after 27 steps
episode #217 ends after 41 steps
episode #218 ends after 69 steps
episode #219 ends after 19 steps
episode #220 ends after 58 steps
episode #221 ends after 41 steps
episode #222 ends after 2 steps
episode #223 ends after 21 steps
episode #224 ends after 3 steps
episode #225 ends after 24 steps
episode #226 ends after 3 steps
episode #227 ends after 18 steps
episode #228 ends after 3 steps
episode #229 ends after 2 steps
episode #230 ends after 13 steps
episode #231 ends after 20 steps
episode #232 ends after 50 steps
episode #233 ends after 36 steps
episode #234 ends after 4 steps
episode #235 ends after 22 steps
episode #236 ends after 9 steps
episode #237 ends after 37 steps
episode #238 ends after 4 steps
episode #239 ends after 20 steps
episode #240 ends after 20 steps
episode #241 ends after 10 steps
episode #242 ends after 23 steps
episode #243 ends after 30 steps
episode #244 ends after 4 steps
episode #245 ends after 11 steps
episode #246 ends after 3 steps
episode #247 ends after 9 steps
episode #248 ends after 11 steps
episode #249 ends after 41 steps
evaluation: FloorPlan1 {'object': 'Toaster'}
mean episode reward: 0.54
mean episode length: 19.91
mean episode collision: 12.90
episode success: 10.80%
episode SPL: 0.042
episode > 5 success: 0.00%
episode SPL > 5: 0.000
nb episode > 5: 137

episode #0 ends after 4 steps
episode #1 ends after 5 steps
episode #2 ends after 8 steps
episode #3 ends after 4 steps
episode #4 ends after 8 steps
episode #5 ends after 10 steps
episode #6 ends after 4 steps
episode #7 ends after 3 steps
episode #8 ends after 6 steps
episode #9 ends after 8 steps
episode #10 ends after 16 steps
episode #11 ends after 7 steps
episode #12 ends after 5 steps
episode #13 ends after 3 steps
episode #14 ends after 2 steps
episode #15 ends after 7 steps
episode #16 ends after 7 steps
episode #17 ends after 2 steps
episode #18 ends after 5 steps
episode #19 ends after 14 steps
episode #20 ends after 8 steps
episode #21 ends after 10 steps
episode #22 ends after 7 steps
episode #23 ends after 6 steps
episode #24 ends after 5 steps
episode #25 ends after 3 steps
episode #26 ends after 3 steps
episode #27 ends after 8 steps
episode #28 ends after 15 steps
episode #29 ends after 3 steps
episode #30 ends after 5 steps
episode #31 ends after 9 steps
episode #32 ends after 16 steps
episode #33 ends after 8 steps
episode #34 ends after 7 steps
episode #35 ends after 7 steps
episode #36 ends after 5 steps
episode #37 ends after 8 steps
episode #38 ends after 4 steps
episode #39 ends after 11 steps
episode #40 ends after 2 steps
episode #41 ends after 2 steps
episode #42 ends after 10 steps
episode #43 ends after 7 steps
episode #44 ends after 9 steps
episode #45 ends after 15 steps
episode #46 ends after 7 steps
episode #47 ends after 4 steps
episode #48 ends after 12 steps
episode #49 ends after 3 steps
episode #50 ends after 5 steps
episode #51 ends after 7 steps
episode #52 ends after 20 steps
episode #53 ends after 6 steps
episode #54 ends after 3 steps
episode #55 ends after 5 steps
episode #56 ends after 3 steps
episode #57 ends after 6 steps
episode #58 ends after 10 steps
episode #59 ends after 7 steps
episode #60 ends after 6 steps
episode #61 ends after 14 steps
episode #62 ends after 5 steps
episode #63 ends after 4 steps
episode #64 ends after 15 steps
episode #65 ends after 3 steps
episode #66 ends after 3 steps
episode #67 ends after 4 steps
episode #68 ends after 8 steps
episode #69 ends after 5 steps
episode #70 ends after 4 steps
episode #71 ends after 4 steps
episode #72 ends after 2 steps
episode #73 ends after 2 steps
episode #74 ends after 8 steps
episode #75 ends after 6 steps
episode #76 ends after 6 steps
episode #77 ends after 8 steps
episode #78 ends after 7 steps
episode #79 ends after 6 steps
episode #80 ends after 5 steps
episode #81 ends after 5 steps
episode #82 ends after 8 steps
episode #83 ends after 5 steps
episode #84 ends after 11 steps
episode #85 ends after 11 steps
episode #86 ends after 14 steps
episode #87 ends after 4 steps
episode #88 ends after 5 steps
episode #89 ends after 4 steps
episode #90 ends after 3 steps
episode #91 ends after 8 steps
episode #92 ends after 6 steps
episode #93 ends after 5 steps
episode #94 ends after 6 steps
episode #95 ends after 5 steps
episode #96 ends after 2 steps
episode #97 ends after 9 steps
episode #98 ends after 6 steps
episode #99 ends after 3 steps
episode #100 ends after 8 steps
episode #101 ends after 8 steps
episode #102 ends after 2 steps
episode #103 ends after 5 steps
episode #104 ends after 5 steps
episode #105 ends after 4 steps
episode #106 ends after 5 steps
episode #107 ends after 4 steps
episode #108 ends after 21 steps
episode #109 ends after 4 steps
episode #110 ends after 7 steps
episode #111 ends after 2 steps
episode #112 ends after 7 steps
episode #113 ends after 29 steps
episode #114 ends after 4 steps
episode #115 ends after 3 steps
episode #116 ends after 12 steps
episode #117 ends after 8 steps
episode #118 ends after 14 steps
episode #119 ends after 2 steps
episode #120 ends after 8 steps
episode #121 ends after 14 steps
episode #122 ends after 4 steps
episode #123 ends after 4 steps
episode #124 ends after 18 steps
episode #125 ends after 7 steps
episode #126 ends after 3 steps
episode #127 ends after 3 steps
episode #128 ends after 4 steps
episode #129 ends after 5 steps
episode #130 ends after 6 steps
episode #131 ends after 2 steps
episode #132 ends after 3 steps
episode #133 ends after 6 steps
episode #134 ends after 13 steps
episode #135 ends after 3 steps
episode #136 ends after 13 steps
episode #137 ends after 5 steps
episode #138 ends after 12 steps
episode #139 ends after 5 steps
episode #140 ends after 4 steps
episode #141 ends after 4 steps
episode #142 ends after 13 steps
episode #143 ends after 7 steps
episode #144 ends after 4 steps
episode #145 ends after 10 steps
episode #146 ends after 15 steps
episode #147 ends after 8 steps
episode #148 ends after 11 steps
episode #149 ends after 5 steps
episode #150 ends after 10 steps
episode #151 ends after 4 steps
episode #152 ends after 5 steps
episode #153 ends after 10 steps
episode #154 ends after 11 steps
episode #155 ends after 2 steps
episode #156 ends after 4 steps
episode #157 ends after 7 steps
episode #158 ends after 5 steps
episode #159 ends after 13 steps
episode #160 ends after 8 steps
episode #161 ends after 4 steps
episode #162 ends after 5 steps
episode #163 ends after 13 steps
episode #164 ends after 8 steps
episode #165 ends after 10 steps
episode #166 ends after 3 steps
episode #167 ends after 8 steps
episode #168 ends after 9 steps
episode #169 ends after 3 steps
episode #170 ends after 9 steps
episode #171 ends after 5 steps
episode #172 ends after 6 steps
episode #173 ends after 7 steps
episode #174 ends after 8 steps
episode #175 ends after 4 steps
episode #176 ends after 4 steps
episode #177 ends after 8 steps
episode #178 ends after 4 steps
episode #179 ends after 5 steps
episode #180 ends after 9 steps
episode #181 ends after 6 steps
episode #182 ends after 3 steps
episode #183 ends after 5 steps
episode #184 ends after 6 steps
episode #185 ends after 6 steps
episode #186 ends after 3 steps
episode #187 ends after 10 steps
episode #188 ends after 6 steps
episode #189 ends after 6 steps
episode #190 ends after 2 steps
episode #191 ends after 2 steps
episode #192 ends after 8 steps
episode #193 ends after 7 steps
episode #194 ends after 14 steps
episode #195 ends after 2 steps
episode #196 ends after 7 steps
episode #197 ends after 3 steps
episode #198 ends after 2 steps
episode #199 ends after 7 steps
episode #200 ends after 4 steps
episode #201 ends after 8 steps
episode #202 ends after 2 steps
episode #203 ends after 12 steps
episode #204 ends after 20 steps
episode #205 ends after 6 steps
episode #206 ends after 8 steps
episode #207 ends after 16 steps
episode #208 ends after 14 steps
episode #209 ends after 5 steps
episode #210 ends after 3 steps
episode #211 ends after 3 steps
episode #212 ends after 4 steps
episode #213 ends after 4 steps
episode #214 ends after 4 steps
episode #215 ends after 6 steps
episode #216 ends after 4 steps
episode #217 ends after 7 steps
episode #218 ends after 8 steps
episode #219 ends after 9 steps
episode #220 ends after 9 steps
episode #221 ends after 8 steps
episode #222 ends after 5 steps
episode #223 ends after 7 steps
episode #224 ends after 3 steps
episode #225 ends after 4 steps
episode #226 ends after 8 steps
episode #227 ends after 11 steps
episode #228 ends after 9 steps
episode #229 ends after 4 steps
episode #230 ends after 7 steps
episode #231 ends after 8 steps
episode #232 ends after 6 steps
episode #233 ends after 8 steps
episode #234 ends after 6 steps
episode #235 ends after 1 steps
episode #236 ends after 2 steps
episode #237 ends after 8 steps
episode #238 ends after 7 steps
episode #239 ends after 3 steps
episode #240 ends after 18 steps
episode #241 ends after 3 steps
episode #242 ends after 2 steps
episode #243 ends after 4 steps
episode #244 ends after 5 steps
episode #245 ends after 3 steps
episode #246 ends after 4 steps
episode #247 ends after 11 steps
episode #248 ends after 8 steps
episode #249 ends after 13 steps
evaluation: FloorPlan2 {'object': 'Bowl'}
mean episode reward: 2.33
mean episode length: 6.78
mean episode collision: 1.34
episode success: 42.40%
episode SPL: 0.235
episode > 5 success: 25.81%
episode SPL > 5: 0.185
nb episode > 5: 31

episode #0 ends after 6 steps
episode #1 ends after 21 steps
episode #2 ends after 9 steps
episode #3 ends after 13 steps
episode #4 ends after 28 steps
episode #5 ends after 10 steps
episode #6 ends after 33 steps
episode #7 ends after 9 steps
episode #8 ends after 13 steps
episode #9 ends after 10 steps
episode #10 ends after 7 steps
episode #11 ends after 15 steps
episode #12 ends after 17 steps
episode #13 ends after 10 steps
episode #14 ends after 10 steps
episode #15 ends after 15 steps
episode #16 ends after 7 steps
episode #17 ends after 16 steps
episode #18 ends after 20 steps
episode #19 ends after 21 steps
episode #20 ends after 13 steps
episode #21 ends after 8 steps
episode #22 ends after 17 steps
episode #23 ends after 13 steps
episode #24 ends after 7 steps
episode #25 ends after 10 steps
episode #26 ends after 10 steps
episode #27 ends after 12 steps
episode #28 ends after 8 steps
episode #29 ends after 21 steps
episode #30 ends after 8 steps
episode #31 ends after 10 steps
episode #32 ends after 15 steps
episode #33 ends after 3 steps
episode #34 ends after 21 steps
episode #35 ends after 13 steps
episode #36 ends after 9 steps
episode #37 ends after 26 steps
episode #38 ends after 11 steps
episode #39 ends after 19 steps
episode #40 ends after 24 steps
episode #41 ends after 32 steps
episode #42 ends after 24 steps
episode #43 ends after 10 steps
episode #44 ends after 24 steps
episode #45 ends after 15 steps
episode #46 ends after 9 steps
episode #47 ends after 9 steps
episode #48 ends after 28 steps
episode #49 ends after 9 steps
episode #50 ends after 14 steps
episode #51 ends after 16 steps
episode #52 ends after 7 steps
episode #53 ends after 8 steps
episode #54 ends after 6 steps
episode #55 ends after 13 steps
episode #56 ends after 11 steps
episode #57 ends after 20 steps
episode #58 ends after 26 steps
episode #59 ends after 20 steps
episode #60 ends after 12 steps
episode #61 ends after 18 steps
episode #62 ends after 14 steps
episode #63 ends after 12 steps
episode #64 ends after 10 steps
episode #65 ends after 12 steps
episode #66 ends after 16 steps
episode #67 ends after 9 steps
episode #68 ends after 16 steps
episode #69 ends after 15 steps
episode #70 ends after 16 steps
episode #71 ends after 5 steps
episode #72 ends after 25 steps
episode #73 ends after 15 steps
episode #74 ends after 10 steps
episode #75 ends after 38 steps
episode #76 ends after 19 steps
episode #77 ends after 7 steps
episode #78 ends after 11 steps
episode #79 ends after 18 steps
episode #80 ends after 16 steps
episode #81 ends after 19 steps
episode #82 ends after 14 steps
episode #83 ends after 23 steps
episode #84 ends after 34 steps
episode #85 ends after 13 steps
episode #86 ends after 14 steps
episode #87 ends after 25 steps
episode #88 ends after 10 steps
episode #89 ends after 14 steps
episode #90 ends after 21 steps
episode #91 ends after 14 steps
episode #92 ends after 17 steps
episode #93 ends after 8 steps
episode #94 ends after 14 steps
episode #95 ends after 36 steps
episode #96 ends after 4 steps
episode #97 ends after 10 steps
episode #98 ends after 36 steps
episode #99 ends after 8 steps
episode #100 ends after 13 steps
episode #101 ends after 10 steps
episode #102 ends after 15 steps
episode #103 ends after 32 steps
episode #104 ends after 5 steps
episode #105 ends after 5 steps
episode #106 ends after 4 steps
episode #107 ends after 10 steps
episode #108 ends after 9 steps
episode #109 ends after 17 steps
episode #110 ends after 9 steps
episode #111 ends after 13 steps
episode #112 ends after 14 steps
episode #113 ends after 24 steps
episode #114 ends after 8 steps
episode #115 ends after 10 steps
episode #116 ends after 23 steps
episode #117 ends after 18 steps
episode #118 ends after 10 steps
episode #119 ends after 23 steps
episode #120 ends after 21 steps
episode #121 ends after 8 steps
episode #122 ends after 35 steps
episode #123 ends after 11 steps
episode #124 ends after 14 steps
episode #125 ends after 15 steps
episode #126 ends after 12 steps
episode #127 ends after 15 steps
episode #128 ends after 8 steps
episode #129 ends after 11 steps
episode #130 ends after 10 steps
episode #131 ends after 12 steps
episode #132 ends after 17 steps
episode #133 ends after 11 steps
episode #134 ends after 17 steps
episode #135 ends after 9 steps
episode #136 ends after 26 steps
episode #137 ends after 12 steps
episode #138 ends after 9 steps
episode #139 ends after 29 steps
episode #140 ends after 13 steps
episode #141 ends after 26 steps
episode #142 ends after 19 steps
episode #143 ends after 10 steps
episode #144 ends after 15 steps
episode #145 ends after 26 steps
episode #146 ends after 8 steps
episode #147 ends after 8 steps
episode #148 ends after 22 steps
episode #149 ends after 40 steps
episode #150 ends after 17 steps
episode #151 ends after 8 steps
episode #152 ends after 20 steps
episode #153 ends after 15 steps
episode #154 ends after 36 steps
episode #155 ends after 37 steps
episode #156 ends after 8 steps
episode #157 ends after 9 steps
episode #158 ends after 15 steps
episode #159 ends after 13 steps
episode #160 ends after 17 steps
episode #161 ends after 8 steps
episode #162 ends after 17 steps
episode #163 ends after 14 steps
episode #164 ends after 11 steps
episode #165 ends after 8 steps
episode #166 ends after 3 steps
episode #167 ends after 12 steps
episode #168 ends after 11 steps
episode #169 ends after 12 steps
episode #170 ends after 8 steps
episode #171 ends after 10 steps
episode #172 ends after 30 steps
episode #173 ends after 20 steps
episode #174 ends after 12 steps
episode #175 ends after 13 steps
episode #176 ends after 19 steps
episode #177 ends after 15 steps
episode #178 ends after 8 steps
episode #179 ends after 17 steps
episode #180 ends after 7 steps
episode #181 ends after 8 steps
episode #182 ends after 2 steps
episode #183 ends after 15 steps
episode #184 ends after 24 steps
episode #185 ends after 15 steps
episode #186 ends after 33 steps
episode #187 ends after 15 steps
episode #188 ends after 13 steps
episode #189 ends after 8 steps
episode #190 ends after 10 steps
episode #191 ends after 22 steps
episode #192 ends after 34 steps
episode #193 ends after 25 steps
episode #194 ends after 12 steps
episode #195 ends after 3 steps
episode #196 ends after 13 steps
episode #197 ends after 10 steps
episode #198 ends after 21 steps
episode #199 ends after 15 steps
episode #200 ends after 34 steps
episode #201 ends after 17 steps
episode #202 ends after 12 steps
episode #203 ends after 11 steps
episode #204 ends after 16 steps
episode #205 ends after 9 steps
episode #206 ends after 12 steps
episode #207 ends after 13 steps
episode #208 ends after 16 steps
episode #209 ends after 16 steps
episode #210 ends after 10 steps
episode #211 ends after 17 steps
episode #212 ends after 8 steps
episode #213 ends after 36 steps
episode #214 ends after 11 steps
episode #215 ends after 15 steps
episode #216 ends after 8 steps
episode #217 ends after 33 steps
episode #218 ends after 8 steps
episode #219 ends after 24 steps
episode #220 ends after 13 steps
episode #221 ends after 8 steps
episode #222 ends after 25 steps
episode #223 ends after 15 steps
episode #224 ends after 13 steps
episode #225 ends after 12 steps
episode #226 ends after 35 steps
episode #227 ends after 23 steps
episode #228 ends after 13 steps
episode #229 ends after 17 steps
episode #230 ends after 10 steps
episode #231 ends after 15 steps
episode #232 ends after 29 steps
episode #233 ends after 26 steps
episode #234 ends after 12 steps
episode #235 ends after 16 steps
episode #236 ends after 26 steps
episode #237 ends after 26 steps
episode #238 ends after 13 steps
episode #239 ends after 14 steps
episode #240 ends after 23 steps
episode #241 ends after 12 steps
episode #242 ends after 18 steps
episode #243 ends after 23 steps
episode #244 ends after 6 steps
episode #245 ends after 12 steps
episode #246 ends after 10 steps
episode #247 ends after 12 steps
episode #248 ends after 14 steps
episode #249 ends after 42 steps
evaluation: FloorPlan2 {'object': 'Microwave'}
mean episode reward: 0.20
mean episode length: 15.54
mean episode collision: 6.61
episode success: 3.60%
episode SPL: 0.010
episode > 5 success: 0.00%
episode SPL > 5: 0.000
nb episode > 5: 200

episode #0 ends after 4 steps
episode #1 ends after 15 steps
episode #2 ends after 5 steps
episode #3 ends after 8 steps
episode #4 ends after 7 steps
episode #5 ends after 7 steps
episode #6 ends after 6 steps
episode #7 ends after 6 steps
episode #8 ends after 8 steps
episode #9 ends after 6 steps
episode #10 ends after 7 steps
episode #11 ends after 5 steps
episode #12 ends after 3 steps
episode #13 ends after 7 steps
episode #14 ends after 16 steps
episode #15 ends after 10 steps
episode #16 ends after 9 steps
episode #17 ends after 2 steps
episode #18 ends after 2 steps
episode #19 ends after 2 steps
episode #20 ends after 3 steps
episode #21 ends after 4 steps
episode #22 ends after 3 steps
episode #23 ends after 16 steps
episode #24 ends after 3 steps
episode #25 ends after 4 steps
episode #26 ends after 15 steps
episode #27 ends after 5 steps
episode #28 ends after 3 steps
episode #29 ends after 10 steps
episode #30 ends after 8 steps
episode #31 ends after 4 steps
episode #32 ends after 7 steps
episode #33 ends after 5 steps
episode #34 ends after 5 steps
episode #35 ends after 7 steps
episode #36 ends after 6 steps
episode #37 ends after 5 steps
episode #38 ends after 12 steps
episode #39 ends after 4 steps
episode #40 ends after 8 steps
episode #41 ends after 11 steps
episode #42 ends after 2 steps
episode #43 ends after 8 steps
episode #44 ends after 8 steps
episode #45 ends after 9 steps
episode #46 ends after 2 steps
episode #47 ends after 12 steps
episode #48 ends after 13 steps
episode #49 ends after 7 steps
episode #50 ends after 5 steps
episode #51 ends after 4 steps
episode #52 ends after 6 steps
episode #53 ends after 8 steps
episode #54 ends after 16 steps
episode #55 ends after 2 steps
episode #56 ends after 1 steps
episode #57 ends after 13 steps
episode #58 ends after 3 steps
episode #59 ends after 3 steps
episode #60 ends after 3 steps
episode #61 ends after 1 steps
episode #62 ends after 12 steps
episode #63 ends after 5 steps
episode #64 ends after 3 steps
episode #65 ends after 5 steps
episode #66 ends after 3 steps
episode #67 ends after 8 steps
episode #68 ends after 9 steps
episode #69 ends after 3 steps
episode #70 ends after 10 steps
episode #71 ends after 7 steps
episode #72 ends after 5 steps
episode #73 ends after 4 steps
episode #74 ends after 3 steps
episode #75 ends after 13 steps
episode #76 ends after 3 steps
episode #77 ends after 2 steps
episode #78 ends after 8 steps
episode #79 ends after 11 steps
episode #80 ends after 2 steps
episode #81 ends after 4 steps
episode #82 ends after 4 steps
episode #83 ends after 3 steps
episode #84 ends after 8 steps
episode #85 ends after 2 steps
episode #86 ends after 10 steps
episode #87 ends after 7 steps
episode #88 ends after 8 steps
episode #89 ends after 3 steps
episode #90 ends after 19 steps
episode #91 ends after 2 steps
episode #92 ends after 3 steps
episode #93 ends after 2 steps
episode #94 ends after 2 steps
episode #95 ends after 13 steps
episode #96 ends after 3 steps
episode #97 ends after 5 steps
episode #98 ends after 7 steps
episode #99 ends after 2 steps
episode #100 ends after 6 steps
episode #101 ends after 14 steps
episode #102 ends after 21 steps
episode #103 ends after 8 steps
episode #104 ends after 7 steps
episode #105 ends after 4 steps
episode #106 ends after 7 steps
episode #107 ends after 8 steps
episode #108 ends after 11 steps
episode #109 ends after 2 steps
episode #110 ends after 13 steps
episode #111 ends after 3 steps
episode #112 ends after 10 steps
episode #113 ends after 8 steps
episode #114 ends after 9 steps
episode #115 ends after 4 steps
episode #116 ends after 6 steps
episode #117 ends after 7 steps
episode #118 ends after 7 steps
episode #119 ends after 5 steps
episode #120 ends after 10 steps
episode #121 ends after 5 steps
episode #122 ends after 12 steps
episode #123 ends after 10 steps
episode #124 ends after 9 steps
episode #125 ends after 6 steps
episode #126 ends after 5 steps
episode #127 ends after 18 steps
episode #128 ends after 4 steps
episode #129 ends after 1 steps
episode #130 ends after 2 steps
episode #131 ends after 4 steps
episode #132 ends after 3 steps
episode #133 ends after 5 steps
episode #134 ends after 7 steps
episode #135 ends after 1 steps
episode #136 ends after 24 steps
episode #137 ends after 6 steps
episode #138 ends after 6 steps
episode #139 ends after 14 steps
episode #140 ends after 2 steps
episode #141 ends after 4 steps
episode #142 ends after 6 steps
episode #143 ends after 6 steps
episode #144 ends after 9 steps
episode #145 ends after 1 steps
episode #146 ends after 4 steps
episode #147 ends after 4 steps
episode #148 ends after 5 steps
episode #149 ends after 13 steps
episode #150 ends after 2 steps
episode #151 ends after 3 steps
episode #152 ends after 16 steps
episode #153 ends after 5 steps
episode #154 ends after 2 steps
episode #155 ends after 4 steps
episode #156 ends after 4 steps
episode #157 ends after 7 steps
episode #158 ends after 8 steps
episode #159 ends after 5 steps
episode #160 ends after 6 steps
episode #161 ends after 5 steps
episode #162 ends after 2 steps
episode #163 ends after 10 steps
episode #164 ends after 2 steps
episode #165 ends after 9 steps
episode #166 ends after 11 steps
episode #167 ends after 7 steps
episode #168 ends after 9 steps
episode #169 ends after 2 steps
episode #170 ends after 9 steps
episode #171 ends after 2 steps
episode #172 ends after 6 steps
episode #173 ends after 4 steps
episode #174 ends after 6 steps
episode #175 ends after 7 steps
episode #176 ends after 14 steps
episode #177 ends after 4 steps
episode #178 ends after 5 steps
episode #179 ends after 16 steps
episode #180 ends after 4 steps
episode #181 ends after 3 steps
episode #182 ends after 9 steps
episode #183 ends after 4 steps
episode #184 ends after 6 steps
episode #185 ends after 8 steps
episode #186 ends after 5 steps
episode #187 ends after 4 steps
episode #188 ends after 10 steps
episode #189 ends after 1 steps
episode #190 ends after 4 steps
episode #191 ends after 4 steps
episode #192 ends after 12 steps
episode #193 ends after 6 steps
episode #194 ends after 9 steps
episode #195 ends after 6 steps
episode #196 ends after 5 steps
episode #197 ends after 3 steps
episode #198 ends after 4 steps
episode #199 ends after 3 steps
episode #200 ends after 10 steps
episode #201 ends after 3 steps
episode #202 ends after 9 steps
episode #203 ends after 7 steps
episode #204 ends after 9 steps
episode #205 ends after 6 steps
episode #206 ends after 2 steps
episode #207 ends after 2 steps
episode #208 ends after 6 steps
episode #209 ends after 11 steps
episode #210 ends after 6 steps
episode #211 ends after 25 steps
episode #212 ends after 22 steps
episode #213 ends after 13 steps
episode #214 ends after 8 steps
episode #215 ends after 3 steps
episode #216 ends after 14 steps
episode #217 ends after 3 steps
episode #218 ends after 8 steps
episode #219 ends after 8 steps
episode #220 ends after 4 steps
episode #221 ends after 7 steps
episode #222 ends after 16 steps
episode #223 ends after 8 steps
episode #224 ends after 2 steps
episode #225 ends after 2 steps
episode #226 ends after 7 steps
episode #227 ends after 3 steps
episode #228 ends after 6 steps
episode #229 ends after 16 steps
episode #230 ends after 7 steps
episode #231 ends after 1 steps
episode #232 ends after 13 steps
episode #233 ends after 6 steps
episode #234 ends after 4 steps
episode #235 ends after 2 steps
episode #236 ends after 6 steps
episode #237 ends after 3 steps
episode #238 ends after 2 steps
episode #239 ends after 4 steps
episode #240 ends after 4 steps
episode #241 ends after 15 steps
episode #242 ends after 11 steps
episode #243 ends after 1 steps
episode #244 ends after 5 steps
episode #245 ends after 3 steps
episode #246 ends after 12 steps
episode #247 ends after 17 steps
episode #248 ends after 4 steps
episode #249 ends after 16 steps
evaluation: FloorPlan2 {'object': 'GarbageCan'}
mean episode reward: 2.24
mean episode length: 6.73
mean episode collision: 2.01
episode success: 38.80%
episode SPL: 0.164
episode > 5 success: 2.63%
episode SPL > 5: 0.023
nb episode > 5: 38

episode #0 ends after 25 steps
episode #1 ends after 34 steps
episode #2 ends after 16 steps
episode #3 ends after 32 steps
episode #4 ends after 16 steps
episode #5 ends after 29 steps
episode #6 ends after 12 steps
episode #7 ends after 15 steps
episode #8 ends after 16 steps
episode #9 ends after 16 steps
episode #10 ends after 4 steps
episode #11 ends after 8 steps
episode #12 ends after 14 steps
episode #13 ends after 6 steps
episode #14 ends after 9 steps
episode #15 ends after 4 steps
episode #16 ends after 8 steps
episode #17 ends after 11 steps
episode #18 ends after 32 steps
episode #19 ends after 19 steps
episode #20 ends after 8 steps
episode #21 ends after 7 steps
episode #22 ends after 19 steps
episode #23 ends after 27 steps
episode #24 ends after 12 steps
episode #25 ends after 11 steps
episode #26 ends after 21 steps
episode #27 ends after 17 steps
episode #28 ends after 26 steps
episode #29 ends after 17 steps
episode #30 ends after 9 steps
episode #31 ends after 25 steps
episode #32 ends after 25 steps
episode #33 ends after 11 steps
episode #34 ends after 28 steps
episode #35 ends after 21 steps
episode #36 ends after 13 steps
episode #37 ends after 21 steps
episode #38 ends after 13 steps
episode #39 ends after 16 steps
episode #40 ends after 9 steps
episode #41 ends after 12 steps
episode #42 ends after 13 steps
episode #43 ends after 28 steps
episode #44 ends after 23 steps
episode #45 ends after 23 steps
episode #46 ends after 23 steps
episode #47 ends after 35 steps
episode #48 ends after 25 steps
episode #49 ends after 22 steps
episode #50 ends after 20 steps
episode #51 ends after 32 steps
episode #52 ends after 18 steps
episode #53 ends after 39 steps
episode #54 ends after 10 steps
episode #55 ends after 6 steps
episode #56 ends after 19 steps
episode #57 ends after 28 steps
episode #58 ends after 18 steps
episode #59 ends after 22 steps
episode #60 ends after 12 steps
episode #61 ends after 9 steps
episode #62 ends after 17 steps
episode #63 ends after 20 steps
episode #64 ends after 4 steps
episode #65 ends after 9 steps
episode #66 ends after 20 steps
episode #67 ends after 30 steps
episode #68 ends after 20 steps
episode #69 ends after 18 steps
episode #70 ends after 9 steps
episode #71 ends after 9 steps
episode #72 ends after 11 steps
episode #73 ends after 27 steps
episode #74 ends after 2 steps
episode #75 ends after 31 steps
episode #76 ends after 16 steps
episode #77 ends after 13 steps
episode #78 ends after 12 steps
episode #79 ends after 17 steps
episode #80 ends after 22 steps
episode #81 ends after 17 steps
episode #82 ends after 18 steps
episode #83 ends after 16 steps
episode #84 ends after 26 steps
episode #85 ends after 8 steps
episode #86 ends after 21 steps
episode #87 ends after 10 steps
episode #88 ends after 15 steps
episode #89 ends after 18 steps
episode #90 ends after 25 steps
episode #91 ends after 15 steps
episode #92 ends after 10 steps
episode #93 ends after 8 steps
episode #94 ends after 21 steps
episode #95 ends after 12 steps
episode #96 ends after 10 steps
episode #97 ends after 16 steps
episode #98 ends after 22 steps
episode #99 ends after 20 steps
episode #100 ends after 7 steps
episode #101 ends after 15 steps
episode #102 ends after 10 steps
episode #103 ends after 7 steps
episode #104 ends after 45 steps
episode #105 ends after 17 steps
episode #106 ends after 8 steps
episode #107 ends after 29 steps
episode #108 ends after 8 steps
episode #109 ends after 8 steps
episode #110 ends after 6 steps
episode #111 ends after 27 steps
episode #112 ends after 19 steps
episode #113 ends after 18 steps
episode #114 ends after 59 steps
episode #115 ends after 16 steps
episode #116 ends after 30 steps
episode #117 ends after 8 steps
episode #118 ends after 3 steps
episode #119 ends after 22 steps
episode #120 ends after 30 steps
episode #121 ends after 22 steps
episode #122 ends after 7 steps
episode #123 ends after 21 steps
episode #124 ends after 15 steps
episode #125 ends after 7 steps
episode #126 ends after 36 steps
episode #127 ends after 25 steps
episode #128 ends after 15 steps
episode #129 ends after 5 steps
episode #130 ends after 10 steps
episode #131 ends after 15 steps
episode #132 ends after 16 steps
episode #133 ends after 23 steps
episode #134 ends after 15 steps
episode #135 ends after 13 steps
episode #136 ends after 11 steps
episode #137 ends after 22 steps
episode #138 ends after 19 steps
episode #139 ends after 19 steps
episode #140 ends after 23 steps
episode #141 ends after 19 steps
episode #142 ends after 28 steps
episode #143 ends after 7 steps
episode #144 ends after 20 steps
episode #145 ends after 15 steps
episode #146 ends after 26 steps
episode #147 ends after 10 steps
episode #148 ends after 13 steps
episode #149 ends after 22 steps
episode #150 ends after 25 steps
episode #151 ends after 8 steps
episode #152 ends after 25 steps
episode #153 ends after 11 steps
episode #154 ends after 24 steps
episode #155 ends after 17 steps
episode #156 ends after 23 steps
episode #157 ends after 16 steps
episode #158 ends after 10 steps
episode #159 ends after 26 steps
episode #160 ends after 7 steps
episode #161 ends after 21 steps
episode #162 ends after 18 steps
episode #163 ends after 12 steps
episode #164 ends after 10 steps
episode #165 ends after 19 steps
episode #166 ends after 22 steps
episode #167 ends after 10 steps
episode #168 ends after 26 steps
episode #169 ends after 15 steps
episode #170 ends after 14 steps
episode #171 ends after 30 steps
episode #172 ends after 19 steps
episode #173 ends after 20 steps
episode #174 ends after 12 steps
episode #175 ends after 24 steps
episode #176 ends after 13 steps
episode #177 ends after 39 steps
episode #178 ends after 13 steps
episode #179 ends after 31 steps
episode #180 ends after 26 steps
episode #181 ends after 43 steps
episode #182 ends after 13 steps
episode #183 ends after 12 steps
episode #184 ends after 7 steps
episode #185 ends after 19 steps
episode #186 ends after 16 steps
episode #187 ends after 27 steps
episode #188 ends after 6 steps
episode #189 ends after 10 steps
episode #190 ends after 26 steps
episode #191 ends after 21 steps
episode #192 ends after 28 steps
episode #193 ends after 22 steps
episode #194 ends after 29 steps
episode #195 ends after 11 steps
episode #196 ends after 25 steps
episode #197 ends after 26 steps
episode #198 ends after 19 steps
episode #199 ends after 14 steps
episode #200 ends after 17 steps
episode #201 ends after 10 steps
episode #202 ends after 38 steps
episode #203 ends after 10 steps
episode #204 ends after 32 steps
episode #205 ends after 13 steps
episode #206 ends after 32 steps
episode #207 ends after 27 steps
episode #208 ends after 27 steps
episode #209 ends after 17 steps
episode #210 ends after 12 steps
episode #211 ends after 37 steps
episode #212 ends after 12 steps
episode #213 ends after 10 steps
episode #214 ends after 9 steps
episode #215 ends after 23 steps
episode #216 ends after 28 steps
episode #217 ends after 11 steps
episode #218 ends after 14 steps
episode #219 ends after 16 steps
episode #220 ends after 12 steps
episode #221 ends after 22 steps
episode #222 ends after 11 steps
episode #223 ends after 22 steps
episode #224 ends after 22 steps
episode #225 ends after 15 steps
episode #226 ends after 25 steps
episode #227 ends after 10 steps
episode #228 ends after 18 steps
episode #229 ends after 13 steps
episode #230 ends after 15 steps
episode #231 ends after 18 steps
episode #232 ends after 24 steps
episode #233 ends after 10 steps
episode #234 ends after 7 steps
episode #235 ends after 54 steps
episode #236 ends after 13 steps
episode #237 ends after 16 steps
episode #238 ends after 26 steps
episode #239 ends after 23 steps
episode #240 ends after 12 steps
episode #241 ends after 17 steps
episode #242 ends after 19 steps
episode #243 ends after 42 steps
episode #244 ends after 16 steps
episode #245 ends after 9 steps
episode #246 ends after 5 steps
episode #247 ends after 6 steps
episode #248 ends after 4 steps
episode #249 ends after 15 steps
evaluation: FloorPlan2 {'object': 'Fridge'}
mean episode reward: 0.63
mean episode length: 18.00
mean episode collision: 5.27
episode success: 6.80%
episode SPL: 0.016
episode > 5 success: 0.00%
episode SPL > 5: 0.000
nb episode > 5: 115

episode #0 ends after 6 steps
episode #1 ends after 13 steps
episode #2 ends after 10 steps
episode #3 ends after 16 steps
episode #4 ends after 12 steps
episode #5 ends after 13 steps
episode #6 ends after 26 steps
episode #7 ends after 2 steps
episode #8 ends after 13 steps
episode #9 ends after 22 steps
episode #10 ends after 37 steps
episode #11 ends after 13 steps
episode #12 ends after 15 steps
episode #13 ends after 12 steps
episode #14 ends after 7 steps
episode #15 ends after 28 steps
episode #16 ends after 13 steps
episode #17 ends after 16 steps
episode #18 ends after 9 steps
episode #19 ends after 8 steps
episode #20 ends after 4 steps
episode #21 ends after 19 steps
episode #22 ends after 17 steps
episode #23 ends after 7 steps
episode #24 ends after 22 steps
episode #25 ends after 15 steps
episode #26 ends after 7 steps
episode #27 ends after 19 steps
episode #28 ends after 10 steps
episode #29 ends after 23 steps
episode #30 ends after 13 steps
episode #31 ends after 9 steps
episode #32 ends after 19 steps
episode #33 ends after 12 steps
episode #34 ends after 3 steps
episode #35 ends after 8 steps
episode #36 ends after 14 steps
episode #37 ends after 21 steps
episode #38 ends after 15 steps
episode #39 ends after 20 steps
episode #40 ends after 19 steps
episode #41 ends after 8 steps
episode #42 ends after 27 steps
episode #43 ends after 9 steps
episode #44 ends after 8 steps
episode #45 ends after 11 steps
episode #46 ends after 10 steps
episode #47 ends after 11 steps
episode #48 ends after 12 steps
episode #49 ends after 14 steps
episode #50 ends after 24 steps
episode #51 ends after 26 steps
episode #52 ends after 10 steps
episode #53 ends after 12 steps
episode #54 ends after 9 steps
episode #55 ends after 9 steps
episode #56 ends after 12 steps
episode #57 ends after 22 steps
episode #58 ends after 3 steps
episode #59 ends after 14 steps
episode #60 ends after 17 steps
episode #61 ends after 10 steps
episode #62 ends after 10 steps
episode #63 ends after 22 steps
episode #64 ends after 12 steps
episode #65 ends after 10 steps
episode #66 ends after 8 steps
episode #67 ends after 3 steps
episode #68 ends after 10 steps
episode #69 ends after 9 steps
episode #70 ends after 9 steps
episode #71 ends after 9 steps
episode #72 ends after 11 steps
episode #73 ends after 10 steps
episode #74 ends after 29 steps
episode #75 ends after 12 steps
episode #76 ends after 15 steps
episode #77 ends after 9 steps
episode #78 ends after 4 steps
episode #79 ends after 11 steps
episode #80 ends after 10 steps
episode #81 ends after 9 steps
episode #82 ends after 24 steps
episode #83 ends after 23 steps
episode #84 ends after 23 steps
episode #85 ends after 13 steps
episode #86 ends after 8 steps
episode #87 ends after 15 steps
episode #88 ends after 8 steps
episode #89 ends after 26 steps
episode #90 ends after 3 steps
episode #91 ends after 8 steps
episode #92 ends after 10 steps
episode #93 ends after 9 steps
episode #94 ends after 26 steps
episode #95 ends after 14 steps
episode #96 ends after 7 steps
episode #97 ends after 11 steps
episode #98 ends after 9 steps
episode #99 ends after 11 steps
episode #100 ends after 22 steps
episode #101 ends after 12 steps
episode #102 ends after 9 steps
episode #103 ends after 9 steps
episode #104 ends after 7 steps
episode #105 ends after 8 steps
episode #106 ends after 6 steps
episode #107 ends after 11 steps
episode #108 ends after 11 steps
episode #109 ends after 18 steps
episode #110 ends after 4 steps
episode #111 ends after 26 steps
episode #112 ends after 8 steps
episode #113 ends after 14 steps
episode #114 ends after 19 steps
episode #115 ends after 7 steps
episode #116 ends after 9 steps
episode #117 ends after 13 steps
episode #118 ends after 13 steps
episode #119 ends after 9 steps
episode #120 ends after 2 steps
episode #121 ends after 46 steps
episode #122 ends after 15 steps
episode #123 ends after 13 steps
episode #124 ends after 18 steps
episode #125 ends after 13 steps
episode #126 ends after 9 steps
episode #127 ends after 3 steps
episode #128 ends after 19 steps
episode #129 ends after 18 steps
episode #130 ends after 12 steps
episode #131 ends after 11 steps
episode #132 ends after 9 steps
episode #133 ends after 18 steps
episode #134 ends after 38 steps
episode #135 ends after 15 steps
episode #136 ends after 5 steps
episode #137 ends after 13 steps
episode #138 ends after 9 steps
episode #139 ends after 11 steps
episode #140 ends after 18 steps
episode #141 ends after 7 steps
episode #142 ends after 28 steps
episode #143 ends after 22 steps
episode #144 ends after 7 steps
episode #145 ends after 9 steps
episode #146 ends after 7 steps
episode #147 ends after 12 steps
episode #148 ends after 8 steps
episode #149 ends after 8 steps
episode #150 ends after 11 steps
episode #151 ends after 33 steps
episode #152 ends after 9 steps
episode #153 ends after 9 steps
episode #154 ends after 5 steps
episode #155 ends after 8 steps
episode #156 ends after 9 steps
episode #157 ends after 16 steps
episode #158 ends after 8 steps
episode #159 ends after 32 steps
episode #160 ends after 16 steps
episode #161 ends after 8 steps
episode #162 ends after 18 steps
episode #163 ends after 11 steps
episode #164 ends after 12 steps
episode #165 ends after 10 steps
episode #166 ends after 9 steps
episode #167 ends after 10 steps
episode #168 ends after 11 steps
episode #169 ends after 14 steps
episode #170 ends after 19 steps
episode #171 ends after 7 steps
episode #172 ends after 19 steps
episode #173 ends after 27 steps
episode #174 ends after 9 steps
episode #175 ends after 6 steps
episode #176 ends after 10 steps
episode #177 ends after 38 steps
episode #178 ends after 22 steps
episode #179 ends after 10 steps
episode #180 ends after 10 steps
episode #181 ends after 7 steps
episode #182 ends after 8 steps
episode #183 ends after 15 steps
episode #184 ends after 10 steps
episode #185 ends after 4 steps
episode #186 ends after 10 steps
episode #187 ends after 18 steps
episode #188 ends after 21 steps
episode #189 ends after 11 steps
episode #190 ends after 15 steps
episode #191 ends after 9 steps
episode #192 ends after 23 steps
episode #193 ends after 13 steps
episode #194 ends after 14 steps
episode #195 ends after 9 steps
episode #196 ends after 20 steps
episode #197 ends after 11 steps
episode #198 ends after 12 steps
episode #199 ends after 9 steps
episode #200 ends after 6 steps
episode #201 ends after 9 steps
episode #202 ends after 12 steps
episode #203 ends after 10 steps
episode #204 ends after 10 steps
episode #205 ends after 6 steps
episode #206 ends after 9 steps
episode #207 ends after 6 steps
episode #208 ends after 9 steps
episode #209 ends after 7 steps
episode #210 ends after 12 steps
episode #211 ends after 19 steps
episode #212 ends after 14 steps
episode #213 ends after 13 steps
episode #214 ends after 3 steps
episode #215 ends after 14 steps
episode #216 ends after 23 steps
episode #217 ends after 14 steps
episode #218 ends after 23 steps
episode #219 ends after 7 steps
episode #220 ends after 9 steps
episode #221 ends after 5 steps
episode #222 ends after 14 steps
episode #223 ends after 18 steps
episode #224 ends after 15 steps
episode #225 ends after 21 steps
episode #226 ends after 25 steps
episode #227 ends after 20 steps
episode #228 ends after 17 steps
episode #229 ends after 15 steps
episode #230 ends after 16 steps
episode #231 ends after 23 steps
episode #232 ends after 7 steps
episode #233 ends after 10 steps
episode #234 ends after 15 steps
episode #235 ends after 9 steps
episode #236 ends after 12 steps
episode #237 ends after 16 steps
episode #238 ends after 13 steps
episode #239 ends after 27 steps
episode #240 ends after 13 steps
episode #241 ends after 7 steps
episode #242 ends after 21 steps
episode #243 ends after 10 steps
episode #244 ends after 19 steps
episode #245 ends after 11 steps
episode #246 ends after 9 steps
episode #247 ends after 9 steps
episode #248 ends after 15 steps
episode #249 ends after 25 steps
evaluation: FloorPlan2 {'object': 'CoffeeMachine'}
mean episode reward: 0.29
mean episode length: 13.36
mean episode collision: 4.67
episode success: 6.40%
episode SPL: 0.026
episode > 5 success: 0.00%
episode SPL > 5: 0.000
nb episode > 5: 212

episode #0 ends after 12 steps
episode #1 ends after 13 steps
episode #2 ends after 17 steps
episode #3 ends after 9 steps
episode #4 ends after 11 steps
episode #5 ends after 5 steps
episode #6 ends after 4 steps
episode #7 ends after 9 steps
episode #8 ends after 4 steps
episode #9 ends after 10 steps
episode #10 ends after 9 steps
episode #11 ends after 8 steps
episode #12 ends after 6 steps
episode #13 ends after 7 steps
episode #14 ends after 23 steps
episode #15 ends after 17 steps
episode #16 ends after 12 steps
episode #17 ends after 11 steps
episode #18 ends after 14 steps
episode #19 ends after 16 steps
episode #20 ends after 16 steps
episode #21 ends after 18 steps
episode #22 ends after 17 steps
episode #23 ends after 14 steps
episode #24 ends after 10 steps
episode #25 ends after 38 steps
episode #26 ends after 9 steps
episode #27 ends after 18 steps
episode #28 ends after 10 steps
episode #29 ends after 2 steps
episode #30 ends after 29 steps
episode #31 ends after 9 steps
episode #32 ends after 19 steps
episode #33 ends after 12 steps
episode #34 ends after 11 steps
episode #35 ends after 12 steps
episode #36 ends after 10 steps
episode #37 ends after 12 steps
episode #38 ends after 10 steps
episode #39 ends after 14 steps
episode #40 ends after 11 steps
episode #41 ends after 7 steps
episode #42 ends after 4 steps
episode #43 ends after 3 steps
episode #44 ends after 10 steps
episode #45 ends after 25 steps
episode #46 ends after 10 steps
episode #47 ends after 4 steps
episode #48 ends after 5 steps
episode #49 ends after 22 steps
episode #50 ends after 9 steps
episode #51 ends after 16 steps
episode #52 ends after 8 steps
episode #53 ends after 6 steps
episode #54 ends after 9 steps
episode #55 ends after 9 steps
episode #56 ends after 8 steps
episode #57 ends after 10 steps
episode #58 ends after 2 steps
episode #59 ends after 14 steps
episode #60 ends after 7 steps
episode #61 ends after 8 steps
episode #62 ends after 10 steps
episode #63 ends after 13 steps
episode #64 ends after 26 steps
episode #65 ends after 5 steps
episode #66 ends after 13 steps
episode #67 ends after 8 steps
episode #68 ends after 26 steps
episode #69 ends after 7 steps
episode #70 ends after 2 steps
episode #71 ends after 5 steps
episode #72 ends after 21 steps
episode #73 ends after 23 steps
episode #74 ends after 17 steps
episode #75 ends after 6 steps
episode #76 ends after 8 steps
episode #77 ends after 13 steps
episode #78 ends after 16 steps
episode #79 ends after 10 steps
episode #80 ends after 26 steps
episode #81 ends after 25 steps
episode #82 ends after 2 steps
episode #83 ends after 8 steps
episode #84 ends after 9 steps
episode #85 ends after 7 steps
episode #86 ends after 9 steps
episode #87 ends after 5 steps
episode #88 ends after 14 steps
episode #89 ends after 14 steps
episode #90 ends after 13 steps
episode #91 ends after 6 steps
episode #92 ends after 11 steps
episode #93 ends after 4 steps
episode #94 ends after 8 steps
episode #95 ends after 20 steps
episode #96 ends after 14 steps
episode #97 ends after 2 steps
episode #98 ends after 9 steps
episode #99 ends after 21 steps
episode #100 ends after 23 steps
episode #101 ends after 12 steps
episode #102 ends after 12 steps
episode #103 ends after 20 steps
episode #104 ends after 24 steps
episode #105 ends after 9 steps
episode #106 ends after 3 steps
episode #107 ends after 1 steps
episode #108 ends after 31 steps
episode #109 ends after 11 steps
episode #110 ends after 12 steps
episode #111 ends after 3 steps
episode #112 ends after 12 steps
episode #113 ends after 12 steps
episode #114 ends after 13 steps
episode #115 ends after 15 steps
episode #116 ends after 22 steps
episode #117 ends after 13 steps
episode #118 ends after 13 steps
episode #119 ends after 12 steps
episode #120 ends after 12 steps
episode #121 ends after 5 steps
episode #122 ends after 17 steps
episode #123 ends after 12 steps
episode #124 ends after 8 steps
episode #125 ends after 10 steps
episode #126 ends after 20 steps
episode #127 ends after 4 steps
episode #128 ends after 14 steps
episode #129 ends after 3 steps
episode #130 ends after 23 steps
episode #131 ends after 15 steps
episode #132 ends after 15 steps
episode #133 ends after 11 steps
episode #134 ends after 5 steps
episode #135 ends after 42 steps
episode #136 ends after 9 steps
episode #137 ends after 7 steps
episode #138 ends after 9 steps
episode #139 ends after 7 steps
episode #140 ends after 10 steps
episode #141 ends after 9 steps
episode #142 ends after 8 steps
episode #143 ends after 4 steps
episode #144 ends after 6 steps
episode #145 ends after 5 steps
episode #146 ends after 8 steps
episode #147 ends after 2 steps
episode #148 ends after 9 steps
episode #149 ends after 5 steps
episode #150 ends after 14 steps
episode #151 ends after 5 steps
episode #152 ends after 12 steps
episode #153 ends after 8 steps
episode #154 ends after 13 steps
episode #155 ends after 4 steps
episode #156 ends after 15 steps
episode #157 ends after 20 steps
episode #158 ends after 18 steps
episode #159 ends after 7 steps
episode #160 ends after 12 steps
episode #161 ends after 10 steps
episode #162 ends after 15 steps
episode #163 ends after 26 steps
episode #164 ends after 14 steps
episode #165 ends after 10 steps
episode #166 ends after 15 steps
episode #167 ends after 6 steps
episode #168 ends after 10 steps
episode #169 ends after 6 steps
episode #170 ends after 4 steps
episode #171 ends after 2 steps
episode #172 ends after 9 steps
episode #173 ends after 4 steps
episode #174 ends after 11 steps
episode #175 ends after 9 steps
episode #176 ends after 17 steps
episode #177 ends after 6 steps
episode #178 ends after 5 steps
episode #179 ends after 11 steps
episode #180 ends after 15 steps
episode #181 ends after 10 steps
episode #182 ends after 10 steps
episode #183 ends after 10 steps
episode #184 ends after 3 steps
episode #185 ends after 13 steps
episode #186 ends after 18 steps
episode #187 ends after 16 steps
episode #188 ends after 4 steps
episode #189 ends after 17 steps
episode #190 ends after 9 steps
episode #191 ends after 5 steps
episode #192 ends after 14 steps
episode #193 ends after 10 steps
episode #194 ends after 18 steps
episode #195 ends after 2 steps
episode #196 ends after 14 steps
episode #197 ends after 4 steps
episode #198 ends after 12 steps
episode #199 ends after 10 steps
episode #200 ends after 11 steps
episode #201 ends after 8 steps
episode #202 ends after 11 steps
episode #203 ends after 3 steps
episode #204 ends after 5 steps
episode #205 ends after 15 steps
episode #206 ends after 14 steps
episode #207 ends after 9 steps
episode #208 ends after 8 steps
episode #209 ends after 16 steps
episode #210 ends after 40 steps
episode #211 ends after 3 steps
episode #212 ends after 6 steps
episode #213 ends after 22 steps
episode #214 ends after 10 steps
episode #215 ends after 9 steps
episode #216 ends after 12 steps
episode #217 ends after 3 steps
episode #218 ends after 10 steps
episode #219 ends after 3 steps
episode #220 ends after 16 steps
episode #221 ends after 9 steps
episode #222 ends after 7 steps
episode #223 ends after 8 steps
episode #224 ends after 10 steps
episode #225 ends after 2 steps
episode #226 ends after 6 steps
episode #227 ends after 10 steps
episode #228 ends after 8 steps
episode #229 ends after 7 steps
episode #230 ends after 14 steps
episode #231 ends after 3 steps
episode #232 ends after 4 steps
episode #233 ends after 6 steps
episode #234 ends after 31 steps
episode #235 ends after 11 steps
episode #236 ends after 9 steps
episode #237 ends after 11 steps
episode #238 ends after 16 steps
episode #239 ends after 22 steps
episode #240 ends after 10 steps
episode #241 ends after 5 steps
episode #242 ends after 9 steps
episode #243 ends after 35 steps
episode #244 ends after 17 steps
episode #245 ends after 11 steps
episode #246 ends after 20 steps
episode #247 ends after 11 steps
episode #248 ends after 29 steps
episode #249 ends after 19 steps
evaluation: FloorPlan2 {'object': 'Toaster'}
mean episode reward: 0.48
mean episode length: 11.53
mean episode collision: 3.92
episode success: 8.00%
episode SPL: 0.039
episode > 5 success: 0.00%
episode SPL > 5: 0.000
nb episode > 5: 179

episode #0 ends after 19 steps
episode #1 ends after 17 steps
episode #2 ends after 11 steps
episode #3 ends after 8 steps
episode #4 ends after 14 steps
episode #5 ends after 12 steps
episode #6 ends after 11 steps
episode #7 ends after 8 steps
episode #8 ends after 11 steps
episode #9 ends after 7 steps
episode #10 ends after 8 steps
episode #11 ends after 21 steps
episode #12 ends after 13 steps
episode #13 ends after 8 steps
episode #14 ends after 9 steps
episode #15 ends after 14 steps
episode #16 ends after 8 steps
episode #17 ends after 9 steps
episode #18 ends after 19 steps
episode #19 ends after 6 steps
episode #20 ends after 9 steps
episode #21 ends after 7 steps
episode #22 ends after 5 steps
episode #23 ends after 9 steps
episode #24 ends after 24 steps
episode #25 ends after 6 steps
episode #26 ends after 9 steps
episode #27 ends after 6 steps
episode #28 ends after 7 steps
episode #29 ends after 10 steps
episode #30 ends after 11 steps
episode #31 ends after 9 steps
episode #32 ends after 4 steps
episode #33 ends after 6 steps
episode #34 ends after 8 steps
episode #35 ends after 15 steps
episode #36 ends after 13 steps
episode #37 ends after 11 steps
episode #38 ends after 5 steps
episode #39 ends after 14 steps
episode #40 ends after 12 steps
episode #41 ends after 10 steps
episode #42 ends after 12 steps
episode #43 ends after 13 steps
episode #44 ends after 5 steps
episode #45 ends after 7 steps
episode #46 ends after 8 steps
episode #47 ends after 6 steps
episode #48 ends after 8 steps
episode #49 ends after 16 steps
episode #50 ends after 2 steps
episode #51 ends after 14 steps
episode #52 ends after 8 steps
episode #53 ends after 11 steps
episode #54 ends after 3 steps
episode #55 ends after 13 steps
episode #56 ends after 12 steps
episode #57 ends after 4 steps
episode #58 ends after 9 steps
episode #59 ends after 14 steps
episode #60 ends after 14 steps
episode #61 ends after 10 steps
episode #62 ends after 14 steps
episode #63 ends after 4 steps
episode #64 ends after 23 steps
episode #65 ends after 8 steps
episode #66 ends after 13 steps
episode #67 ends after 8 steps
episode #68 ends after 5 steps
episode #69 ends after 16 steps
episode #70 ends after 8 steps
episode #71 ends after 11 steps
episode #72 ends after 9 steps
episode #73 ends after 11 steps
episode #74 ends after 12 steps
episode #75 ends after 4 steps
episode #76 ends after 8 steps
episode #77 ends after 14 steps
episode #78 ends after 15 steps
episode #79 ends after 12 steps
episode #80 ends after 12 steps
episode #81 ends after 1 steps
episode #82 ends after 18 steps
episode #83 ends after 5 steps
episode #84 ends after 4 steps
episode #85 ends after 20 steps
episode #86 ends after 10 steps
episode #87 ends after 9 steps
episode #88 ends after 13 steps
episode #89 ends after 15 steps
episode #90 ends after 12 steps
episode #91 ends after 25 steps
episode #92 ends after 10 steps
episode #93 ends after 16 steps
episode #94 ends after 10 steps
episode #95 ends after 8 steps
episode #96 ends after 3 steps
episode #97 ends after 6 steps
episode #98 ends after 24 steps
episode #99 ends after 13 steps
episode #100 ends after 7 steps
episode #101 ends after 7 steps
episode #102 ends after 16 steps
episode #103 ends after 18 steps
episode #104 ends after 21 steps
episode #105 ends after 7 steps
episode #106 ends after 8 steps
episode #107 ends after 4 steps
episode #108 ends after 7 steps
episode #109 ends after 14 steps
episode #110 ends after 22 steps
episode #111 ends after 10 steps
episode #112 ends after 13 steps
episode #113 ends after 6 steps
episode #114 ends after 12 steps
episode #115 ends after 21 steps
episode #116 ends after 12 steps
episode #117 ends after 9 steps
episode #118 ends after 4 steps
episode #119 ends after 10 steps
episode #120 ends after 11 steps
episode #121 ends after 11 steps
episode #122 ends after 5 steps
episode #123 ends after 5 steps
episode #124 ends after 9 steps
episode #125 ends after 10 steps
episode #126 ends after 4 steps
episode #127 ends after 22 steps
episode #128 ends after 8 steps
episode #129 ends after 7 steps
episode #130 ends after 16 steps
episode #131 ends after 21 steps
episode #132 ends after 7 steps
episode #133 ends after 6 steps
episode #134 ends after 10 steps
episode #135 ends after 9 steps
episode #136 ends after 9 steps
episode #137 ends after 4 steps
episode #138 ends after 14 steps
episode #139 ends after 4 steps
episode #140 ends after 6 steps
episode #141 ends after 10 steps
episode #142 ends after 3 steps
episode #143 ends after 9 steps
episode #144 ends after 10 steps
episode #145 ends after 9 steps
episode #146 ends after 7 steps
episode #147 ends after 6 steps
episode #148 ends after 12 steps
episode #149 ends after 17 steps
episode #150 ends after 8 steps
episode #151 ends after 7 steps
episode #152 ends after 17 steps
episode #153 ends after 7 steps
episode #154 ends after 11 steps
episode #155 ends after 6 steps
episode #156 ends after 6 steps
episode #157 ends after 31 steps
episode #158 ends after 15 steps
episode #159 ends after 4 steps
episode #160 ends after 43 steps
episode #161 ends after 7 steps
episode #162 ends after 6 steps
episode #163 ends after 8 steps
episode #164 ends after 8 steps
episode #165 ends after 8 steps
episode #166 ends after 8 steps
episode #167 ends after 3 steps
episode #168 ends after 8 steps
episode #169 ends after 10 steps
episode #170 ends after 11 steps
episode #171 ends after 16 steps
episode #172 ends after 11 steps
episode #173 ends after 11 steps
episode #174 ends after 10 steps
episode #175 ends after 5 steps
episode #176 ends after 7 steps
episode #177 ends after 10 steps
episode #178 ends after 11 steps
episode #179 ends after 11 steps
episode #180 ends after 5 steps
episode #181 ends after 4 steps
episode #182 ends after 4 steps
episode #183 ends after 13 steps
episode #184 ends after 12 steps
episode #185 ends after 10 steps
episode #186 ends after 26 steps
episode #187 ends after 9 steps
episode #188 ends after 12 steps
episode #189 ends after 11 steps
episode #190 ends after 6 steps
episode #191 ends after 8 steps
episode #192 ends after 8 steps
episode #193 ends after 6 steps
episode #194 ends after 10 steps
episode #195 ends after 13 steps
episode #196 ends after 25 steps
episode #197 ends after 16 steps
episode #198 ends after 7 steps
episode #199 ends after 8 steps
episode #200 ends after 10 steps
episode #201 ends after 14 steps
episode #202 ends after 8 steps
episode #203 ends after 11 steps
episode #204 ends after 12 steps
episode #205 ends after 9 steps
episode #206 ends after 11 steps
episode #207 ends after 7 steps
episode #208 ends after 2 steps
episode #209 ends after 7 steps
episode #210 ends after 15 steps
episode #211 ends after 15 steps
episode #212 ends after 31 steps
episode #213 ends after 3 steps
episode #214 ends after 8 steps
episode #215 ends after 7 steps
episode #216 ends after 18 steps
episode #217 ends after 6 steps
episode #218 ends after 10 steps
episode #219 ends after 11 steps
episode #220 ends after 12 steps
episode #221 ends after 15 steps
episode #222 ends after 10 steps
episode #223 ends after 9 steps
episode #224 ends after 27 steps
episode #225 ends after 7 steps
episode #226 ends after 16 steps
episode #227 ends after 18 steps
episode #228 ends after 12 steps
episode #229 ends after 15 steps
episode #230 ends after 11 steps
episode #231 ends after 12 steps
episode #232 ends after 18 steps
episode #233 ends after 10 steps
episode #234 ends after 8 steps
episode #235 ends after 13 steps
episode #236 ends after 9 steps
episode #237 ends after 9 steps
episode #238 ends after 18 steps
episode #239 ends after 8 steps
episode #240 ends after 8 steps
episode #241 ends after 13 steps
episode #242 ends after 16 steps
episode #243 ends after 12 steps
episode #244 ends after 1 steps
episode #245 ends after 7 steps
episode #246 ends after 10 steps
episode #247 ends after 8 steps
episode #248 ends after 8 steps
episode #249 ends after 6 steps
evaluation: FloorPlan3 {'object': 'Bowl'}
mean episode reward: 1.75
mean episode length: 10.67
mean episode collision: 3.14
episode success: 32.40%
episode SPL: 0.188
episode > 5 success: 33.33%
episode SPL > 5: 0.227
nb episode > 5: 117

episode #0 ends after 7 steps
episode #1 ends after 144 steps
episode #2 ends after 180 steps
episode #3 ends after 179 steps
episode #4 ends after 112 steps
episode #5 ends after 16 steps
episode #6 ends after 11 steps
episode #7 ends after 36 steps
episode #8 ends after 300 steps
episode #9 ends after 25 steps
episode #10 ends after 12 steps
episode #11 ends after 71 steps
episode #12 ends after 36 steps
episode #13 ends after 27 steps
episode #14 ends after 2 steps
episode #15 ends after 39 steps
episode #16 ends after 26 steps
episode #17 ends after 93 steps
episode #18 ends after 37 steps
episode #19 ends after 51 steps
episode #20 ends after 19 steps
episode #21 ends after 31 steps
episode #22 ends after 5 steps
episode #23 ends after 34 steps
episode #24 ends after 107 steps
episode #25 ends after 15 steps
episode #26 ends after 51 steps
episode #27 ends after 41 steps
episode #28 ends after 64 steps
episode #29 ends after 4 steps
episode #30 ends after 8 steps
episode #31 ends after 81 steps
episode #32 ends after 16 steps
episode #33 ends after 20 steps
episode #34 ends after 33 steps
episode #35 ends after 100 steps
episode #36 ends after 46 steps
episode #37 ends after 23 steps
episode #38 ends after 31 steps
episode #39 ends after 5 steps
episode #40 ends after 136 steps
episode #41 ends after 38 steps
episode #42 ends after 19 steps
episode #43 ends after 30 steps
episode #44 ends after 44 steps
episode #45 ends after 10 steps
episode #46 ends after 16 steps
episode #47 ends after 19 steps
episode #48 ends after 260 steps
episode #49 ends after 30 steps
episode #50 ends after 22 steps
episode #51 ends after 46 steps
episode #52 ends after 38 steps
episode #53 ends after 50 steps
episode #54 ends after 143 steps
episode #55 ends after 82 steps
episode #56 ends after 43 steps
episode #57 ends after 58 steps
episode #58 ends after 27 steps
episode #59 ends after 63 steps
episode #60 ends after 26 steps
episode #61 ends after 5 steps
episode #62 ends after 93 steps
episode #63 ends after 15 steps
episode #64 ends after 34 steps
episode #65 ends after 43 steps
episode #66 ends after 62 steps
episode #67 ends after 74 steps
episode #68 ends after 22 steps
episode #69 ends after 44 steps
episode #70 ends after 4 steps
episode #71 ends after 117 steps
episode #72 ends after 10 steps
episode #73 ends after 4 steps
episode #74 ends after 3 steps
episode #75 ends after 24 steps
episode #76 ends after 47 steps
episode #77 ends after 45 steps
episode #78 ends after 12 steps
episode #79 ends after 7 steps
episode #80 ends after 24 steps
episode #81 ends after 14 steps
episode #82 ends after 86 steps
episode #83 ends after 101 steps
episode #84 ends after 10 steps
episode #85 ends after 38 steps
episode #86 ends after 125 steps
episode #87 ends after 62 steps
episode #88 ends after 28 steps
episode #89 ends after 122 steps
episode #90 ends after 44 steps
episode #91 ends after 17 steps
episode #92 ends after 89 steps
episode #93 ends after 27 steps
episode #94 ends after 5 steps
episode #95 ends after 10 steps
episode #96 ends after 9 steps
episode #97 ends after 64 steps
episode #98 ends after 86 steps
episode #99 ends after 21 steps
episode #100 ends after 22 steps
episode #101 ends after 3 steps
episode #102 ends after 50 steps
episode #103 ends after 4 steps
episode #104 ends after 17 steps
episode #105 ends after 143 steps
episode #106 ends after 15 steps
episode #107 ends after 300 steps
episode #108 ends after 15 steps
episode #109 ends after 41 steps
episode #110 ends after 17 steps
episode #111 ends after 57 steps
episode #112 ends after 23 steps
episode #113 ends after 56 steps
episode #114 ends after 56 steps
episode #115 ends after 132 steps
episode #116 ends after 46 steps
episode #117 ends after 20 steps
episode #118 ends after 32 steps
episode #119 ends after 69 steps
episode #120 ends after 26 steps
episode #121 ends after 105 steps
episode #122 ends after 153 steps
episode #123 ends after 186 steps
episode #124 ends after 11 steps
episode #125 ends after 47 steps
episode #126 ends after 28 steps
episode #127 ends after 43 steps
episode #128 ends after 19 steps
episode #129 ends after 30 steps
episode #130 ends after 206 steps
episode #131 ends after 119 steps
episode #132 ends after 12 steps
episode #133 ends after 19 steps
episode #134 ends after 41 steps
episode #135 ends after 53 steps
episode #136 ends after 80 steps
episode #137 ends after 182 steps
episode #138 ends after 23 steps
episode #139 ends after 3 steps
episode #140 ends after 3 steps
episode #141 ends after 67 steps
episode #142 ends after 61 steps
episode #143 ends after 37 steps
episode #144 ends after 84 steps
episode #145 ends after 46 steps
episode #146 ends after 56 steps
episode #147 ends after 300 steps
episode #148 ends after 47 steps
episode #149 ends after 31 steps
episode #150 ends after 118 steps
episode #151 ends after 189 steps
episode #152 ends after 6 steps
episode #153 ends after 80 steps
episode #154 ends after 44 steps
episode #155 ends after 4 steps
episode #156 ends after 2 steps
episode #157 ends after 10 steps
episode #158 ends after 33 steps
episode #159 ends after 21 steps
episode #160 ends after 34 steps
episode #161 ends after 34 steps
episode #162 ends after 53 steps
episode #163 ends after 10 steps
episode #164 ends after 29 steps
episode #165 ends after 7 steps
episode #166 ends after 6 steps
episode #167 ends after 19 steps
episode #168 ends after 5 steps
episode #169 ends after 4 steps
episode #170 ends after 24 steps
episode #171 ends after 22 steps
episode #172 ends after 37 steps
episode #173 ends after 73 steps
episode #174 ends after 35 steps
episode #175 ends after 52 steps
episode #176 ends after 16 steps
episode #177 ends after 16 steps
episode #178 ends after 22 steps
episode #179 ends after 17 steps
episode #180 ends after 3 steps
episode #181 ends after 17 steps
episode #182 ends after 6 steps
episode #183 ends after 17 steps
episode #184 ends after 35 steps
episode #185 ends after 92 steps
episode #186 ends after 22 steps
episode #187 ends after 62 steps
episode #188 ends after 300 steps
episode #189 ends after 84 steps
episode #190 ends after 233 steps
episode #191 ends after 82 steps
episode #192 ends after 69 steps
episode #193 ends after 2 steps
episode #194 ends after 5 steps
episode #195 ends after 18 steps
episode #196 ends after 38 steps
episode #197 ends after 81 steps
episode #198 ends after 129 steps
episode #199 ends after 54 steps
episode #200 ends after 65 steps
episode #201 ends after 50 steps
episode #202 ends after 36 steps
episode #203 ends after 100 steps
episode #204 ends after 13 steps
episode #205 ends after 17 steps
episode #206 ends after 46 steps
episode #207 ends after 111 steps
episode #208 ends after 4 steps
episode #209 ends after 49 steps
episode #210 ends after 56 steps
episode #211 ends after 11 steps
episode #212 ends after 5 steps
episode #213 ends after 32 steps
episode #214 ends after 64 steps
episode #215 ends after 32 steps
episode #216 ends after 37 steps
episode #217 ends after 8 steps
episode #218 ends after 33 steps
episode #219 ends after 96 steps
episode #220 ends after 32 steps
episode #221 ends after 18 steps
episode #222 ends after 3 steps
episode #223 ends after 31 steps
episode #224 ends after 27 steps
episode #225 ends after 10 steps
episode #226 ends after 19 steps
episode #227 ends after 51 steps
episode #228 ends after 45 steps
episode #229 ends after 61 steps
episode #230 ends after 13 steps
episode #231 ends after 20 steps
episode #232 ends after 41 steps
episode #233 ends after 25 steps
episode #234 ends after 4 steps
episode #235 ends after 40 steps
episode #236 ends after 4 steps
episode #237 ends after 72 steps
episode #238 ends after 17 steps
episode #239 ends after 96 steps
episode #240 ends after 18 steps
episode #241 ends after 36 steps
episode #242 ends after 17 steps
episode #243 ends after 14 steps
episode #244 ends after 3 steps
episode #245 ends after 10 steps
episode #246 ends after 28 steps
episode #247 ends after 65 steps
episode #248 ends after 16 steps
episode #249 ends after 17 steps
evaluation: FloorPlan3 {'object': 'Microwave'}
mean episode reward: 1.49
mean episode length: 49.24
mean episode collision: 35.51
episode success: 27.60%
episode SPL: 0.054
episode > 5 success: 0.00%
episode SPL > 5: 0.000
nb episode > 5: 14

episode #0 ends after 8 steps
episode #1 ends after 5 steps
episode #2 ends after 3 steps
episode #3 ends after 17 steps
episode #4 ends after 8 steps
episode #5 ends after 4 steps
episode #6 ends after 13 steps
episode #7 ends after 4 steps
episode #8 ends after 18 steps
episode #9 ends after 6 steps
episode #10 ends after 2 steps
episode #11 ends after 13 steps
episode #12 ends after 3 steps
episode #13 ends after 5 steps
episode #14 ends after 3 steps
episode #15 ends after 7 steps
episode #16 ends after 12 steps
episode #17 ends after 5 steps
episode #18 ends after 8 steps
episode #19 ends after 5 steps
episode #20 ends after 21 steps
episode #21 ends after 3 steps
episode #22 ends after 3 steps
episode #23 ends after 5 steps
episode #24 ends after 10 steps
episode #25 ends after 11 steps
episode #26 ends after 5 steps
episode #27 ends after 8 steps
episode #28 ends after 2 steps
episode #29 ends after 9 steps
episode #30 ends after 7 steps
episode #31 ends after 18 steps
episode #32 ends after 6 steps
episode #33 ends after 4 steps
episode #34 ends after 13 steps
episode #35 ends after 15 steps
episode #36 ends after 4 steps
episode #37 ends after 12 steps
episode #38 ends after 6 steps
episode #39 ends after 4 steps
episode #40 ends after 4 steps
episode #41 ends after 8 steps
episode #42 ends after 11 steps
episode #43 ends after 2 steps
episode #44 ends after 13 steps
episode #45 ends after 4 steps
episode #46 ends after 8 steps
episode #47 ends after 2 steps
episode #48 ends after 14 steps
episode #49 ends after 12 steps
episode #50 ends after 6 steps
episode #51 ends after 8 steps
episode #52 ends after 10 steps
episode #53 ends after 5 steps
episode #54 ends after 10 steps
episode #55 ends after 23 steps
episode #56 ends after 3 steps
episode #57 ends after 17 steps
episode #58 ends after 7 steps
episode #59 ends after 11 steps
episode #60 ends after 10 steps
episode #61 ends after 4 steps
episode #62 ends after 6 steps
episode #63 ends after 7 steps
episode #64 ends after 11 steps
episode #65 ends after 16 steps
episode #66 ends after 4 steps
episode #67 ends after 8 steps
episode #68 ends after 11 steps
episode #69 ends after 6 steps
episode #70 ends after 13 steps
episode #71 ends after 4 steps
episode #72 ends after 10 steps
episode #73 ends after 5 steps
episode #74 ends after 9 steps
episode #75 ends after 6 steps
episode #76 ends after 3 steps
episode #77 ends after 11 steps
episode #78 ends after 4 steps
episode #79 ends after 11 steps
episode #80 ends after 5 steps
episode #81 ends after 8 steps
episode #82 ends after 5 steps
episode #83 ends after 6 steps
episode #84 ends after 12 steps
episode #85 ends after 1 steps
episode #86 ends after 11 steps
episode #87 ends after 6 steps
episode #88 ends after 3 steps
episode #89 ends after 2 steps
episode #90 ends after 10 steps
episode #91 ends after 12 steps
episode #92 ends after 4 steps
episode #93 ends after 18 steps
episode #94 ends after 5 steps
episode #95 ends after 3 steps
episode #96 ends after 7 steps
episode #97 ends after 5 steps
episode #98 ends after 7 steps
episode #99 ends after 10 steps
episode #100 ends after 8 steps
episode #101 ends after 4 steps
episode #102 ends after 13 steps
episode #103 ends after 12 steps
episode #104 ends after 1 steps
episode #105 ends after 7 steps
episode #106 ends after 17 steps
episode #107 ends after 12 steps
episode #108 ends after 5 steps
episode #109 ends after 14 steps
episode #110 ends after 9 steps
episode #111 ends after 12 steps
episode #112 ends after 3 steps
episode #113 ends after 3 steps
episode #114 ends after 6 steps
episode #115 ends after 12 steps
episode #116 ends after 15 steps
episode #117 ends after 18 steps
episode #118 ends after 3 steps
episode #119 ends after 6 steps
episode #120 ends after 6 steps
episode #121 ends after 9 steps
episode #122 ends after 13 steps
episode #123 ends after 18 steps
episode #124 ends after 11 steps
episode #125 ends after 6 steps
episode #126 ends after 17 steps
episode #127 ends after 7 steps
episode #128 ends after 10 steps
episode #129 ends after 15 steps
episode #130 ends after 17 steps
episode #131 ends after 5 steps
episode #132 ends after 9 steps
episode #133 ends after 7 steps
episode #134 ends after 7 steps
episode #135 ends after 10 steps
episode #136 ends after 12 steps
episode #137 ends after 6 steps
episode #138 ends after 2 steps
episode #139 ends after 4 steps
episode #140 ends after 3 steps
episode #141 ends after 11 steps
episode #142 ends after 10 steps
episode #143 ends after 3 steps
episode #144 ends after 4 steps
episode #145 ends after 6 steps
episode #146 ends after 4 steps
episode #147 ends after 31 steps
episode #148 ends after 6 steps
episode #149 ends after 2 steps
episode #150 ends after 9 steps
episode #151 ends after 5 steps
episode #152 ends after 14 steps
episode #153 ends after 7 steps
episode #154 ends after 5 steps
episode #155 ends after 8 steps
episode #156 ends after 5 steps
episode #157 ends after 7 steps
episode #158 ends after 3 steps
episode #159 ends after 15 steps
episode #160 ends after 2 steps
episode #161 ends after 5 steps
episode #162 ends after 6 steps
episode #163 ends after 5 steps
episode #164 ends after 6 steps
episode #165 ends after 7 steps
episode #166 ends after 4 steps
episode #167 ends after 10 steps
episode #168 ends after 2 steps
episode #169 ends after 10 steps
episode #170 ends after 13 steps
episode #171 ends after 14 steps
episode #172 ends after 4 steps
episode #173 ends after 4 steps
episode #174 ends after 9 steps
episode #175 ends after 14 steps
episode #176 ends after 10 steps
episode #177 ends after 9 steps
episode #178 ends after 8 steps
episode #179 ends after 9 steps
episode #180 ends after 2 steps
episode #181 ends after 11 steps
episode #182 ends after 14 steps
episode #183 ends after 6 steps
episode #184 ends after 17 steps
episode #185 ends after 5 steps
episode #186 ends after 5 steps
episode #187 ends after 3 steps
episode #188 ends after 6 steps
episode #189 ends after 7 steps
episode #190 ends after 5 steps
episode #191 ends after 6 steps
episode #192 ends after 7 steps
episode #193 ends after 5 steps
episode #194 ends after 8 steps
episode #195 ends after 14 steps
episode #196 ends after 20 steps
episode #197 ends after 6 steps
episode #198 ends after 13 steps
episode #199 ends after 4 steps
episode #200 ends after 2 steps
episode #201 ends after 16 steps
episode #202 ends after 11 steps
episode #203 ends after 11 steps
episode #204 ends after 2 steps
episode #205 ends after 4 steps
episode #206 ends after 5 steps
episode #207 ends after 8 steps
episode #208 ends after 6 steps
episode #209 ends after 3 steps
episode #210 ends after 4 steps
episode #211 ends after 2 steps
episode #212 ends after 10 steps
episode #213 ends after 5 steps
episode #214 ends after 12 steps
episode #215 ends after 4 steps
episode #216 ends after 14 steps
episode #217 ends after 4 steps
episode #218 ends after 5 steps
episode #219 ends after 7 steps
episode #220 ends after 18 steps
episode #221 ends after 3 steps
episode #222 ends after 8 steps
episode #223 ends after 13 steps
episode #224 ends after 4 steps
episode #225 ends after 21 steps
episode #226 ends after 3 steps
episode #227 ends after 8 steps
episode #228 ends after 3 steps
episode #229 ends after 3 steps
episode #230 ends after 26 steps
episode #231 ends after 16 steps
episode #232 ends after 14 steps
episode #233 ends after 4 steps
episode #234 ends after 1 steps
episode #235 ends after 9 steps
episode #236 ends after 6 steps
episode #237 ends after 12 steps
episode #238 ends after 7 steps
episode #239 ends after 5 steps
episode #240 ends after 2 steps
episode #241 ends after 3 steps
episode #242 ends after 13 steps
episode #243 ends after 8 steps
episode #244 ends after 7 steps
episode #245 ends after 5 steps
episode #246 ends after 5 steps
episode #247 ends after 16 steps
episode #248 ends after 2 steps
episode #249 ends after 10 steps
evaluation: FloorPlan3 {'object': 'GarbageCan'}
mean episode reward: 1.01
mean episode length: 8.10
mean episode collision: 1.37
episode success: 18.40%
episode SPL: 0.058
episode > 5 success: 0.00%
episode SPL > 5: 0.000
nb episode > 5: 90

episode #0 ends after 51 steps
episode #1 ends after 72 steps
episode #2 ends after 50 steps
episode #3 ends after 9 steps
episode #4 ends after 162 steps
episode #5 ends after 21 steps
episode #6 ends after 85 steps
episode #7 ends after 42 steps
episode #8 ends after 50 steps
episode #9 ends after 86 steps
episode #10 ends after 5 steps
episode #11 ends after 7 steps
episode #12 ends after 27 steps
episode #13 ends after 104 steps
episode #14 ends after 5 steps
episode #15 ends after 6 steps
episode #16 ends after 6 steps
episode #17 ends after 4 steps
episode #18 ends after 45 steps
episode #19 ends after 121 steps
episode #20 ends after 24 steps
episode #21 ends after 6 steps
episode #22 ends after 80 steps
episode #23 ends after 12 steps
episode #24 ends after 43 steps
episode #25 ends after 7 steps
episode #26 ends after 9 steps
episode #27 ends after 8 steps
episode #28 ends after 8 steps
episode #29 ends after 6 steps
episode #30 ends after 8 steps
episode #31 ends after 6 steps
episode #32 ends after 74 steps
episode #33 ends after 6 steps
episode #34 ends after 65 steps
episode #35 ends after 11 steps
episode #36 ends after 9 steps
episode #37 ends after 9 steps
episode #38 ends after 10 steps
episode #39 ends after 54 steps
episode #40 ends after 2 steps
episode #41 ends after 39 steps
episode #42 ends after 6 steps
episode #43 ends after 39 steps
episode #44 ends after 65 steps
episode #45 ends after 8 steps
episode #46 ends after 32 steps
episode #47 ends after 35 steps
episode #48 ends after 8 steps
episode #49 ends after 95 steps
episode #50 ends after 75 steps
episode #51 ends after 10 steps
episode #52 ends after 45 steps
episode #53 ends after 62 steps
episode #54 ends after 46 steps
episode #55 ends after 85 steps
episode #56 ends after 51 steps
episode #57 ends after 4 steps
episode #58 ends after 52 steps
episode #59 ends after 8 steps
episode #60 ends after 167 steps
episode #61 ends after 141 steps
episode #62 ends after 46 steps
episode #63 ends after 5 steps
episode #64 ends after 10 steps
episode #65 ends after 189 steps
episode #66 ends after 47 steps
episode #67 ends after 71 steps
episode #68 ends after 7 steps
episode #69 ends after 58 steps
episode #70 ends after 83 steps
episode #71 ends after 76 steps
episode #72 ends after 3 steps
episode #73 ends after 7 steps
episode #74 ends after 5 steps
episode #75 ends after 44 steps
episode #76 ends after 54 steps
episode #77 ends after 46 steps
episode #78 ends after 6 steps
episode #79 ends after 21 steps
episode #80 ends after 92 steps
episode #81 ends after 12 steps
episode #82 ends after 170 steps
episode #83 ends after 29 steps
episode #84 ends after 77 steps
episode #85 ends after 130 steps
episode #86 ends after 58 steps
episode #87 ends after 12 steps
episode #88 ends after 64 steps
episode #89 ends after 102 steps
episode #90 ends after 70 steps
episode #91 ends after 3 steps
episode #92 ends after 26 steps
episode #93 ends after 7 steps
episode #94 ends after 7 steps
episode #95 ends after 42 steps
episode #96 ends after 41 steps
episode #97 ends after 42 steps
episode #98 ends after 13 steps
episode #99 ends after 9 steps
episode #100 ends after 6 steps
episode #101 ends after 20 steps
episode #102 ends after 127 steps
episode #103 ends after 55 steps
episode #104 ends after 62 steps
episode #105 ends after 60 steps
episode #106 ends after 112 steps
episode #107 ends after 21 steps
episode #108 ends after 131 steps
episode #109 ends after 11 steps
episode #110 ends after 5 steps
episode #111 ends after 46 steps
episode #112 ends after 209 steps
episode #113 ends after 10 steps
episode #114 ends after 79 steps
episode #115 ends after 11 steps
episode #116 ends after 8 steps
episode #117 ends after 10 steps
episode #118 ends after 6 steps
episode #119 ends after 6 steps
episode #120 ends after 54 steps
episode #121 ends after 79 steps
episode #122 ends after 24 steps
episode #123 ends after 27 steps
episode #124 ends after 11 steps
episode #125 ends after 6 steps
episode #126 ends after 204 steps
episode #127 ends after 71 steps
episode #128 ends after 6 steps
episode #129 ends after 5 steps
episode #130 ends after 9 steps
episode #131 ends after 11 steps
episode #132 ends after 300 steps
episode #133 ends after 11 steps
episode #134 ends after 9 steps
episode #135 ends after 8 steps
episode #136 ends after 84 steps
episode #137 ends after 47 steps
episode #138 ends after 108 steps
episode #139 ends after 14 steps
episode #140 ends after 153 steps
episode #141 ends after 111 steps
episode #142 ends after 7 steps
episode #143 ends after 58 steps
episode #144 ends after 34 steps
episode #145 ends after 11 steps
episode #146 ends after 12 steps
episode #147 ends after 3 steps
episode #148 ends after 4 steps
episode #149 ends after 18 steps
episode #150 ends after 8 steps
episode #151 ends after 9 steps
episode #152 ends after 7 steps
episode #153 ends after 47 steps
episode #154 ends after 217 steps
episode #155 ends after 9 steps
episode #156 ends after 38 steps
episode #157 ends after 13 steps
episode #158 ends after 117 steps
episode #159 ends after 8 steps
episode #160 ends after 11 steps
episode #161 ends after 7 steps
episode #162 ends after 155 steps
episode #163 ends after 12 steps
episode #164 ends after 5 steps
episode #165 ends after 48 steps
episode #166 ends after 5 steps
episode #167 ends after 149 steps
episode #168 ends after 65 steps
episode #169 ends after 10 steps
episode #170 ends after 10 steps
episode #171 ends after 21 steps
episode #172 ends after 19 steps
episode #173 ends after 5 steps
episode #174 ends after 10 steps
episode #175 ends after 21 steps
episode #176 ends after 10 steps
episode #177 ends after 5 steps
episode #178 ends after 110 steps
episode #179 ends after 6 steps
episode #180 ends after 6 steps
episode #181 ends after 52 steps
episode #182 ends after 10 steps
episode #183 ends after 8 steps
episode #184 ends after 44 steps
episode #185 ends after 7 steps
episode #186 ends after 127 steps
episode #187 ends after 7 steps
episode #188 ends after 7 steps
episode #189 ends after 8 steps
episode #190 ends after 13 steps
episode #191 ends after 55 steps
episode #192 ends after 77 steps
episode #193 ends after 10 steps
episode #194 ends after 17 steps
episode #195 ends after 6 steps
episode #196 ends after 50 steps
episode #197 ends after 37 steps
episode #198 ends after 6 steps
episode #199 ends after 39 steps
episode #200 ends after 16 steps
episode #201 ends after 8 steps
episode #202 ends after 101 steps
episode #203 ends after 52 steps
episode #204 ends after 96 steps
episode #205 ends after 82 steps
episode #206 ends after 46 steps
episode #207 ends after 45 steps
episode #208 ends after 10 steps
episode #209 ends after 6 steps
episode #210 ends after 4 steps
episode #211 ends after 7 steps
episode #212 ends after 177 steps
episode #213 ends after 14 steps
episode #214 ends after 8 steps
episode #215 ends after 60 steps
episode #216 ends after 104 steps
episode #217 ends after 62 steps
episode #218 ends after 43 steps
episode #219 ends after 5 steps
episode #220 ends after 50 steps
episode #221 ends after 7 steps
episode #222 ends after 81 steps
episode #223 ends after 41 steps
episode #224 ends after 13 steps
episode #225 ends after 78 steps
episode #226 ends after 179 steps
episode #227 ends after 11 steps
episode #228 ends after 6 steps
episode #229 ends after 8 steps
episode #230 ends after 37 steps
episode #231 ends after 87 steps
episode #232 ends after 40 steps
episode #233 ends after 71 steps
episode #234 ends after 8 steps
episode #235 ends after 60 steps
episode #236 ends after 13 steps
episode #237 ends after 8 steps
episode #238 ends after 27 steps
episode #239 ends after 39 steps
episode #240 ends after 48 steps
episode #241 ends after 101 steps
episode #242 ends after 44 steps
episode #243 ends after 7 steps
episode #244 ends after 44 steps
episode #245 ends after 10 steps
episode #246 ends after 27 steps
episode #247 ends after 45 steps
episode #248 ends after 35 steps
episode #249 ends after 6 steps
evaluation: FloorPlan3 {'object': 'Fridge'}
mean episode reward: 6.00
mean episode length: 42.74
mean episode collision: 27.08
episode success: 84.00%
episode SPL: 0.118
episode > 5 success: 72.73%
episode SPL > 5: 0.070
nb episode > 5: 22

episode #0 ends after 11 steps
episode #1 ends after 5 steps
episode #2 ends after 44 steps
episode #3 ends after 23 steps
episode #4 ends after 5 steps
episode #5 ends after 23 steps
episode #6 ends after 15 steps
episode #7 ends after 4 steps
episode #8 ends after 23 steps
episode #9 ends after 5 steps
episode #10 ends after 22 steps
episode #11 ends after 4 steps
episode #12 ends after 15 steps
episode #13 ends after 5 steps
episode #14 ends after 4 steps
episode #15 ends after 13 steps
episode #16 ends after 21 steps
episode #17 ends after 7 steps
episode #18 ends after 34 steps
episode #19 ends after 20 steps
episode #20 ends after 2 steps
episode #21 ends after 2 steps
episode #22 ends after 8 steps
episode #23 ends after 3 steps
episode #24 ends after 2 steps
episode #25 ends after 4 steps
episode #26 ends after 19 steps
episode #27 ends after 4 steps
episode #28 ends after 3 steps
episode #29 ends after 28 steps
episode #30 ends after 5 steps
episode #31 ends after 12 steps
episode #32 ends after 10 steps
episode #33 ends after 18 steps
episode #34 ends after 5 steps
episode #35 ends after 32 steps
episode #36 ends after 5 steps
episode #37 ends after 18 steps
episode #38 ends after 15 steps
episode #39 ends after 28 steps
episode #40 ends after 3 steps
episode #41 ends after 21 steps
episode #42 ends after 13 steps
episode #43 ends after 32 steps
episode #44 ends after 34 steps
episode #45 ends after 12 steps
episode #46 ends after 4 steps
episode #47 ends after 27 steps
episode #48 ends after 25 steps
episode #49 ends after 5 steps
episode #50 ends after 11 steps
episode #51 ends after 14 steps
episode #52 ends after 18 steps
episode #53 ends after 7 steps
episode #54 ends after 9 steps
episode #55 ends after 30 steps
episode #56 ends after 25 steps
episode #57 ends after 2 steps
episode #58 ends after 16 steps
episode #59 ends after 20 steps
episode #60 ends after 31 steps
episode #61 ends after 23 steps
episode #62 ends after 13 steps
episode #63 ends after 41 steps
episode #64 ends after 14 steps
episode #65 ends after 26 steps
episode #66 ends after 15 steps
episode #67 ends after 23 steps
episode #68 ends after 15 steps
episode #69 ends after 16 steps
episode #70 ends after 19 steps
episode #71 ends after 4 steps
episode #72 ends after 31 steps
episode #73 ends after 31 steps
episode #74 ends after 5 steps
episode #75 ends after 25 steps
episode #76 ends after 46 steps
episode #77 ends after 13 steps
episode #78 ends after 12 steps
episode #79 ends after 2 steps
episode #80 ends after 21 steps
episode #81 ends after 19 steps
episode #82 ends after 23 steps
episode #83 ends after 17 steps
episode #84 ends after 21 steps
episode #85 ends after 3 steps
episode #86 ends after 14 steps
episode #87 ends after 12 steps
episode #88 ends after 16 steps
episode #89 ends after 29 steps
episode #90 ends after 7 steps
episode #91 ends after 21 steps
episode #92 ends after 58 steps
episode #93 ends after 32 steps
episode #94 ends after 14 steps
episode #95 ends after 19 steps
episode #96 ends after 21 steps
episode #97 ends after 12 steps
episode #98 ends after 27 steps
episode #99 ends after 3 steps
episode #100 ends after 24 steps
episode #101 ends after 6 steps
episode #102 ends after 15 steps
episode #103 ends after 3 steps
episode #104 ends after 6 steps
episode #105 ends after 12 steps
episode #106 ends after 26 steps
episode #107 ends after 5 steps
episode #108 ends after 25 steps
episode #109 ends after 43 steps
episode #110 ends after 4 steps
episode #111 ends after 21 steps
episode #112 ends after 49 steps
episode #113 ends after 3 steps
episode #114 ends after 12 steps
episode #115 ends after 4 steps
episode #116 ends after 55 steps
episode #117 ends after 2 steps
episode #118 ends after 26 steps
episode #119 ends after 4 steps
episode #120 ends after 3 steps
episode #121 ends after 20 steps
episode #122 ends after 22 steps
episode #123 ends after 4 steps
episode #124 ends after 40 steps
episode #125 ends after 12 steps
episode #126 ends after 41 steps
episode #127 ends after 34 steps
episode #128 ends after 7 steps
episode #129 ends after 51 steps
episode #130 ends after 5 steps
episode #131 ends after 25 steps
episode #132 ends after 24 steps
episode #133 ends after 19 steps
episode #134 ends after 11 steps
episode #135 ends after 17 steps
episode #136 ends after 8 steps
episode #137 ends after 26 steps
episode #138 ends after 15 steps
episode #139 ends after 2 steps
episode #140 ends after 9 steps
episode #141 ends after 13 steps
episode #142 ends after 10 steps
episode #143 ends after 19 steps
episode #144 ends after 16 steps
episode #145 ends after 1 steps
episode #146 ends after 7 steps
episode #147 ends after 5 steps
episode #148 ends after 2 steps
episode #149 ends after 4 steps
episode #150 ends after 27 steps
episode #151 ends after 19 steps
episode #152 ends after 3 steps
episode #153 ends after 12 steps
episode #154 ends after 9 steps
episode #155 ends after 21 steps
episode #156 ends after 29 steps
episode #157 ends after 15 steps
episode #158 ends after 56 steps
episode #159 ends after 14 steps
episode #160 ends after 21 steps
episode #161 ends after 29 steps
episode #162 ends after 5 steps
episode #163 ends after 4 steps
episode #164 ends after 52 steps
episode #165 ends after 3 steps
episode #166 ends after 28 steps
episode #167 ends after 28 steps
episode #168 ends after 16 steps
episode #169 ends after 27 steps
episode #170 ends after 12 steps
episode #171 ends after 43 steps
episode #172 ends after 20 steps
episode #173 ends after 48 steps
episode #174 ends after 16 steps
episode #175 ends after 14 steps
episode #176 ends after 3 steps
episode #177 ends after 3 steps
episode #178 ends after 28 steps
episode #179 ends after 8 steps
episode #180 ends after 17 steps
episode #181 ends after 29 steps
episode #182 ends after 21 steps
episode #183 ends after 22 steps
episode #184 ends after 19 steps
episode #185 ends after 6 steps
episode #186 ends after 10 steps
episode #187 ends after 4 steps
episode #188 ends after 27 steps
episode #189 ends after 38 steps
episode #190 ends after 36 steps
episode #191 ends after 29 steps
episode #192 ends after 3 steps
episode #193 ends after 13 steps
episode #194 ends after 35 steps
episode #195 ends after 3 steps
episode #196 ends after 15 steps
episode #197 ends after 14 steps
episode #198 ends after 4 steps
episode #199 ends after 32 steps
episode #200 ends after 28 steps
episode #201 ends after 17 steps
episode #202 ends after 35 steps
episode #203 ends after 34 steps
episode #204 ends after 5 steps
episode #205 ends after 49 steps
episode #206 ends after 12 steps
episode #207 ends after 10 steps
episode #208 ends after 12 steps
episode #209 ends after 11 steps
episode #210 ends after 4 steps
episode #211 ends after 14 steps
episode #212 ends after 14 steps
episode #213 ends after 4 steps
episode #214 ends after 20 steps
episode #215 ends after 20 steps
episode #216 ends after 5 steps
episode #217 ends after 7 steps
episode #218 ends after 27 steps
episode #219 ends after 24 steps
episode #220 ends after 12 steps
episode #221 ends after 45 steps
episode #222 ends after 8 steps
episode #223 ends after 40 steps
episode #224 ends after 16 steps
episode #225 ends after 15 steps
episode #226 ends after 13 steps
episode #227 ends after 5 steps
episode #228 ends after 4 steps
episode #229 ends after 8 steps
episode #230 ends after 4 steps
episode #231 ends after 36 steps
episode #232 ends after 41 steps
episode #233 ends after 3 steps
episode #234 ends after 4 steps
episode #235 ends after 14 steps
episode #236 ends after 6 steps
episode #237 ends after 10 steps
episode #238 ends after 3 steps
episode #239 ends after 50 steps
episode #240 ends after 20 steps
episode #241 ends after 22 steps
episode #242 ends after 5 steps
episode #243 ends after 18 steps
episode #244 ends after 15 steps
episode #245 ends after 13 steps
episode #246 ends after 24 steps
episode #247 ends after 13 steps
episode #248 ends after 12 steps
episode #249 ends after 2 steps
evaluation: FloorPlan3 {'object': 'CoffeeMachine'}
mean episode reward: 1.75
mean episode length: 17.15
mean episode collision: 7.17
episode success: 32.00%
episode SPL: 0.094
episode > 5 success: 0.00%
episode SPL > 5: 0.000
nb episode > 5: 52

episode #0 ends after 11 steps
episode #1 ends after 12 steps
episode #2 ends after 5 steps
episode #3 ends after 11 steps
episode #4 ends after 4 steps
episode #5 ends after 24 steps
episode #6 ends after 2 steps
episode #7 ends after 37 steps
episode #8 ends after 23 steps
episode #9 ends after 5 steps
episode #10 ends after 7 steps
episode #11 ends after 5 steps
episode #12 ends after 3 steps
episode #13 ends after 27 steps
episode #14 ends after 5 steps
episode #15 ends after 4 steps
episode #16 ends after 6 steps
episode #17 ends after 6 steps
episode #18 ends after 12 steps
episode #19 ends after 30 steps
episode #20 ends after 5 steps
episode #21 ends after 7 steps
episode #22 ends after 4 steps
episode #23 ends after 11 steps
episode #24 ends after 5 steps
episode #25 ends after 24 steps
episode #26 ends after 29 steps
episode #27 ends after 8 steps
episode #28 ends after 6 steps
episode #29 ends after 15 steps
episode #30 ends after 11 steps
episode #31 ends after 15 steps
episode #32 ends after 7 steps
episode #33 ends after 10 steps
episode #34 ends after 12 steps
episode #35 ends after 15 steps
episode #36 ends after 11 steps
episode #37 ends after 2 steps
episode #38 ends after 15 steps
episode #39 ends after 19 steps
episode #40 ends after 19 steps
episode #41 ends after 6 steps
episode #42 ends after 4 steps
episode #43 ends after 8 steps
episode #44 ends after 26 steps
episode #45 ends after 17 steps
episode #46 ends after 5 steps
episode #47 ends after 9 steps
episode #48 ends after 5 steps
episode #49 ends after 37 steps
episode #50 ends after 32 steps
episode #51 ends after 3 steps
episode #52 ends after 23 steps
episode #53 ends after 20 steps
episode #54 ends after 22 steps
episode #55 ends after 7 steps
episode #56 ends after 10 steps
episode #57 ends after 6 steps
episode #58 ends after 6 steps
episode #59 ends after 4 steps
episode #60 ends after 4 steps
episode #61 ends after 24 steps
episode #62 ends after 20 steps
episode #63 ends after 4 steps
episode #64 ends after 2 steps
episode #65 ends after 9 steps
episode #66 ends after 5 steps
episode #67 ends after 20 steps
episode #68 ends after 7 steps
episode #69 ends after 27 steps
episode #70 ends after 25 steps
episode #71 ends after 32 steps
episode #72 ends after 22 steps
episode #73 ends after 20 steps
episode #74 ends after 4 steps
episode #75 ends after 19 steps
episode #76 ends after 3 steps
episode #77 ends after 12 steps
episode #78 ends after 17 steps
episode #79 ends after 7 steps
episode #80 ends after 6 steps
episode #81 ends after 8 steps
episode #82 ends after 21 steps
episode #83 ends after 8 steps
episode #84 ends after 6 steps
episode #85 ends after 16 steps
episode #86 ends after 6 steps
episode #87 ends after 25 steps
episode #88 ends after 27 steps
episode #89 ends after 7 steps
episode #90 ends after 22 steps
episode #91 ends after 6 steps
episode #92 ends after 23 steps
episode #93 ends after 15 steps
episode #94 ends after 3 steps
episode #95 ends after 11 steps
episode #96 ends after 7 steps
episode #97 ends after 3 steps
episode #98 ends after 8 steps
episode #99 ends after 3 steps
episode #100 ends after 5 steps
episode #101 ends after 4 steps
episode #102 ends after 31 steps
episode #103 ends after 30 steps
episode #104 ends after 7 steps
episode #105 ends after 34 steps
episode #106 ends after 8 steps
episode #107 ends after 10 steps
episode #108 ends after 5 steps
episode #109 ends after 9 steps
episode #110 ends after 3 steps
episode #111 ends after 13 steps
episode #112 ends after 30 steps
episode #113 ends after 14 steps
episode #114 ends after 24 steps
episode #115 ends after 29 steps
episode #116 ends after 17 steps
episode #117 ends after 7 steps
episode #118 ends after 15 steps
episode #119 ends after 13 steps
episode #120 ends after 6 steps
episode #121 ends after 8 steps
episode #122 ends after 3 steps
episode #123 ends after 12 steps
episode #124 ends after 3 steps
episode #125 ends after 1 steps
episode #126 ends after 16 steps
episode #127 ends after 12 steps
episode #128 ends after 5 steps
episode #129 ends after 26 steps
episode #130 ends after 14 steps
episode #131 ends after 4 steps
episode #132 ends after 4 steps
episode #133 ends after 4 steps
episode #134 ends after 28 steps
episode #135 ends after 5 steps
episode #136 ends after 11 steps
episode #137 ends after 19 steps
episode #138 ends after 16 steps
episode #139 ends after 3 steps
episode #140 ends after 18 steps
episode #141 ends after 16 steps
episode #142 ends after 15 steps
episode #143 ends after 16 steps
episode #144 ends after 29 steps
episode #145 ends after 5 steps
episode #146 ends after 6 steps
episode #147 ends after 8 steps
episode #148 ends after 6 steps
episode #149 ends after 6 steps
episode #150 ends after 4 steps
episode #151 ends after 6 steps
episode #152 ends after 5 steps
episode #153 ends after 33 steps
episode #154 ends after 10 steps
episode #155 ends after 3 steps
episode #156 ends after 9 steps
episode #157 ends after 2 steps
episode #158 ends after 6 steps
episode #159 ends after 2 steps
episode #160 ends after 43 steps
episode #161 ends after 9 steps
episode #162 ends after 3 steps
episode #163 ends after 36 steps
episode #164 ends after 24 steps
episode #165 ends after 5 steps
episode #166 ends after 3 steps
episode #167 ends after 12 steps
episode #168 ends after 7 steps
episode #169 ends after 4 steps
episode #170 ends after 6 steps
episode #171 ends after 26 steps
episode #172 ends after 7 steps
episode #173 ends after 6 steps
episode #174 ends after 12 steps
episode #175 ends after 14 steps
episode #176 ends after 5 steps
episode #177 ends after 68 steps
episode #178 ends after 15 steps
episode #179 ends after 5 steps
episode #180 ends after 12 steps
episode #181 ends after 4 steps
episode #182 ends after 3 steps
episode #183 ends after 14 steps
episode #184 ends after 19 steps
episode #185 ends after 26 steps
episode #186 ends after 6 steps
episode #187 ends after 2 steps
episode #188 ends after 5 steps
episode #189 ends after 10 steps
episode #190 ends after 3 steps
episode #191 ends after 4 steps
episode #192 ends after 3 steps
episode #193 ends after 15 steps
episode #194 ends after 6 steps
episode #195 ends after 16 steps
episode #196 ends after 53 steps
episode #197 ends after 4 steps
episode #198 ends after 19 steps
episode #199 ends after 18 steps
episode #200 ends after 43 steps
episode #201 ends after 7 steps
episode #202 ends after 6 steps
episode #203 ends after 10 steps
episode #204 ends after 5 steps
episode #205 ends after 5 steps
episode #206 ends after 16 steps
episode #207 ends after 8 steps
episode #208 ends after 2 steps
episode #209 ends after 37 steps
episode #210 ends after 12 steps
episode #211 ends after 10 steps
episode #212 ends after 43 steps
episode #213 ends after 19 steps
episode #214 ends after 15 steps
episode #215 ends after 7 steps
episode #216 ends after 17 steps
episode #217 ends after 9 steps
episode #218 ends after 6 steps
episode #219 ends after 8 steps
episode #220 ends after 17 steps
episode #221 ends after 11 steps
episode #222 ends after 16 steps
episode #223 ends after 16 steps
episode #224 ends after 22 steps
episode #225 ends after 26 steps
episode #226 ends after 19 steps
episode #227 ends after 3 steps
episode #228 ends after 10 steps
episode #229 ends after 15 steps
episode #230 ends after 2 steps
episode #231 ends after 14 steps
episode #232 ends after 26 steps
episode #233 ends after 25 steps
episode #234 ends after 8 steps
episode #235 ends after 10 steps
episode #236 ends after 25 steps
episode #237 ends after 7 steps
episode #238 ends after 4 steps
episode #239 ends after 7 steps
episode #240 ends after 42 steps
episode #241 ends after 2 steps
episode #242 ends after 7 steps
episode #243 ends after 15 steps
episode #244 ends after 3 steps
episode #245 ends after 19 steps
episode #246 ends after 15 steps
episode #247 ends after 13 steps
episode #248 ends after 23 steps
episode #249 ends after 6 steps
evaluation: FloorPlan3 {'object': 'Toaster'}
mean episode reward: 0.83
mean episode length: 12.92
mean episode collision: 4.94
episode success: 12.40%
episode SPL: 0.048
episode > 5 success: 0.78%
episode SPL > 5: 0.002
nb episode > 5: 128

episode #0 ends after 3 steps
episode #1 ends after 2 steps
episode #2 ends after 4 steps
episode #3 ends after 2 steps
episode #4 ends after 14 steps
episode #5 ends after 1 steps
episode #6 ends after 3 steps
episode #7 ends after 13 steps
episode #8 ends after 5 steps
episode #9 ends after 3 steps
episode #10 ends after 18 steps
episode #11 ends after 3 steps
episode #12 ends after 16 steps
episode #13 ends after 18 steps
episode #14 ends after 8 steps
episode #15 ends after 4 steps
episode #16 ends after 8 steps
episode #17 ends after 21 steps
episode #18 ends after 4 steps
episode #19 ends after 22 steps
episode #20 ends after 2 steps
episode #21 ends after 29 steps
episode #22 ends after 1 steps
episode #23 ends after 16 steps
episode #24 ends after 2 steps
episode #25 ends after 21 steps
episode #26 ends after 20 steps
episode #27 ends after 8 steps
episode #28 ends after 20 steps
episode #29 ends after 27 steps
episode #30 ends after 5 steps
episode #31 ends after 5 steps
episode #32 ends after 23 steps
episode #33 ends after 6 steps
episode #34 ends after 24 steps
episode #35 ends after 2 steps
episode #36 ends after 17 steps
episode #37 ends after 10 steps
episode #38 ends after 11 steps
episode #39 ends after 3 steps
episode #40 ends after 23 steps
episode #41 ends after 2 steps
episode #42 ends after 3 steps
episode #43 ends after 2 steps
episode #44 ends after 3 steps
episode #45 ends after 2 steps
episode #46 ends after 6 steps
episode #47 ends after 11 steps
episode #48 ends after 1 steps
episode #49 ends after 4 steps
episode #50 ends after 13 steps
episode #51 ends after 34 steps
episode #52 ends after 34 steps
episode #53 ends after 2 steps
episode #54 ends after 6 steps
episode #55 ends after 5 steps
episode #56 ends after 1 steps
episode #57 ends after 3 steps
episode #58 ends after 2 steps
episode #59 ends after 23 steps
episode #60 ends after 10 steps
episode #61 ends after 14 steps
episode #62 ends after 13 steps
episode #63 ends after 14 steps
episode #64 ends after 11 steps
episode #65 ends after 3 steps
episode #66 ends after 4 steps
episode #67 ends after 5 steps
episode #68 ends after 6 steps
episode #69 ends after 1 steps
episode #70 ends after 5 steps
episode #71 ends after 22 steps
episode #72 ends after 13 steps
episode #73 ends after 20 steps
episode #74 ends after 3 steps
episode #75 ends after 5 steps
episode #76 ends after 21 steps
episode #77 ends after 2 steps
episode #78 ends after 12 steps
episode #79 ends after 18 steps
episode #80 ends after 9 steps
episode #81 ends after 5 steps
episode #82 ends after 4 steps
episode #83 ends after 7 steps
episode #84 ends after 11 steps
episode #85 ends after 2 steps
episode #86 ends after 5 steps
episode #87 ends after 4 steps
episode #88 ends after 7 steps
episode #89 ends after 20 steps
episode #90 ends after 1 steps
episode #91 ends after 7 steps
episode #92 ends after 4 steps
episode #93 ends after 4 steps
episode #94 ends after 1 steps
episode #95 ends after 21 steps
episode #96 ends after 4 steps
episode #97 ends after 4 steps
episode #98 ends after 7 steps
episode #99 ends after 21 steps
episode #100 ends after 7 steps
episode #101 ends after 17 steps
episode #102 ends after 6 steps
episode #103 ends after 12 steps
episode #104 ends after 17 steps
episode #105 ends after 3 steps
episode #106 ends after 5 steps
episode #107 ends after 24 steps
episode #108 ends after 15 steps
episode #109 ends after 33 steps
episode #110 ends after 21 steps
episode #111 ends after 3 steps
episode #112 ends after 7 steps
episode #113 ends after 26 steps
episode #114 ends after 2 steps
episode #115 ends after 41 steps
episode #116 ends after 2 steps
episode #117 ends after 39 steps
episode #118 ends after 24 steps
episode #119 ends after 7 steps
episode #120 ends after 18 steps
episode #121 ends after 5 steps
episode #122 ends after 4 steps
episode #123 ends after 26 steps
episode #124 ends after 27 steps
episode #125 ends after 4 steps
episode #126 ends after 19 steps
episode #127 ends after 18 steps
episode #128 ends after 7 steps
episode #129 ends after 4 steps
episode #130 ends after 4 steps
episode #131 ends after 2 steps
episode #132 ends after 3 steps
episode #133 ends after 2 steps
episode #134 ends after 9 steps
episode #135 ends after 7 steps
episode #136 ends after 11 steps
episode #137 ends after 4 steps
episode #138 ends after 17 steps
episode #139 ends after 3 steps
episode #140 ends after 2 steps
episode #141 ends after 30 steps
episode #142 ends after 30 steps
episode #143 ends after 3 steps
episode #144 ends after 3 steps
episode #145 ends after 7 steps
episode #146 ends after 6 steps
episode #147 ends after 3 steps
episode #148 ends after 20 steps
episode #149 ends after 3 steps
episode #150 ends after 5 steps
episode #151 ends after 13 steps
episode #152 ends after 5 steps
episode #153 ends after 41 steps
episode #154 ends after 1 steps
episode #155 ends after 6 steps
episode #156 ends after 26 steps
episode #157 ends after 19 steps
episode #158 ends after 19 steps
episode #159 ends after 11 steps
episode #160 ends after 16 steps
episode #161 ends after 10 steps
episode #162 ends after 5 steps
episode #163 ends after 14 steps
episode #164 ends after 15 steps
episode #165 ends after 2 steps
episode #166 ends after 5 steps
episode #167 ends after 7 steps
episode #168 ends after 1 steps
episode #169 ends after 27 steps
episode #170 ends after 6 steps
episode #171 ends after 5 steps
episode #172 ends after 3 steps
episode #173 ends after 11 steps
episode #174 ends after 23 steps
episode #175 ends after 22 steps
episode #176 ends after 4 steps
episode #177 ends after 27 steps
episode #178 ends after 3 steps
episode #179 ends after 23 steps
episode #180 ends after 5 steps
episode #181 ends after 4 steps
episode #182 ends after 3 steps
episode #183 ends after 2 steps
episode #184 ends after 1 steps
episode #185 ends after 4 steps
episode #186 ends after 5 steps
episode #187 ends after 27 steps
episode #188 ends after 19 steps
episode #189 ends after 1 steps
episode #190 ends after 5 steps
episode #191 ends after 4 steps
episode #192 ends after 38 steps
episode #193 ends after 6 steps
episode #194 ends after 7 steps
episode #195 ends after 7 steps
episode #196 ends after 15 steps
episode #197 ends after 24 steps
episode #198 ends after 5 steps
episode #199 ends after 18 steps
episode #200 ends after 27 steps
episode #201 ends after 9 steps
episode #202 ends after 2 steps
episode #203 ends after 2 steps
episode #204 ends after 7 steps
episode #205 ends after 7 steps
episode #206 ends after 17 steps
episode #207 ends after 2 steps
episode #208 ends after 15 steps
episode #209 ends after 23 steps
episode #210 ends after 23 steps
episode #211 ends after 19 steps
episode #212 ends after 40 steps
episode #213 ends after 14 steps
episode #214 ends after 19 steps
episode #215 ends after 9 steps
episode #216 ends after 3 steps
episode #217 ends after 2 steps
episode #218 ends after 14 steps
episode #219 ends after 5 steps
episode #220 ends after 16 steps
episode #221 ends after 12 steps
episode #222 ends after 25 steps
episode #223 ends after 5 steps
episode #224 ends after 16 steps
episode #225 ends after 15 steps
episode #226 ends after 15 steps
episode #227 ends after 2 steps
episode #228 ends after 5 steps
episode #229 ends after 5 steps
episode #230 ends after 3 steps
episode #231 ends after 1 steps
episode #232 ends after 7 steps
episode #233 ends after 13 steps
episode #234 ends after 5 steps
episode #235 ends after 3 steps
episode #236 ends after 16 steps
episode #237 ends after 4 steps
episode #238 ends after 2 steps
episode #239 ends after 3 steps
episode #240 ends after 8 steps
episode #241 ends after 3 steps
episode #242 ends after 17 steps
episode #243 ends after 2 steps
episode #244 ends after 1 steps
episode #245 ends after 20 steps
episode #246 ends after 3 steps
episode #247 ends after 22 steps
episode #248 ends after 3 steps
episode #249 ends after 4 steps
evaluation: FloorPlan4 {'object': 'Bowl'}
mean episode reward: 1.02
mean episode length: 10.62
mean episode collision: 3.09
episode success: 20.00%
episode SPL: 0.060
episode > 5 success: 5.00%
episode SPL > 5: 0.011
nb episode > 5: 20

episode #0 ends after 32 steps
episode #1 ends after 57 steps
episode #2 ends after 300 steps
episode #3 ends after 134 steps
episode #4 ends after 7 steps
episode #5 ends after 9 steps
episode #6 ends after 201 steps
episode #7 ends after 18 steps
episode #8 ends after 300 steps
episode #9 ends after 202 steps
episode #10 ends after 81 steps
episode #11 ends after 34 steps
episode #12 ends after 7 steps
episode #13 ends after 261 steps
episode #14 ends after 5 steps
episode #15 ends after 2 steps
episode #16 ends after 140 steps
episode #17 ends after 299 steps
episode #18 ends after 5 steps
episode #19 ends after 32 steps
episode #20 ends after 3 steps
episode #21 ends after 136 steps
episode #22 ends after 26 steps
episode #23 ends after 53 steps
episode #24 ends after 34 steps
episode #25 ends after 32 steps
episode #26 ends after 2 steps
episode #27 ends after 19 steps
episode #28 ends after 5 steps
episode #29 ends after 151 steps
episode #30 ends after 300 steps
episode #31 ends after 106 steps
episode #32 ends after 4 steps
episode #33 ends after 263 steps
episode #34 ends after 13 steps
episode #35 ends after 121 steps
episode #36 ends after 27 steps
episode #37 ends after 5 steps
episode #38 ends after 31 steps
episode #39 ends after 5 steps
episode #40 ends after 300 steps
episode #41 ends after 25 steps
episode #42 ends after 36 steps
episode #43 ends after 4 steps
episode #44 ends after 139 steps
episode #45 ends after 300 steps
episode #46 ends after 295 steps
episode #47 ends after 9 steps
episode #48 ends after 300 steps
episode #49 ends after 5 steps
episode #50 ends after 78 steps
episode #51 ends after 2 steps
episode #52 ends after 300 steps
episode #53 ends after 17 steps
episode #54 ends after 7 steps
episode #55 ends after 21 steps
episode #56 ends after 49 steps
episode #57 ends after 300 steps
episode #58 ends after 24 steps
episode #59 ends after 108 steps
episode #60 ends after 80 steps
episode #61 ends after 43 steps
episode #62 ends after 6 steps
episode #63 ends after 300 steps
episode #64 ends after 300 steps
episode #65 ends after 42 steps
episode #66 ends after 5 steps
episode #67 ends after 4 steps
episode #68 ends after 24 steps
episode #69 ends after 4 steps
episode #70 ends after 42 steps
episode #71 ends after 5 steps
episode #72 ends after 20 steps
episode #73 ends after 5 steps
episode #74 ends after 23 steps
episode #75 ends after 212 steps
episode #76 ends after 300 steps
episode #77 ends after 15 steps
episode #78 ends after 169 steps
episode #79 ends after 6 steps
episode #80 ends after 197 steps
episode #81 ends after 3 steps
episode #82 ends after 3 steps
episode #83 ends after 19 steps
episode #84 ends after 6 steps
episode #85 ends after 20 steps
episode #86 ends after 5 steps
episode #87 ends after 32 steps
episode #88 ends after 31 steps
episode #89 ends after 212 steps
episode #90 ends after 17 steps
episode #91 ends after 12 steps
episode #92 ends after 300 steps
episode #93 ends after 11 steps
episode #94 ends after 300 steps
episode #95 ends after 3 steps
episode #96 ends after 263 steps
episode #97 ends after 80 steps
episode #98 ends after 300 steps
episode #99 ends after 16 steps
episode #100 ends after 72 steps
episode #101 ends after 105 steps
episode #102 ends after 295 steps
episode #103 ends after 300 steps
episode #104 ends after 58 steps
episode #105 ends after 284 steps
episode #106 ends after 36 steps
episode #107 ends after 3 steps
episode #108 ends after 78 steps
episode #109 ends after 17 steps
episode #110 ends after 79 steps
episode #111 ends after 54 steps
episode #112 ends after 66 steps
episode #113 ends after 300 steps
episode #114 ends after 300 steps
episode #115 ends after 70 steps
episode #116 ends after 72 steps
episode #117 ends after 18 steps
episode #118 ends after 62 steps
episode #119 ends after 38 steps
episode #120 ends after 63 steps
episode #121 ends after 26 steps
episode #122 ends after 24 steps
episode #123 ends after 300 steps
episode #124 ends after 38 steps
episode #125 ends after 300 steps
episode #126 ends after 300 steps
episode #127 ends after 63 steps
episode #128 ends after 242 steps
episode #129 ends after 300 steps
episode #130 ends after 51 steps
episode #131 ends after 93 steps
episode #132 ends after 1 steps
episode #133 ends after 76 steps
episode #134 ends after 4 steps
episode #135 ends after 18 steps
episode #136 ends after 136 steps
episode #137 ends after 41 steps
episode #138 ends after 4 steps
episode #139 ends after 91 steps
episode #140 ends after 206 steps
episode #141 ends after 53 steps
episode #142 ends after 115 steps
episode #143 ends after 6 steps
episode #144 ends after 300 steps
episode #145 ends after 157 steps
episode #146 ends after 61 steps
episode #147 ends after 48 steps
episode #148 ends after 230 steps
episode #149 ends after 4 steps
episode #150 ends after 3 steps
episode #151 ends after 17 steps
episode #152 ends after 46 steps
episode #153 ends after 4 steps
episode #154 ends after 263 steps
episode #155 ends after 98 steps
episode #156 ends after 188 steps
episode #157 ends after 92 steps
episode #158 ends after 6 steps
episode #159 ends after 4 steps
episode #160 ends after 30 steps
episode #161 ends after 51 steps
episode #162 ends after 4 steps
episode #163 ends after 36 steps
episode #164 ends after 269 steps
episode #165 ends after 32 steps
episode #166 ends after 300 steps
episode #167 ends after 58 steps
episode #168 ends after 243 steps
episode #169 ends after 300 steps
episode #170 ends after 5 steps
episode #171 ends after 300 steps
episode #172 ends after 79 steps
episode #173 ends after 300 steps
episode #174 ends after 50 steps
episode #175 ends after 300 steps
episode #176 ends after 300 steps
episode #177 ends after 25 steps
episode #178 ends after 90 steps
episode #179 ends after 5 steps
episode #180 ends after 3 steps
episode #181 ends after 189 steps
episode #182 ends after 4 steps
episode #183 ends after 11 steps
episode #184 ends after 52 steps
episode #185 ends after 202 steps
episode #186 ends after 24 steps
episode #187 ends after 40 steps
episode #188 ends after 85 steps
episode #189 ends after 121 steps
episode #190 ends after 4 steps
episode #191 ends after 6 steps
episode #192 ends after 5 steps
episode #193 ends after 51 steps
episode #194 ends after 24 steps
episode #195 ends after 134 steps
episode #196 ends after 29 steps
episode #197 ends after 65 steps
episode #198 ends after 72 steps
episode #199 ends after 300 steps
episode #200 ends after 14 steps
episode #201 ends after 38 steps
episode #202 ends after 147 steps
episode #203 ends after 42 steps
episode #204 ends after 28 steps
episode #205 ends after 2 steps
episode #206 ends after 235 steps
episode #207 ends after 87 steps
episode #208 ends after 166 steps
episode #209 ends after 176 steps
episode #210 ends after 5 steps
episode #211 ends after 42 steps
episode #212 ends after 300 steps
episode #213 ends after 300 steps
episode #214 ends after 300 steps
episode #215 ends after 154 steps
episode #216 ends after 155 steps
episode #217 ends after 21 steps
episode #218 ends after 300 steps
episode #219 ends after 300 steps
episode #220 ends after 300 steps
episode #221 ends after 5 steps
episode #222 ends after 19 steps
episode #223 ends after 84 steps
episode #224 ends after 283 steps
episode #225 ends after 32 steps
episode #226 ends after 23 steps
episode #227 ends after 201 steps
episode #228 ends after 128 steps
episode #229 ends after 100 steps
episode #230 ends after 31 steps
episode #231 ends after 300 steps
episode #232 ends after 3 steps
episode #233 ends after 300 steps
episode #234 ends after 80 steps
episode #235 ends after 79 steps
episode #236 ends after 8 steps
episode #237 ends after 73 steps
episode #238 ends after 24 steps
episode #239 ends after 75 steps
episode #240 ends after 45 steps
episode #241 ends after 300 steps
episode #242 ends after 33 steps
episode #243 ends after 5 steps
episode #244 ends after 267 steps
episode #245 ends after 68 steps
episode #246 ends after 2 steps
episode #247 ends after 77 steps
episode #248 ends after 178 steps
episode #249 ends after 1 steps
evaluation: FloorPlan4 {'object': 'Microwave'}
mean episode reward: -0.02
mean episode length: 102.92
mean episode collision: 70.70
episode success: 12.00%
episode SPL: 0.031
episode > 5 success: 0.00%
episode SPL > 5: 0.000
nb episode > 5: 18

episode #0 ends after 5 steps
episode #1 ends after 1 steps
episode #2 ends after 2 steps
episode #3 ends after 3 steps
episode #4 ends after 13 steps
episode #5 ends after 9 steps
episode #6 ends after 2 steps
episode #7 ends after 12 steps
episode #8 ends after 2 steps
episode #9 ends after 4 steps
episode #10 ends after 15 steps
episode #11 ends after 10 steps
episode #12 ends after 5 steps
episode #13 ends after 2 steps
episode #14 ends after 18 steps
episode #15 ends after 17 steps
episode #16 ends after 6 steps
episode #17 ends after 3 steps
episode #18 ends after 9 steps
episode #19 ends after 12 steps
episode #20 ends after 2 steps
episode #21 ends after 3 steps
episode #22 ends after 4 steps
episode #23 ends after 8 steps
episode #24 ends after 6 steps
episode #25 ends after 17 steps
episode #26 ends after 14 steps
episode #27 ends after 9 steps
episode #28 ends after 3 steps
episode #29 ends after 5 steps
episode #30 ends after 17 steps
episode #31 ends after 4 steps
episode #32 ends after 14 steps
episode #33 ends after 7 steps
episode #34 ends after 4 steps
episode #35 ends after 1 steps
episode #36 ends after 5 steps
episode #37 ends after 5 steps
episode #38 ends after 15 steps
episode #39 ends after 3 steps
episode #40 ends after 12 steps
episode #41 ends after 8 steps
episode #42 ends after 5 steps
episode #43 ends after 2 steps
episode #44 ends after 4 steps
episode #45 ends after 13 steps
episode #46 ends after 14 steps
episode #47 ends after 5 steps
episode #48 ends after 3 steps
episode #49 ends after 3 steps
episode #50 ends after 16 steps
episode #51 ends after 16 steps
episode #52 ends after 3 steps
episode #53 ends after 2 steps
episode #54 ends after 15 steps
episode #55 ends after 5 steps
episode #56 ends after 20 steps
episode #57 ends after 4 steps
episode #58 ends after 3 steps
episode #59 ends after 14 steps
episode #60 ends after 3 steps
episode #61 ends after 10 steps
episode #62 ends after 4 steps
episode #63 ends after 4 steps
episode #64 ends after 3 steps
episode #65 ends after 10 steps
episode #66 ends after 17 steps
episode #67 ends after 4 steps
episode #68 ends after 5 steps
episode #69 ends after 4 steps
episode #70 ends after 9 steps
episode #71 ends after 4 steps
episode #72 ends after 11 steps
episode #73 ends after 6 steps
episode #74 ends after 18 steps
episode #75 ends after 8 steps
episode #76 ends after 4 steps
episode #77 ends after 4 steps
episode #78 ends after 5 steps
episode #79 ends after 3 steps
episode #80 ends after 2 steps
episode #81 ends after 3 steps
episode #82 ends after 10 steps
episode #83 ends after 4 steps
episode #84 ends after 13 steps
episode #85 ends after 5 steps
episode #86 ends after 13 steps
episode #87 ends after 2 steps
episode #88 ends after 6 steps
episode #89 ends after 12 steps
episode #90 ends after 14 steps
episode #91 ends after 2 steps
episode #92 ends after 15 steps
episode #93 ends after 9 steps
episode #94 ends after 25 steps
episode #95 ends after 3 steps
episode #96 ends after 5 steps
episode #97 ends after 9 steps
episode #98 ends after 2 steps
episode #99 ends after 8 steps
episode #100 ends after 8 steps
episode #101 ends after 3 steps
episode #102 ends after 12 steps
episode #103 ends after 2 steps
episode #104 ends after 4 steps
episode #105 ends after 14 steps
episode #106 ends after 9 steps
episode #107 ends after 17 steps
episode #108 ends after 3 steps
episode #109 ends after 13 steps
episode #110 ends after 9 steps
episode #111 ends after 2 steps
episode #112 ends after 4 steps
episode #113 ends after 4 steps
episode #114 ends after 22 steps
episode #115 ends after 3 steps
episode #116 ends after 2 steps
episode #117 ends after 10 steps
episode #118 ends after 4 steps
episode #119 ends after 3 steps
episode #120 ends after 3 steps
episode #121 ends after 2 steps
episode #122 ends after 4 steps
episode #123 ends after 26 steps
episode #124 ends after 3 steps
episode #125 ends after 3 steps
episode #126 ends after 5 steps
episode #127 ends after 17 steps
episode #128 ends after 9 steps
episode #129 ends after 4 steps
episode #130 ends after 4 steps
episode #131 ends after 20 steps
episode #132 ends after 20 steps
episode #133 ends after 7 steps
episode #134 ends after 17 steps
episode #135 ends after 3 steps
episode #136 ends after 11 steps
episode #137 ends after 4 steps
episode #138 ends after 4 steps
episode #139 ends after 18 steps
episode #140 ends after 4 steps
episode #141 ends after 9 steps
episode #142 ends after 11 steps
episode #143 ends after 10 steps
episode #144 ends after 2 steps
episode #145 ends after 3 steps
episode #146 ends after 4 steps
episode #147 ends after 13 steps
episode #148 ends after 15 steps
episode #149 ends after 4 steps
episode #150 ends after 3 steps
episode #151 ends after 9 steps
episode #152 ends after 14 steps
episode #153 ends after 4 steps
episode #154 ends after 5 steps
episode #155 ends after 5 steps
episode #156 ends after 3 steps
episode #157 ends after 4 steps
episode #158 ends after 11 steps
episode #159 ends after 14 steps
episode #160 ends after 5 steps
episode #161 ends after 6 steps
episode #162 ends after 6 steps
episode #163 ends after 9 steps
episode #164 ends after 6 steps
episode #165 ends after 3 steps
episode #166 ends after 4 steps
episode #167 ends after 13 steps
episode #168 ends after 1 steps
episode #169 ends after 4 steps
episode #170 ends after 14 steps
episode #171 ends after 3 steps
episode #172 ends after 3 steps
episode #173 ends after 7 steps
episode #174 ends after 2 steps
episode #175 ends after 3 steps
episode #176 ends after 13 steps
episode #177 ends after 15 steps
episode #178 ends after 17 steps
episode #179 ends after 17 steps
episode #180 ends after 2 steps
episode #181 ends after 3 steps
episode #182 ends after 2 steps
episode #183 ends after 12 steps
episode #184 ends after 2 steps
episode #185 ends after 13 steps
episode #186 ends after 7 steps
episode #187 ends after 5 steps
episode #188 ends after 4 steps
episode #189 ends after 15 steps
episode #190 ends after 9 steps
episode #191 ends after 2 steps
episode #192 ends after 12 steps
episode #193 ends after 5 steps
episode #194 ends after 14 steps
episode #195 ends after 4 steps
episode #196 ends after 9 steps
episode #197 ends after 4 steps
episode #198 ends after 10 steps
episode #199 ends after 21 steps
episode #200 ends after 5 steps
episode #201 ends after 2 steps
episode #202 ends after 9 steps
episode #203 ends after 8 steps
episode #204 ends after 3 steps
episode #205 ends after 3 steps
episode #206 ends after 3 steps
episode #207 ends after 3 steps
episode #208 ends after 8 steps
episode #209 ends after 14 steps
episode #210 ends after 11 steps
episode #211 ends after 4 steps
episode #212 ends after 13 steps
episode #213 ends after 2 steps
episode #214 ends after 6 steps
episode #215 ends after 1 steps
episode #216 ends after 4 steps
episode #217 ends after 3 steps
episode #218 ends after 21 steps
episode #219 ends after 27 steps
episode #220 ends after 5 steps
episode #221 ends after 3 steps
episode #222 ends after 5 steps
episode #223 ends after 13 steps
episode #224 ends after 2 steps
episode #225 ends after 6 steps
episode #226 ends after 3 steps
episode #227 ends after 5 steps
episode #228 ends after 22 steps
episode #229 ends after 4 steps
episode #230 ends after 3 steps
episode #231 ends after 6 steps
episode #232 ends after 3 steps
episode #233 ends after 24 steps
episode #234 ends after 9 steps
episode #235 ends after 3 steps
episode #236 ends after 8 steps
episode #237 ends after 12 steps
episode #238 ends after 12 steps
episode #239 ends after 19 steps
episode #240 ends after 5 steps
episode #241 ends after 2 steps
episode #242 ends after 13 steps
episode #243 ends after 13 steps
episode #244 ends after 21 steps
episode #245 ends after 5 steps
episode #246 ends after 13 steps
episode #247 ends after 10 steps
episode #248 ends after 12 steps
episode #249 ends after 1 steps
evaluation: FloorPlan4 {'object': 'GarbageCan'}
mean episode reward: 3.04
mean episode length: 7.83
mean episode collision: 0.80
episode success: 56.40%
episode SPL: 0.186
episode > 5 success: 0.00%
episode SPL > 5: 0.000
nb episode > 5: 5

episode #0 ends after 143 steps
episode #1 ends after 8 steps
episode #2 ends after 6 steps
episode #3 ends after 33 steps
episode #4 ends after 4 steps
episode #5 ends after 9 steps
episode #6 ends after 30 steps
episode #7 ends after 300 steps
episode #8 ends after 300 steps
episode #9 ends after 3 steps
episode #10 ends after 3 steps
episode #11 ends after 22 steps
episode #12 ends after 5 steps
episode #13 ends after 3 steps
episode #14 ends after 8 steps
episode #15 ends after 10 steps
episode #16 ends after 19 steps
episode #17 ends after 6 steps
episode #18 ends after 35 steps
episode #19 ends after 8 steps
episode #20 ends after 3 steps
episode #21 ends after 272 steps
episode #22 ends after 8 steps
episode #23 ends after 8 steps
episode #24 ends after 300 steps
episode #25 ends after 30 steps
episode #26 ends after 300 steps
episode #27 ends after 4 steps
episode #28 ends after 300 steps
episode #29 ends after 50 steps
episode #30 ends after 48 steps
episode #31 ends after 3 steps
episode #32 ends after 9 steps
episode #33 ends after 5 steps
episode #34 ends after 6 steps
episode #35 ends after 4 steps
episode #36 ends after 98 steps
episode #37 ends after 9 steps
episode #38 ends after 300 steps
episode #39 ends after 4 steps
episode #40 ends after 300 steps
episode #41 ends after 12 steps
episode #42 ends after 300 steps
episode #43 ends after 7 steps
episode #44 ends after 10 steps
episode #45 ends after 6 steps
episode #46 ends after 8 steps
episode #47 ends after 9 steps
episode #48 ends after 20 steps
episode #49 ends after 300 steps
episode #50 ends after 300 steps
episode #51 ends after 300 steps
episode #52 ends after 8 steps
episode #53 ends after 7 steps
episode #54 ends after 2 steps
episode #55 ends after 14 steps
episode #56 ends after 10 steps
episode #57 ends after 5 steps
episode #58 ends after 9 steps
episode #59 ends after 8 steps
episode #60 ends after 5 steps
episode #61 ends after 3 steps
episode #62 ends after 300 steps
episode #63 ends after 7 steps
episode #64 ends after 4 steps
episode #65 ends after 6 steps
episode #66 ends after 19 steps
episode #67 ends after 300 steps
episode #68 ends after 21 steps
episode #69 ends after 2 steps
episode #70 ends after 20 steps
episode #71 ends after 2 steps
episode #72 ends after 18 steps
episode #73 ends after 20 steps
episode #74 ends after 4 steps
episode #75 ends after 44 steps
episode #76 ends after 20 steps
episode #77 ends after 21 steps
episode #78 ends after 6 steps
episode #79 ends after 12 steps
episode #80 ends after 47 steps
episode #81 ends after 4 steps
episode #82 ends after 4 steps
episode #83 ends after 300 steps
episode #84 ends after 10 steps
episode #85 ends after 9 steps
episode #86 ends after 9 steps
episode #87 ends after 10 steps
episode #88 ends after 12 steps
episode #89 ends after 4 steps
episode #90 ends after 6 steps
episode #91 ends after 300 steps
episode #92 ends after 300 steps
episode #93 ends after 7 steps
episode #94 ends after 300 steps
episode #95 ends after 3 steps
episode #96 ends after 41 steps
episode #97 ends after 45 steps
episode #98 ends after 128 steps
episode #99 ends after 4 steps
episode #100 ends after 300 steps
episode #101 ends after 17 steps
episode #102 ends after 24 steps
episode #103 ends after 9 steps
episode #104 ends after 10 steps
episode #105 ends after 2 steps
episode #106 ends after 5 steps
episode #107 ends after 102 steps
episode #108 ends after 155 steps
episode #109 ends after 71 steps
episode #110 ends after 24 steps
episode #111 ends after 300 steps
episode #112 ends after 9 steps
episode #113 ends after 9 steps
episode #114 ends after 300 steps
episode #115 ends after 7 steps
episode #116 ends after 38 steps
episode #117 ends after 8 steps
episode #118 ends after 300 steps
episode #119 ends after 7 steps
episode #120 ends after 291 steps
episode #121 ends after 63 steps
episode #122 ends after 5 steps
episode #123 ends after 300 steps
episode #124 ends after 9 steps
episode #125 ends after 27 steps
episode #126 ends after 10 steps
episode #127 ends after 11 steps
episode #128 ends after 17 steps
episode #129 ends after 22 steps
episode #130 ends after 6 steps
episode #131 ends after 5 steps
episode #132 ends after 155 steps
episode #133 ends after 21 steps
episode #134 ends after 4 steps
episode #135 ends after 5 steps
episode #136 ends after 136 steps
episode #137 ends after 4 steps
episode #138 ends after 8 steps
episode #139 ends after 18 steps
episode #140 ends after 5 steps
episode #141 ends after 4 steps
episode #142 ends after 23 steps
episode #143 ends after 7 steps
episode #144 ends after 300 steps
episode #145 ends after 300 steps
episode #146 ends after 300 steps
episode #147 ends after 38 steps
episode #148 ends after 5 steps
episode #149 ends after 6 steps
episode #150 ends after 11 steps
episode #151 ends after 22 steps
episode #152 ends after 223 steps
episode #153 ends after 147 steps
episode #154 ends after 300 steps
episode #155 ends after 7 steps
episode #156 ends after 300 steps
episode #157 ends after 3 steps
episode #158 ends after 300 steps
episode #159 ends after 8 steps
episode #160 ends after 300 steps
episode #161 ends after 237 steps
episode #162 ends after 10 steps
episode #163 ends after 23 steps
episode #164 ends after 42 steps
episode #165 ends after 48 steps
episode #166 ends after 29 steps
episode #167 ends after 3 steps
episode #168 ends after 5 steps
episode #169 ends after 300 steps
episode #170 ends after 5 steps
episode #171 ends after 12 steps
episode #172 ends after 3 steps
episode #173 ends after 7 steps
episode #174 ends after 20 steps
episode #175 ends after 55 steps
episode #176 ends after 6 steps
episode #177 ends after 22 steps
episode #178 ends after 8 steps
episode #179 ends after 6 steps
episode #180 ends after 5 steps
episode #181 ends after 56 steps
episode #182 ends after 5 steps
episode #183 ends after 4 steps
episode #184 ends after 43 steps
episode #185 ends after 6 steps
episode #186 ends after 300 steps
episode #187 ends after 5 steps
episode #188 ends after 18 steps
episode #189 ends after 3 steps
episode #190 ends after 21 steps
episode #191 ends after 8 steps
episode #192 ends after 300 steps
episode #193 ends after 300 steps
episode #194 ends after 8 steps
episode #195 ends after 28 steps
episode #196 ends after 300 steps
episode #197 ends after 47 steps
episode #198 ends after 4 steps
episode #199 ends after 3 steps
episode #200 ends after 4 steps
episode #201 ends after 300 steps
episode #202 ends after 4 steps
episode #203 ends after 7 steps
episode #204 ends after 21 steps
episode #205 ends after 6 steps
episode #206 ends after 8 steps
episode #207 ends after 30 steps
episode #208 ends after 5 steps
episode #209 ends after 13 steps
episode #210 ends after 21 steps
episode #211 ends after 300 steps
episode #212 ends after 89 steps
episode #213 ends after 3 steps
episode #214 ends after 9 steps
episode #215 ends after 267 steps
episode #216 ends after 6 steps
episode #217 ends after 6 steps
episode #218 ends after 180 steps
episode #219 ends after 300 steps
episode #220 ends after 300 steps
episode #221 ends after 6 steps
episode #222 ends after 7 steps
episode #223 ends after 44 steps
episode #224 ends after 2 steps
episode #225 ends after 4 steps
episode #226 ends after 5 steps
episode #227 ends after 30 steps
episode #228 ends after 300 steps
episode #229 ends after 161 steps
episode #230 ends after 6 steps
episode #231 ends after 5 steps
episode #232 ends after 6 steps
episode #233 ends after 22 steps
episode #234 ends after 300 steps
episode #235 ends after 4 steps
episode #236 ends after 8 steps
episode #237 ends after 5 steps
episode #238 ends after 5 steps
episode #239 ends after 48 steps
episode #240 ends after 6 steps
episode #241 ends after 5 steps
episode #242 ends after 20 steps
episode #243 ends after 60 steps
episode #244 ends after 300 steps
episode #245 ends after 3 steps
episode #246 ends after 9 steps
episode #247 ends after 5 steps
episode #248 ends after 300 steps
episode #249 ends after 19 steps
evaluation: FloorPlan4 {'object': 'Fridge'}
mean episode reward: 4.53
mean episode length: 72.12
mean episode collision: 57.57
episode success: 73.20%
episode SPL: 0.137
episode > 5 success: 0.00%
episode SPL > 5: 99999.000
nb episode > 5: 1

episode #0 ends after 1 steps
episode #1 ends after 17 steps
episode #2 ends after 36 steps
episode #3 ends after 126 steps
episode #4 ends after 12 steps
episode #5 ends after 14 steps
episode #6 ends after 13 steps
episode #7 ends after 2 steps
episode #8 ends after 15 steps
episode #9 ends after 25 steps
episode #10 ends after 22 steps
episode #11 ends after 35 steps
episode #12 ends after 18 steps
episode #13 ends after 2 steps
episode #14 ends after 36 steps
episode #15 ends after 1 steps
episode #16 ends after 3 steps
episode #17 ends after 114 steps
episode #18 ends after 70 steps
episode #19 ends after 2 steps
episode #20 ends after 5 steps
episode #21 ends after 74 steps
episode #22 ends after 14 steps
episode #23 ends after 18 steps
episode #24 ends after 212 steps
episode #25 ends after 16 steps
episode #26 ends after 18 steps
episode #27 ends after 3 steps
episode #28 ends after 228 steps
episode #29 ends after 3 steps
episode #30 ends after 19 steps
episode #31 ends after 48 steps
episode #32 ends after 248 steps
episode #33 ends after 3 steps
episode #34 ends after 42 steps
episode #35 ends after 28 steps
episode #36 ends after 60 steps
episode #37 ends after 20 steps
episode #38 ends after 17 steps
episode #39 ends after 4 steps
episode #40 ends after 5 steps
episode #41 ends after 3 steps
episode #42 ends after 3 steps
episode #43 ends after 300 steps
episode #44 ends after 48 steps
episode #45 ends after 11 steps
episode #46 ends after 29 steps
episode #47 ends after 29 steps
episode #48 ends after 300 steps
episode #49 ends after 13 steps
episode #50 ends after 12 steps
episode #51 ends after 19 steps
episode #52 ends after 2 steps
episode #53 ends after 11 steps
episode #54 ends after 4 steps
episode #55 ends after 3 steps
episode #56 ends after 41 steps
episode #57 ends after 49 steps
episode #58 ends after 6 steps
episode #59 ends after 22 steps
episode #60 ends after 74 steps
episode #61 ends after 11 steps
episode #62 ends after 4 steps
episode #63 ends after 101 steps
episode #64 ends after 124 steps
episode #65 ends after 27 steps
episode #66 ends after 17 steps
episode #67 ends after 42 steps
episode #68 ends after 47 steps
episode #69 ends after 14 steps
episode #70 ends after 20 steps
episode #71 ends after 26 steps
episode #72 ends after 111 steps
episode #73 ends after 16 steps
episode #74 ends after 13 steps
episode #75 ends after 12 steps
episode #76 ends after 33 steps
episode #77 ends after 272 steps
episode #78 ends after 53 steps
episode #79 ends after 12 steps
episode #80 ends after 2 steps
episode #81 ends after 10 steps
episode #82 ends after 73 steps
episode #83 ends after 13 steps
episode #84 ends after 7 steps
episode #85 ends after 3 steps
episode #86 ends after 281 steps
episode #87 ends after 10 steps
episode #88 ends after 14 steps
episode #89 ends after 33 steps
episode #90 ends after 15 steps
episode #91 ends after 65 steps
episode #92 ends after 2 steps
episode #93 ends after 161 steps
episode #94 ends after 4 steps
episode #95 ends after 25 steps
episode #96 ends after 4 steps
episode #97 ends after 61 steps
episode #98 ends after 13 steps
episode #99 ends after 4 steps
episode #100 ends after 27 steps
episode #101 ends after 10 steps
episode #102 ends after 72 steps
episode #103 ends after 72 steps
episode #104 ends after 3 steps
episode #105 ends after 47 steps
episode #106 ends after 19 steps
episode #107 ends after 1 steps
episode #108 ends after 192 steps
episode #109 ends after 11 steps
episode #110 ends after 15 steps
episode #111 ends after 11 steps
episode #112 ends after 4 steps
episode #113 ends after 28 steps
episode #114 ends after 1 steps
episode #115 ends after 2 steps
episode #116 ends after 4 steps
episode #117 ends after 106 steps
episode #118 ends after 32 steps
episode #119 ends after 4 steps
episode #120 ends after 1 steps
episode #121 ends after 13 steps
episode #122 ends after 60 steps
episode #123 ends after 71 steps
episode #124 ends after 31 steps
episode #125 ends after 18 steps
episode #126 ends after 31 steps
episode #127 ends after 73 steps
episode #128 ends after 23 steps
episode #129 ends after 12 steps
episode #130 ends after 47 steps
episode #131 ends after 18 steps
episode #132 ends after 20 steps
episode #133 ends after 34 steps
episode #134 ends after 47 steps
episode #135 ends after 47 steps
episode #136 ends after 41 steps
episode #137 ends after 16 steps
episode #138 ends after 22 steps
episode #139 ends after 17 steps
episode #140 ends after 25 steps
episode #141 ends after 5 steps
episode #142 ends after 4 steps
episode #143 ends after 77 steps
episode #144 ends after 3 steps
episode #145 ends after 84 steps
episode #146 ends after 51 steps
episode #147 ends after 61 steps
episode #148 ends after 12 steps
episode #149 ends after 21 steps
episode #150 ends after 300 steps
episode #151 ends after 4 steps
episode #152 ends after 20 steps
episode #153 ends after 42 steps
episode #154 ends after 9 steps
episode #155 ends after 2 steps
episode #156 ends after 31 steps
episode #157 ends after 15 steps
episode #158 ends after 18 steps
episode #159 ends after 12 steps
episode #160 ends after 19 steps
episode #161 ends after 106 steps
episode #162 ends after 123 steps
episode #163 ends after 5 steps
episode #164 ends after 3 steps
episode #165 ends after 41 steps
episode #166 ends after 6 steps
episode #167 ends after 7 steps
episode #168 ends after 171 steps
episode #169 ends after 3 steps
episode #170 ends after 20 steps
episode #171 ends after 2 steps
episode #172 ends after 23 steps
episode #173 ends after 5 steps
episode #174 ends after 28 steps
episode #175 ends after 33 steps
episode #176 ends after 12 steps
episode #177 ends after 27 steps
episode #178 ends after 16 steps
episode #179 ends after 41 steps
episode #180 ends after 53 steps
episode #181 ends after 37 steps
episode #182 ends after 79 steps
episode #183 ends after 190 steps
episode #184 ends after 2 steps
episode #185 ends after 13 steps
episode #186 ends after 26 steps
episode #187 ends after 6 steps
episode #188 ends after 4 steps
episode #189 ends after 34 steps
episode #190 ends after 95 steps
episode #191 ends after 5 steps
episode #192 ends after 42 steps
episode #193 ends after 31 steps
episode #194 ends after 17 steps
episode #195 ends after 2 steps
episode #196 ends after 23 steps
episode #197 ends after 74 steps
episode #198 ends after 38 steps
episode #199 ends after 44 steps
episode #200 ends after 31 steps
episode #201 ends after 14 steps
episode #202 ends after 20 steps
episode #203 ends after 119 steps
episode #204 ends after 300 steps
episode #205 ends after 2 steps
episode #206 ends after 4 steps
episode #207 ends after 30 steps
episode #208 ends after 7 steps
episode #209 ends after 4 steps
episode #210 ends after 26 steps
episode #211 ends after 3 steps
episode #212 ends after 5 steps
episode #213 ends after 300 steps
episode #214 ends after 4 steps
episode #215 ends after 13 steps
episode #216 ends after 93 steps
episode #217 ends after 8 steps
episode #218 ends after 4 steps
episode #219 ends after 2 steps
episode #220 ends after 15 steps
episode #221 ends after 7 steps
episode #222 ends after 49 steps
episode #223 ends after 24 steps
episode #224 ends after 24 steps
episode #225 ends after 117 steps
episode #226 ends after 34 steps
episode #227 ends after 32 steps
episode #228 ends after 69 steps
episode #229 ends after 3 steps
episode #230 ends after 12 steps
episode #231 ends after 34 steps
episode #232 ends after 19 steps
episode #233 ends after 1 steps
episode #234 ends after 105 steps
episode #235 ends after 35 steps
episode #236 ends after 300 steps
episode #237 ends after 42 steps
episode #238 ends after 14 steps
episode #239 ends after 28 steps
episode #240 ends after 28 steps
episode #241 ends after 20 steps
episode #242 ends after 222 steps
episode #243 ends after 20 steps
episode #244 ends after 160 steps
episode #245 ends after 14 steps
episode #246 ends after 9 steps
episode #247 ends after 47 steps
episode #248 ends after 60 steps
episode #249 ends after 300 steps
evaluation: FloorPlan4 {'object': 'CoffeeMachine'}
mean episode reward: 0.62
mean episode length: 43.28
mean episode collision: 17.38
episode success: 16.40%
episode SPL: 0.033
episode > 5 success: 0.00%
episode SPL > 5: 0.000
nb episode > 5: 43

episode #0 ends after 3 steps
episode #1 ends after 128 steps
episode #2 ends after 2 steps
episode #3 ends after 6 steps
episode #4 ends after 6 steps
episode #5 ends after 4 steps
episode #6 ends after 11 steps
episode #7 ends after 6 steps
episode #8 ends after 4 steps
episode #9 ends after 3 steps
episode #10 ends after 2 steps
episode #11 ends after 4 steps
episode #12 ends after 6 steps
episode #13 ends after 4 steps
episode #14 ends after 3 steps
episode #15 ends after 4 steps
episode #16 ends after 1 steps
episode #17 ends after 4 steps
episode #18 ends after 5 steps
episode #19 ends after 66 steps
episode #20 ends after 108 steps
episode #21 ends after 13 steps
episode #22 ends after 6 steps
episode #23 ends after 5 steps
episode #24 ends after 4 steps
episode #25 ends after 108 steps
episode #26 ends after 4 steps
episode #27 ends after 1 steps
episode #28 ends after 27 steps
episode #29 ends after 7 steps
episode #30 ends after 3 steps
episode #31 ends after 4 steps
episode #32 ends after 7 steps
episode #33 ends after 142 steps
episode #34 ends after 5 steps
episode #35 ends after 4 steps
episode #36 ends after 5 steps
episode #37 ends after 4 steps
episode #38 ends after 5 steps
episode #39 ends after 4 steps
episode #40 ends after 4 steps
episode #41 ends after 2 steps
episode #42 ends after 3 steps
episode #43 ends after 24 steps
episode #44 ends after 4 steps
episode #45 ends after 5 steps
episode #46 ends after 4 steps
episode #47 ends after 20 steps
episode #48 ends after 4 steps
episode #49 ends after 107 steps
episode #50 ends after 5 steps
episode #51 ends after 1 steps
episode #52 ends after 3 steps
episode #53 ends after 6 steps
episode #54 ends after 3 steps
episode #55 ends after 22 steps
episode #56 ends after 2 steps
episode #57 ends after 4 steps
episode #58 ends after 57 steps
episode #59 ends after 6 steps
episode #60 ends after 2 steps
episode #61 ends after 2 steps
episode #62 ends after 6 steps
episode #63 ends after 3 steps
episode #64 ends after 5 steps
episode #65 ends after 4 steps
episode #66 ends after 5 steps
episode #67 ends after 5 steps
episode #68 ends after 4 steps
episode #69 ends after 3 steps
episode #70 ends after 3 steps
episode #71 ends after 4 steps
episode #72 ends after 4 steps
episode #73 ends after 61 steps
episode #74 ends after 5 steps
episode #75 ends after 23 steps
episode #76 ends after 63 steps
episode #77 ends after 3 steps
episode #78 ends after 11 steps
episode #79 ends after 187 steps
episode #80 ends after 3 steps
episode #81 ends after 5 steps
episode #82 ends after 5 steps
episode #83 ends after 5 steps
episode #84 ends after 27 steps
episode #85 ends after 4 steps
episode #86 ends after 5 steps
episode #87 ends after 3 steps
episode #88 ends after 4 steps
episode #89 ends after 128 steps
episode #90 ends after 2 steps
episode #91 ends after 5 steps
episode #92 ends after 3 steps
episode #93 ends after 3 steps
episode #94 ends after 2 steps
episode #95 ends after 2 steps
episode #96 ends after 3 steps
episode #97 ends after 3 steps
episode #98 ends after 3 steps
episode #99 ends after 10 steps
episode #100 ends after 4 steps
episode #101 ends after 2 steps
episode #102 ends after 7 steps
episode #103 ends after 6 steps
episode #104 ends after 5 steps
episode #105 ends after 4 steps
episode #106 ends after 4 steps
episode #107 ends after 126 steps
episode #108 ends after 6 steps
episode #109 ends after 13 steps
episode #110 ends after 5 steps
episode #111 ends after 18 steps
episode #112 ends after 1 steps
episode #113 ends after 4 steps
episode #114 ends after 10 steps
episode #115 ends after 71 steps
episode #116 ends after 2 steps
episode #117 ends after 66 steps
episode #118 ends after 3 steps
episode #119 ends after 4 steps
episode #120 ends after 3 steps
episode #121 ends after 37 steps
episode #122 ends after 3 steps
episode #123 ends after 3 steps
episode #124 ends after 6 steps
episode #125 ends after 4 steps
episode #126 ends after 3 steps
episode #127 ends after 29 steps
episode #128 ends after 5 steps
episode #129 ends after 24 steps
episode #130 ends after 214 steps
episode #131 ends after 41 steps
episode #132 ends after 24 steps
episode #133 ends after 3 steps
episode #134 ends after 3 steps
episode #135 ends after 17 steps
episode #136 ends after 54 steps
episode #137 ends after 1 steps
episode #138 ends after 14 steps
episode #139 ends after 45 steps
episode #140 ends after 5 steps
episode #141 ends after 6 steps
episode #142 ends after 6 steps
episode #143 ends after 6 steps
episode #144 ends after 31 steps
episode #145 ends after 5 steps
episode #146 ends after 55 steps
episode #147 ends after 5 steps
episode #148 ends after 6 steps
episode #149 ends after 7 steps
episode #150 ends after 2 steps
episode #151 ends after 5 steps
episode #152 ends after 7 steps
episode #153 ends after 4 steps
episode #154 ends after 26 steps
episode #155 ends after 3 steps
episode #156 ends after 5 steps
episode #157 ends after 4 steps
episode #158 ends after 5 steps
episode #159 ends after 3 steps
episode #160 ends after 9 steps
episode #161 ends after 4 steps
episode #162 ends after 6 steps
episode #163 ends after 6 steps
episode #164 ends after 6 steps
episode #165 ends after 11 steps
episode #166 ends after 4 steps
episode #167 ends after 4 steps
episode #168 ends after 2 steps
episode #169 ends after 5 steps
episode #170 ends after 3 steps
episode #171 ends after 80 steps
episode #172 ends after 2 steps
episode #173 ends after 4 steps
episode #174 ends after 3 steps
episode #175 ends after 106 steps
episode #176 ends after 5 steps
episode #177 ends after 45 steps
episode #178 ends after 2 steps
episode #179 ends after 4 steps
episode #180 ends after 4 steps
episode #181 ends after 7 steps
episode #182 ends after 5 steps
episode #183 ends after 6 steps
episode #184 ends after 5 steps
episode #185 ends after 8 steps
episode #186 ends after 2 steps
episode #187 ends after 5 steps
episode #188 ends after 33 steps
episode #189 ends after 5 steps
episode #190 ends after 33 steps
episode #191 ends after 4 steps
episode #192 ends after 2 steps
episode #193 ends after 5 steps
episode #194 ends after 10 steps
episode #195 ends after 4 steps
episode #196 ends after 2 steps
episode #197 ends after 4 steps
episode #198 ends after 85 steps
episode #199 ends after 4 steps
episode #200 ends after 29 steps
episode #201 ends after 4 steps
episode #202 ends after 6 steps
